#
# There is insufficient memory for the Java Runtime Environment to continue.
# Native memory allocation (malloc) failed to allocate 1044816 bytes for Chunk::new
# Possible reasons:
#   The system is out of physical RAM or swap space
#   The process is running with CompressedOops enabled, and the Java Heap may be blocking the growth of the native heap
# Possible solutions:
#   Reduce memory load on the system
#   Increase physical memory or swap space
#   Check if swap backing store is full
#   Decrease Java heap size (-Xmx/-Xms)
#   Decrease number of Java threads
#   Decrease Java thread stack sizes (-Xss)
#   Set larger code cache with -XX:ReservedCodeCacheSize=
#   JVM is running with Zero Based Compressed Oops mode in which the Java heap is
#     placed in the first 32GB address space. The Java Heap base address is the
#     maximum limit for the native heap growth. Please use -XX:HeapBaseMinAddress
#     to set the Java Heap base and to place the Java Heap above 32GB virtual address.
# This output file may be truncated or incomplete.
#
#  Out of Memory Error (arena.cpp:168), pid=26700, tid=29640
#
# JRE version: Java(TM) SE Runtime Environment (21.0.10+8) (build 21.0.10+8-LTS-217)
# Java VM: Java HotSpot(TM) 64-Bit Server VM (21.0.10+8-LTS-217, mixed mode, sharing, tiered, compressed oops, compressed class ptrs, parallel gc, windows-amd64)
# No core dump will be written. Minidumps are not enabled by default on client versions of Windows
#

---------------  S U M M A R Y ------------

Command Line: --add-modules=ALL-SYSTEM --add-opens=java.base/java.util=ALL-UNNAMED --add-opens=java.base/java.lang=ALL-UNNAMED --add-opens=java.base/sun.nio.fs=ALL-UNNAMED -Declipse.application=org.eclipse.jdt.ls.core.id1 -Dosgi.bundles.defaultStartLevel=4 -Declipse.product=org.eclipse.jdt.ls.core.product -Djava.import.generatesMetadataFilesAtProjectRoot=false -DDetectVMInstallationsJob.disabled=true -Dfile.encoding=utf8 -XX:+UseParallelGC -XX:GCTimeRatio=4 -XX:AdaptiveSizePolicyWeight=90 -Dsun.zip.disableMemoryMapping=true -Xmx4G -Xms100m -Xlog:disable -javaagent:c:\Users\ADMIN\.vscode\extensions\redhat.java-1.56.2026081508\lombok\lombok-1.18.39-4050.jar -XX:+HeapDumpOnOutOfMemoryError -XX:HeapDumpPath=c:\Users\ADMIN\AppData\Roaming\Code\User\workspaceStorage\2f3ced25330b29b810992bfdb4be88dd\redhat.java -Daether.dependencyCollector.impl=bf -XX:+UnlockDiagnosticVMOptions -XX:+AllowArchivingWithJavaAgent -XX:+AutoCreateSharedArchive -XX:SharedArchiveFile=c:\Users\ADMIN\AppData\Roaming\Code\User\globalStorage\redhat.java\1.56.2026081508\jdtls.jsa c:\Users\ADMIN\.vscode\extensions\redhat.java-1.56.2026081508\server\plugins\org.eclipse.equinox.launcher_1.8.0.v20260804-1928.jar -configuration c:\Users\ADMIN\AppData\Roaming\Code\User\globalStorage\redhat.java\1.56.2026081508\config_win -data c:\Users\ADMIN\AppData\Roaming\Code\User\workspaceStorage\2f3ced25330b29b810992bfdb4be88dd\redhat.java\jdt_ws --pipe=\\.\pipe\lsp-3545c0aa5097d0b1a1e8708873c17d24-sock

Host: 13th Gen Intel(R) Core(TM) i7-13700H, 20 cores, 15G,  Windows 11 , 64 bit Build 26100 (10.0.26100.9168)
Time: Mon Aug 17 02:34:56 2026 SE Asia Standard Time elapsed time: 2189.077170 seconds (0d 0h 36m 29s)

---------------  T H R E A D  ---------------

Current thread (0x00000218c51f89a0):  JavaThread "C2 CompilerThread1" daemon [_thread_in_native, id=29640, stack(0x0000007c00000000,0x0000007c00100000) (1024K)]


Current CompileTask:
C2:2189078 32262   !   4       org.eclipse.core.internal.localstore.FileSystemResourceManager::allPathsForLocationNonCanonical (481 bytes)

Stack: [0x0000007c00000000,0x0000007c00100000]
Native frames: (J=compiled Java code, j=interpreted, Vv=VM code, C=native code)
V  [jvm.dll+0x6d0b59]
V  [jvm.dll+0x85fd56]
V  [jvm.dll+0x86224e]
V  [jvm.dll+0x862923]
V  [jvm.dll+0x282a16]
V  [jvm.dll+0xc662d]
V  [jvm.dll+0xc6b71]
V  [jvm.dll+0x2f800e]
V  [jvm.dll+0x5fadb7]
V  [jvm.dll+0x2549d7]
V  [jvm.dll+0x254d9d]
V  [jvm.dll+0x24d3cf]
V  [jvm.dll+0x24a84e]
V  [jvm.dll+0x1cacfe]
V  [jvm.dll+0x25a629]
V  [jvm.dll+0x258bb5]
V  [jvm.dll+0x3f4da1]
V  [jvm.dll+0x80a83d]
V  [jvm.dll+0x6cf3fd]
C  [ucrtbase.dll+0x2cd30]
C  [KERNEL32.DLL+0x2ccb7]
C  [ntdll.dll+0xaad6c]


---------------  P R O C E S S  ---------------

Threads class SMR info:
_java_thread_list=0x00000218c55826a0, length=69, elements={
0x00000218ca979d40, 0x00000218eea15fd0, 0x00000218eea18d50, 0x00000218eea242d0,
0x00000218eea261d0, 0x00000218eea27620, 0x00000218eea28ba0, 0x00000218eea361b0,
0x00000218eea3b060, 0x00000218eec7e870, 0x00000218f508dc80, 0x00000218f5580bf0,
0x00000218eebc1d70, 0x00000218f5961580, 0x00000218f59eaa20, 0x00000218f5c91da0,
0x00000218f58efac0, 0x00000218f591d070, 0x00000218eec08ac0, 0x00000218eec09150,
0x00000218eec0a500, 0x00000218eec07710, 0x00000218eec08430, 0x00000218f63efe10,
0x00000218f63eea60, 0x00000218f63ef0f0, 0x00000218f63ed020, 0x00000218f63edd40,
0x00000218f63f04a0, 0x00000218f63ee3d0, 0x00000218f63ed6b0, 0x00000218f63ef780,
0x00000218f63f1850, 0x00000218f63f3920, 0x00000218f63f2c00, 0x00000218f63f2570,
0x00000218f63f1ee0, 0x00000218f63f3290, 0x00000218f63f3fb0, 0x00000218f63f0b30,
0x00000218f63f4640, 0x00000218f63f11c0, 0x00000218f56011a0, 0x00000218f5601830,
0x00000218f55fe3b0, 0x00000218f55ffdf0, 0x00000218f55fea40, 0x00000218f5601ec0,
0x00000218f55ff760, 0x00000218f5603270, 0x00000218f5600480, 0x00000218f5600b10,
0x00000218f5604620, 0x00000218f5604cb0, 0x00000218f5605340, 0x00000218f56059d0,
0x00000218f75ee860, 0x00000218f75f0fc0, 0x00000218f75f1ce0, 0x00000218f75f2370,
0x00000218f75f2a00, 0x00000218f75f3090, 0x00000218f75efc10, 0x00000218eec097e0,
0x00000218f5603900, 0x00000218c6a5ee90, 0x00000218c6a5e800, 0x00000218f6d097f0,
0x00000218c51f89a0
}

Java Threads: ( => current thread )
  0x00000218ca979d40 JavaThread "main"                              [_thread_blocked, id=23120, stack(0x0000007c77400000,0x0000007c77500000) (1024K)]
  0x00000218eea15fd0 JavaThread "Reference Handler"          daemon [_thread_blocked, id=31572, stack(0x0000007c77800000,0x0000007c77900000) (1024K)]
  0x00000218eea18d50 JavaThread "Finalizer"                  daemon [_thread_blocked, id=10992, stack(0x0000007c77900000,0x0000007c77a00000) (1024K)]
  0x00000218eea242d0 JavaThread "Signal Dispatcher"          daemon [_thread_blocked, id=33368, stack(0x0000007c77a00000,0x0000007c77b00000) (1024K)]
  0x00000218eea261d0 JavaThread "Attach Listener"            daemon [_thread_blocked, id=39556, stack(0x0000007c77b00000,0x0000007c77c00000) (1024K)]
  0x00000218eea27620 JavaThread "Service Thread"             daemon [_thread_blocked, id=30268, stack(0x0000007c77c00000,0x0000007c77d00000) (1024K)]
  0x00000218eea28ba0 JavaThread "Monitor Deflation Thread"   daemon [_thread_blocked, id=40648, stack(0x0000007c77d00000,0x0000007c77e00000) (1024K)]
  0x00000218eea361b0 JavaThread "C2 CompilerThread0"         daemon [_thread_in_native, id=39752, stack(0x0000007c77e00000,0x0000007c77f00000) (1024K)]
  0x00000218eea3b060 JavaThread "C1 CompilerThread0"         daemon [_thread_blocked, id=25036, stack(0x0000007c77f00000,0x0000007c78000000) (1024K)]
  0x00000218eec7e870 JavaThread "Common-Cleaner"             daemon [_thread_blocked, id=26344, stack(0x0000007c78300000,0x0000007c78400000) (1024K)]
  0x00000218f508dc80 JavaThread "Notification Thread"        daemon [_thread_blocked, id=16556, stack(0x0000007c78500000,0x0000007c78600000) (1024K)]
  0x00000218f5580bf0 JavaThread "Active Thread: Equinox Container: d9919405-9b37-485b-8496-d841f2cc888a"        [_thread_blocked, id=23008, stack(0x0000007c78d00000,0x0000007c78e00000) (1024K)]
  0x00000218eebc1d70 JavaThread "Refresh Thread: Equinox Container: d9919405-9b37-485b-8496-d841f2cc888a" daemon [_thread_blocked, id=35684, stack(0x0000007c78200000,0x0000007c78300000) (1024K)]
  0x00000218f5961580 JavaThread "Framework Event Dispatcher: Equinox Container: d9919405-9b37-485b-8496-d841f2cc888a" daemon [_thread_blocked, id=20904, stack(0x0000007c78e00000,0x0000007c78f00000) (1024K)]
  0x00000218f59eaa20 JavaThread "Start Level: Equinox Container: d9919405-9b37-485b-8496-d841f2cc888a" daemon [_thread_blocked, id=20616, stack(0x0000007c78f00000,0x0000007c79000000) (1024K)]
  0x00000218f5c91da0 JavaThread "Bundle File Closer"         daemon [_thread_blocked, id=11688, stack(0x0000007c79400000,0x0000007c79500000) (1024K)]
  0x00000218f58efac0 JavaThread "SCR Component Actor"        daemon [_thread_blocked, id=21244, stack(0x0000007c78100000,0x0000007c78200000) (1024K)]
  0x00000218f591d070 JavaThread "Worker-JM"                         [_thread_blocked, id=9328, stack(0x0000007c79000000,0x0000007c79100000) (1024K)]
  0x00000218eec08ac0 JavaThread "JNA Cleaner"                daemon [_thread_blocked, id=33136, stack(0x0000007c79900000,0x0000007c79a00000) (1024K)]
  0x00000218eec09150 JavaThread "Java indexing"              daemon [_thread_blocked, id=29788, stack(0x0000007c79e00000,0x0000007c79f00000) (1024K)]
  0x00000218eec0a500 JavaThread "Worker-2"                          [_thread_blocked, id=27064, stack(0x0000007c7a200000,0x0000007c7a300000) (1024K)]
  0x00000218eec07710 JavaThread "Thread-1"                   daemon [_thread_in_native, id=32744, stack(0x0000007c7a400000,0x0000007c7a500000) (1024K)]
  0x00000218eec08430 JavaThread "Thread-2"                   daemon [_thread_in_native, id=13244, stack(0x0000007c7a500000,0x0000007c7a600000) (1024K)]
  0x00000218f63efe10 JavaThread "Thread-3"                   daemon [_thread_in_native, id=42812, stack(0x0000007c7a600000,0x0000007c7a700000) (1024K)]
  0x00000218f63eea60 JavaThread "Thread-4"                   daemon [_thread_in_native, id=30072, stack(0x0000007c7a700000,0x0000007c7a800000) (1024K)]
  0x00000218f63ef0f0 JavaThread "Thread-5"                   daemon [_thread_in_native, id=3964, stack(0x0000007c7a800000,0x0000007c7a900000) (1024K)]
  0x00000218f63ed020 JavaThread "Thread-6"                   daemon [_thread_in_native, id=21500, stack(0x0000007c7a900000,0x0000007c7aa00000) (1024K)]
  0x00000218f63edd40 JavaThread "Thread-7"                   daemon [_thread_in_native, id=36116, stack(0x0000007c7aa00000,0x0000007c7ab00000) (1024K)]
  0x00000218f63f04a0 JavaThread "Thread-8"                   daemon [_thread_in_native, id=22908, stack(0x0000007c7ab00000,0x0000007c7ac00000) (1024K)]
  0x00000218f63ee3d0 JavaThread "Thread-9"                   daemon [_thread_in_native, id=3124, stack(0x0000007c7ac00000,0x0000007c7ad00000) (1024K)]
  0x00000218f63ed6b0 JavaThread "Thread-10"                  daemon [_thread_in_native, id=21088, stack(0x0000007c7ad00000,0x0000007c7ae00000) (1024K)]
  0x00000218f63ef780 JavaThread "Thread-11"                  daemon [_thread_in_native, id=27084, stack(0x0000007c7ae00000,0x0000007c7af00000) (1024K)]
  0x00000218f63f1850 JavaThread "Thread-12"                  daemon [_thread_in_native, id=15948, stack(0x0000007c7af00000,0x0000007c7b000000) (1024K)]
  0x00000218f63f3920 JavaThread "Thread-13"                  daemon [_thread_in_native, id=30476, stack(0x0000007c7b000000,0x0000007c7b100000) (1024K)]
  0x00000218f63f2c00 JavaThread "Thread-14"                  daemon [_thread_in_native, id=18388, stack(0x0000007c7b100000,0x0000007c7b200000) (1024K)]
  0x00000218f63f2570 JavaThread "Thread-15"                  daemon [_thread_in_native, id=25560, stack(0x0000007c7b200000,0x0000007c7b300000) (1024K)]
  0x00000218f63f1ee0 JavaThread "Thread-16"                  daemon [_thread_in_native, id=20448, stack(0x0000007c7b300000,0x0000007c7b400000) (1024K)]
  0x00000218f63f3290 JavaThread "Thread-17"                  daemon [_thread_in_native, id=5888, stack(0x0000007c7b400000,0x0000007c7b500000) (1024K)]
  0x00000218f63f3fb0 JavaThread "Thread-18"                  daemon [_thread_in_native, id=42304, stack(0x0000007c7b500000,0x0000007c7b600000) (1024K)]
  0x00000218f63f0b30 JavaThread "Thread-19"                  daemon [_thread_in_native, id=16052, stack(0x0000007c7b600000,0x0000007c7b700000) (1024K)]
  0x00000218f63f4640 JavaThread "Thread-20"                  daemon [_thread_in_native, id=13192, stack(0x0000007c7b700000,0x0000007c7b800000) (1024K)]
  0x00000218f63f11c0 JavaThread "Thread-21"                  daemon [_thread_in_native, id=40668, stack(0x0000007c7b800000,0x0000007c7b900000) (1024K)]
  0x00000218f56011a0 JavaThread "pool-2-thread-1"                   [_thread_blocked, id=19392, stack(0x0000007c7b900000,0x0000007c7ba00000) (1024K)]
  0x00000218f5601830 JavaThread "WorkspaceEventsHandler"            [_thread_in_native, id=31176, stack(0x0000007c7ba00000,0x0000007c7bb00000) (1024K)]
  0x00000218f55fe3b0 JavaThread "pool-1-thread-1"                   [_thread_blocked, id=40560, stack(0x0000007c7bb00000,0x0000007c7bc00000) (1024K)]
  0x00000218f55ffdf0 JavaThread "PatternSearchJob-worker-1"  daemon [_thread_blocked, id=37048, stack(0x0000007c7bc00000,0x0000007c7bd00000) (1024K)]
  0x00000218f55fea40 JavaThread "PatternSearchJob-worker-2"  daemon [_thread_blocked, id=22536, stack(0x0000007c7bd00000,0x0000007c7be00000) (1024K)]
  0x00000218f5601ec0 JavaThread "PatternSearchJob-worker-3"  daemon [_thread_blocked, id=25952, stack(0x0000007c7be00000,0x0000007c7bf00000) (1024K)]
  0x00000218f55ff760 JavaThread "PatternSearchJob-worker-6"  daemon [_thread_blocked, id=11260, stack(0x0000007c7c100000,0x0000007c7c200000) (1024K)]
  0x00000218f5603270 JavaThread "PatternSearchJob-worker-9"  daemon [_thread_blocked, id=29628, stack(0x0000007c7c400000,0x0000007c7c500000) (1024K)]
  0x00000218f5600480 JavaThread "PatternSearchJob-worker-10" daemon [_thread_blocked, id=20024, stack(0x0000007c7c500000,0x0000007c7c600000) (1024K)]
  0x00000218f5600b10 JavaThread "PatternSearchJob-worker-12" daemon [_thread_blocked, id=33772, stack(0x0000007c7c700000,0x0000007c7c800000) (1024K)]
  0x00000218f5604620 JavaThread "PatternSearchJob-worker-13" daemon [_thread_blocked, id=27412, stack(0x0000007c7c800000,0x0000007c7c900000) (1024K)]
  0x00000218f5604cb0 JavaThread "PatternSearchJob-worker-14" daemon [_thread_blocked, id=27312, stack(0x0000007c7c900000,0x0000007c7ca00000) (1024K)]
  0x00000218f5605340 JavaThread "PatternSearchJob-worker-15" daemon [_thread_blocked, id=22460, stack(0x0000007c7ca00000,0x0000007c7cb00000) (1024K)]
  0x00000218f56059d0 JavaThread "PatternSearchJob-worker-16" daemon [_thread_blocked, id=23416, stack(0x0000007c7cb00000,0x0000007c7cc00000) (1024K)]
  0x00000218f75ee860 JavaThread "PatternSearchJob-worker-18" daemon [_thread_blocked, id=25704, stack(0x0000007c7cd00000,0x0000007c7ce00000) (1024K)]
  0x00000218f75f0fc0 JavaThread "LocalFile Deleter"          daemon [_thread_blocked, id=20340, stack(0x0000007c79d00000,0x0000007c79e00000) (1024K)]
  0x00000218f75f1ce0 JavaThread "LocalFile Deleter"          daemon [_thread_blocked, id=2548, stack(0x0000007c7a000000,0x0000007c7a100000) (1024K)]
  0x00000218f75f2370 JavaThread "LocalFile Deleter"          daemon [_thread_blocked, id=15812, stack(0x0000007c7a100000,0x0000007c7a200000) (1024K)]
  0x00000218f75f2a00 JavaThread "LocalFile Deleter"          daemon [_thread_blocked, id=11052, stack(0x0000007c7bf00000,0x0000007c7c000000) (1024K)]
  0x00000218f75f3090 JavaThread "LocalFile Deleter"          daemon [_thread_blocked, id=26148, stack(0x0000007c7c300000,0x0000007c7c400000) (1024K)]
  0x00000218f75efc10 JavaThread "LocalFile Deleter"          daemon [_thread_blocked, id=38344, stack(0x0000007c7c600000,0x0000007c7c700000) (1024K)]
  0x00000218eec097e0 JavaThread "LocalFile Deleter"          daemon [_thread_blocked, id=14412, stack(0x0000007c7cf00000,0x0000007c7d000000) (1024K)]
  0x00000218f5603900 JavaThread "LocalFile Deleter"          daemon [_thread_blocked, id=17724, stack(0x0000007c7d400000,0x0000007c7d500000) (1024K)]
  0x00000218c6a5ee90 JavaThread "LocalFile Deleter"          daemon [_thread_blocked, id=34732, stack(0x0000007c7d600000,0x0000007c7d700000) (1024K)]
  0x00000218c6a5e800 JavaThread "LocalFile Deleter"          daemon [_thread_blocked, id=19084, stack(0x0000007c7d700000,0x0000007c7d800000) (1024K)]
  0x00000218f6d097f0 JavaThread "Worker-7"                          [_thread_blocked, id=24876, stack(0x0000007c7ea00000,0x0000007c7eb00000) (1024K)]
=>0x00000218c51f89a0 JavaThread "C2 CompilerThread1"         daemon [_thread_in_native, id=29640, stack(0x0000007c00000000,0x0000007c00100000) (1024K)]
Total: 69

Other Threads:
  0x00000218ccd1e980 VMThread "VM Thread"                           [id=40520, stack(0x0000007c77700000,0x0000007c77800000) (1024K)]
  0x00000218ed1eca00 WatcherThread "VM Periodic Task Thread"        [id=3708, stack(0x0000007c77600000,0x0000007c77700000) (1024K)]
  0x00000218ccc7d590 WorkerThread "GC Thread#0"                     [id=7908, stack(0x0000007c77500000,0x0000007c77600000) (1024K)]
  0x00000218f56e8550 WorkerThread "GC Thread#1"                     [id=33984, stack(0x0000007c78700000,0x0000007c78800000) (1024K)]
  0x00000218f5a252a0 WorkerThread "GC Thread#2"                     [id=35928, stack(0x0000007c78800000,0x0000007c78900000) (1024K)]
  0x00000218f5a25650 WorkerThread "GC Thread#3"                     [id=19304, stack(0x0000007c78900000,0x0000007c78a00000) (1024K)]
  0x00000218f5a25a00 WorkerThread "GC Thread#4"                     [id=33604, stack(0x0000007c78a00000,0x0000007c78b00000) (1024K)]
  0x00000218f52809b0 WorkerThread "GC Thread#5"                     [id=30988, stack(0x0000007c78b00000,0x0000007c78c00000) (1024K)]
  0x00000218f5281170 WorkerThread "GC Thread#6"                     [id=23448, stack(0x0000007c78c00000,0x0000007c78d00000) (1024K)]
  0x00000218f59e6f40 WorkerThread "GC Thread#7"                     [id=38096, stack(0x0000007c78600000,0x0000007c78700000) (1024K)]
  0x00000218f5e9e420 WorkerThread "GC Thread#8"                     [id=14680, stack(0x0000007c79100000,0x0000007c79200000) (1024K)]
  0x00000218f5e61010 WorkerThread "GC Thread#9"                     [id=10804, stack(0x0000007c79200000,0x0000007c79300000) (1024K)]
  0x00000218f58e07a0 WorkerThread "GC Thread#10"                    [id=16324, stack(0x0000007c79300000,0x0000007c79400000) (1024K)]
  0x00000218f58c0880 WorkerThread "GC Thread#11"                    [id=15252, stack(0x0000007c79600000,0x0000007c79700000) (1024K)]
  0x00000218f5c54b50 WorkerThread "GC Thread#12"                    [id=31200, stack(0x0000007c79700000,0x0000007c79800000) (1024K)]
  0x00000218f5e6b6c0 WorkerThread "GC Thread#13"                    [id=7668, stack(0x0000007c79800000,0x0000007c79900000) (1024K)]
  0x00000218f5625ce0 WorkerThread "GC Thread#14"                    [id=21420, stack(0x0000007c79c00000,0x0000007c79d00000) (1024K)]
Total: 17

Threads with active compile tasks:
C2 CompilerThread0  2189140 32263       4       java.net.URI::relativize (154 bytes)
C2 CompilerThread1  2189140 32262   !   4       org.eclipse.core.internal.localstore.FileSystemResourceManager::allPathsForLocationNonCanonical (481 bytes)
Total: 2

VM state: not at safepoint (normal execution)

VM Mutex/Monitor currently owned by a thread: None

Heap address: 0x0000000700000000, size: 4096 MB, Compressed Oops mode: Zero based, Oop shift amount: 3

CDS archive(s) mapped at: [0x0000021880000000-0x0000021880c90000-0x0000021884710000), size 74514432, SharedBaseAddress: 0x0000021880000000, ArchiveRelocationMode: 1.
Compressed class space mapped at: 0x0000021885000000-0x00000218c5000000, reserved size: 1073741824
Narrow klass base: 0x0000021880000000, Narrow klass shift: 0, Narrow klass range: 0x100000000

GC Precious Log:
 CardTable entry size: 512
 CPUs: 20 total, 20 available
 Memory: 15991M
 Large Page Support: Disabled
 NUMA Support: Disabled
 Compressed Oops: Enabled (Zero based)
 Alignments: Space 512K, Generation 512K, Heap 2M
 Heap Min Capacity: 100M
 Heap Initial Capacity: 100M
 Heap Max Capacity: 4G
 Pre-touch: Disabled
 Parallel Workers: 15

Heap:
 PSYoungGen      total 6144K, used 5395K [0x00000007aab00000, 0x00000007ab200000, 0x0000000800000000)
  eden space 5632K, 93% used [0x00000007aab00000,0x00000007ab024d88,0x00000007ab080000)
  from space 512K, 25% used [0x00000007ab100000,0x00000007ab120000,0x00000007ab180000)
  to   space 512K, 0% used [0x00000007ab180000,0x00000007ab180000,0x00000007ab200000)
 ParOldGen       total 147456K, used 135860K [0x0000000700000000, 0x0000000709000000, 0x00000007aab00000)
  object space 147456K, 92% used [0x0000000700000000,0x00000007084ad020,0x0000000709000000)
 Metaspace       used 33938K, committed 35136K, reserved 1114112K
  class space    used 2529K, committed 3072K, reserved 1048576K

Card table byte_map: [0x00000218e4100000,0x00000218e4910000] _byte_map_base: 0x00000218e0900000

Marking Bits: (ParMarkBitMap*) 0x00007ffb769aee60
 Begin Bits: [0x00000218e4910000, 0x00000218e8910000)
 End Bits:   [0x00000218e8910000, 0x00000218ec910000)

Polling page: 0x00000218ca8f0000

Metaspace:

Usage:
  Non-class:     30.67 MB used.
      Class:      2.47 MB used.
       Both:     33.14 MB used.

Virtual space:
  Non-class space:       64.00 MB reserved,      31.31 MB ( 49%) committed,  1 nodes.
      Class space:        1.00 GB reserved,       3.00 MB ( <1%) committed,  1 nodes.
             Both:        1.06 GB reserved,      34.31 MB (  3%) committed. 

Chunk freelists:
   Non-Class:  240.00 KB
       Class:  12.90 MB
        Both:  13.13 MB

MaxMetaspaceSize: unlimited
CompressedClassSpaceSize: 1.00 GB
Initial GC threshold: 21.00 MB
Current GC threshold: 57.00 MB
CDS: on
 - commit_granule_bytes: 65536.
 - commit_granule_words: 8192.
 - virtual_space_node_default_size: 8388608.
 - enlarge_chunks_in_place: 1.
 - use_allocation_guard: 0.


Internal statistics:

num_allocs_failed_limit: 0.
num_arena_births: 1228.
num_arena_deaths: 8.
num_vsnodes_births: 2.
num_vsnodes_deaths: 0.
num_space_committed: 549.
num_space_uncommitted: 0.
num_chunks_returned_to_freelist: 8.
num_chunks_taken_from_freelist: 3242.
num_chunk_merges: 4.
num_chunk_splits: 1856.
num_chunks_enlarged: 900.
num_inconsistent_stats: 0.

CodeHeap 'non-profiled nmethods': size=119168Kb used=14348Kb max_used=14348Kb free=104819Kb
 bounds [0x00000218dcca0000, 0x00000218ddab0000, 0x00000218e4100000]
CodeHeap 'profiled nmethods': size=119104Kb used=16061Kb max_used=28362Kb free=103042Kb
 bounds [0x00000218d5100000, 0x00000218d6cc0000, 0x00000218dc550000]
CodeHeap 'non-nmethods': size=7488Kb used=1440Kb max_used=3230Kb free=6047Kb
 bounds [0x00000218dc550000, 0x00000218dc8d0000, 0x00000218dcca0000]
 total_blobs=9092 nmethods=8341 adapters=656
 compilation: enabled
              stopped_count=0, restarted_count=0
 full_count=0

Compilation events (20 events):
Event: 2187.433 Thread 0x00000218c51f89a0 nmethod 32254 0x00000218dda9d310 code [0x00000218dda9d4a0, 0x00000218dda9d620]
Event: 2187.433 Thread 0x00000218c51f89a0 32257   !   4       com.google.gson.internal.bind.ReflectiveTypeAdapterFactory$Adapter::read (115 bytes)
Event: 2187.437 Thread 0x00000218eea361b0 nmethod 32251 0x00000218dda9d790 code [0x00000218dda9d960, 0x00000218dda9dcc0]
Event: 2187.437 Thread 0x00000218eea361b0 32253       4       com.google.gson.stream.JsonReader::endObject (70 bytes)
Event: 2187.438 Thread 0x00000218eea3b060 32260       1       org.eclipse.lsp4j.jsonrpc.messages.NotificationMessage::getMethod (5 bytes)
Event: 2187.439 Thread 0x00000218eea3b060 nmethod 32260 0x00000218dda9e010 code [0x00000218dda9e1a0, 0x00000218dda9e270]
Event: 2187.439 Thread 0x00000218eea361b0 nmethod 32253 0x00000218dda9e310 code [0x00000218dda9e4a0, 0x00000218dda9e620]
Event: 2187.439 Thread 0x00000218eea361b0 32259       4       com.google.gson.stream.JsonReader::peekNumber (486 bytes)
Event: 2187.444 Thread 0x00000218eea361b0 nmethod 32259 0x00000218dda9e790 code [0x00000218dda9e940, 0x00000218dda9eea0]
Event: 2187.444 Thread 0x00000218eea361b0 32261       4       java.util.stream.DistinctOps$1$2::accept (24 bytes)
Event: 2187.449 Thread 0x00000218eea361b0 nmethod 32261 0x00000218dda9f190 code [0x00000218dda9f360, 0x00000218dda9f550]
Event: 2187.450 Thread 0x00000218eea361b0 32255   !   4       com.google.gson.internal.ConstructorConstructor::lambda$newDefaultConstructor$2 (98 bytes)
Event: 2187.461 Thread 0x00000218c51f89a0 nmethod 32257 0x00000218dda9f790 code [0x00000218dda9faa0, 0x00000218ddaa0a30]
Event: 2187.461 Thread 0x00000218c51f89a0 32256       4       com.google.gson.internal.ConstructorConstructor$$Lambda/0x00000218851c0000::construct (8 bytes)
Event: 2187.465 Thread 0x00000218eea361b0 nmethod 32255 0x00000218ddaa1710 code [0x00000218ddaa18e0, 0x00000218ddaa1b98]
Event: 2187.465 Thread 0x00000218eea361b0 32258       4       org.eclipse.lsp4j.jsonrpc.json.adapters.EnumTypeAdapter::read (6 bytes)
Event: 2187.466 Thread 0x00000218c51f89a0 nmethod 32256 0x00000218ddaa1e10 code [0x00000218ddaa2000, 0x00000218ddaa2308]
Event: 2187.476 Thread 0x00000218eea361b0 nmethod 32258 0x00000218ddaa2590 code [0x00000218ddaa27a0, 0x00000218ddaa2c80]
Event: 2187.916 Thread 0x00000218c51f89a0 32262   !   4       org.eclipse.core.internal.localstore.FileSystemResourceManager::allPathsForLocationNonCanonical (481 bytes)
Event: 2188.071 Thread 0x00000218eea361b0 32263       4       java.net.URI::relativize (154 bytes)

GC Heap History (20 events):
Event: 2187.992 GC heap before
{Heap before GC invocations=1309 (full 34):
 PSYoungGen      total 6656K, used 6272K [0x00000007aab00000, 0x00000007ab280000, 0x0000000800000000)
  eden space 5632K, 100% used [0x00000007aab00000,0x00000007ab080000,0x00000007ab080000)
  from space 1024K, 62% used [0x00000007ab180000,0x00000007ab220000,0x00000007ab280000)
  to   space 1024K, 0% used [0x00000007ab080000,0x00000007ab080000,0x00000007ab180000)
 ParOldGen       total 147456K, used 135516K [0x0000000700000000, 0x0000000709000000, 0x00000007aab00000)
  object space 147456K, 91% used [0x0000000700000000,0x0000000708457020,0x0000000709000000)
 Metaspace       used 33938K, committed 35136K, reserved 1114112K
  class space    used 2529K, committed 3072K, reserved 1048576K
}
Event: 2187.993 GC heap after
{Heap after GC invocations=1309 (full 34):
 PSYoungGen      total 6656K, used 544K [0x00000007aab00000, 0x00000007ab280000, 0x0000000800000000)
  eden space 5632K, 0% used [0x00000007aab00000,0x00000007aab00000,0x00000007ab080000)
  from space 1024K, 53% used [0x00000007ab080000,0x00000007ab108000,0x00000007ab180000)
  to   space 1024K, 0% used [0x00000007ab180000,0x00000007ab180000,0x00000007ab280000)
 ParOldGen       total 147456K, used 135516K [0x0000000700000000, 0x0000000709000000, 0x00000007aab00000)
  object space 147456K, 91% used [0x0000000700000000,0x0000000708457020,0x0000000709000000)
 Metaspace       used 33938K, committed 35136K, reserved 1114112K
  class space    used 2529K, committed 3072K, reserved 1048576K
}
Event: 2188.111 GC heap before
{Heap before GC invocations=1310 (full 34):
 PSYoungGen      total 6656K, used 6176K [0x00000007aab00000, 0x00000007ab280000, 0x0000000800000000)
  eden space 5632K, 100% used [0x00000007aab00000,0x00000007ab080000,0x00000007ab080000)
  from space 1024K, 53% used [0x00000007ab080000,0x00000007ab108000,0x00000007ab180000)
  to   space 1024K, 0% used [0x00000007ab180000,0x00000007ab180000,0x00000007ab280000)
 ParOldGen       total 147456K, used 135516K [0x0000000700000000, 0x0000000709000000, 0x00000007aab00000)
  object space 147456K, 91% used [0x0000000700000000,0x0000000708457020,0x0000000709000000)
 Metaspace       used 33938K, committed 35136K, reserved 1114112K
  class space    used 2529K, committed 3072K, reserved 1048576K
}
Event: 2188.112 GC heap after
{Heap after GC invocations=1310 (full 34):
 PSYoungGen      total 6656K, used 544K [0x00000007aab00000, 0x00000007ab280000, 0x0000000800000000)
  eden space 5632K, 0% used [0x00000007aab00000,0x00000007aab00000,0x00000007ab080000)
  from space 1024K, 53% used [0x00000007ab180000,0x00000007ab208000,0x00000007ab280000)
  to   space 1024K, 0% used [0x00000007ab080000,0x00000007ab080000,0x00000007ab180000)
 ParOldGen       total 147456K, used 135516K [0x0000000700000000, 0x0000000709000000, 0x00000007aab00000)
  object space 147456K, 91% used [0x0000000700000000,0x0000000708457020,0x0000000709000000)
 Metaspace       used 33938K, committed 35136K, reserved 1114112K
  class space    used 2529K, committed 3072K, reserved 1048576K
}
Event: 2188.203 GC heap before
{Heap before GC invocations=1311 (full 34):
 PSYoungGen      total 6656K, used 6176K [0x00000007aab00000, 0x00000007ab280000, 0x0000000800000000)
  eden space 5632K, 100% used [0x00000007aab00000,0x00000007ab080000,0x00000007ab080000)
  from space 1024K, 53% used [0x00000007ab180000,0x00000007ab208000,0x00000007ab280000)
  to   space 1024K, 0% used [0x00000007ab080000,0x00000007ab080000,0x00000007ab180000)
 ParOldGen       total 147456K, used 135516K [0x0000000700000000, 0x0000000709000000, 0x00000007aab00000)
  object space 147456K, 91% used [0x0000000700000000,0x0000000708457020,0x0000000709000000)
 Metaspace       used 33938K, committed 35136K, reserved 1114112K
  class space    used 2529K, committed 3072K, reserved 1048576K
}
Event: 2188.204 GC heap after
{Heap after GC invocations=1311 (full 34):
 PSYoungGen      total 6656K, used 640K [0x00000007aab00000, 0x00000007ab280000, 0x0000000800000000)
  eden space 5632K, 0% used [0x00000007aab00000,0x00000007aab00000,0x00000007ab080000)
  from space 1024K, 62% used [0x00000007ab080000,0x00000007ab120000,0x00000007ab180000)
  to   space 1024K, 0% used [0x00000007ab180000,0x00000007ab180000,0x00000007ab280000)
 ParOldGen       total 147456K, used 135516K [0x0000000700000000, 0x0000000709000000, 0x00000007aab00000)
  object space 147456K, 91% used [0x0000000700000000,0x0000000708457020,0x0000000709000000)
 Metaspace       used 33938K, committed 35136K, reserved 1114112K
  class space    used 2529K, committed 3072K, reserved 1048576K
}
Event: 2188.311 GC heap before
{Heap before GC invocations=1312 (full 34):
 PSYoungGen      total 6656K, used 6272K [0x00000007aab00000, 0x00000007ab280000, 0x0000000800000000)
  eden space 5632K, 100% used [0x00000007aab00000,0x00000007ab080000,0x00000007ab080000)
  from space 1024K, 62% used [0x00000007ab080000,0x00000007ab120000,0x00000007ab180000)
  to   space 1024K, 0% used [0x00000007ab180000,0x00000007ab180000,0x00000007ab280000)
 ParOldGen       total 147456K, used 135516K [0x0000000700000000, 0x0000000709000000, 0x00000007aab00000)
  object space 147456K, 91% used [0x0000000700000000,0x0000000708457020,0x0000000709000000)
 Metaspace       used 33938K, committed 35136K, reserved 1114112K
  class space    used 2529K, committed 3072K, reserved 1048576K
}
Event: 2188.312 GC heap after
{Heap after GC invocations=1312 (full 34):
 PSYoungGen      total 6656K, used 544K [0x00000007aab00000, 0x00000007ab280000, 0x0000000800000000)
  eden space 5632K, 0% used [0x00000007aab00000,0x00000007aab00000,0x00000007ab080000)
  from space 1024K, 53% used [0x00000007ab180000,0x00000007ab208000,0x00000007ab280000)
  to   space 1024K, 0% used [0x00000007ab080000,0x00000007ab080000,0x00000007ab180000)
 ParOldGen       total 147456K, used 135516K [0x0000000700000000, 0x0000000709000000, 0x00000007aab00000)
  object space 147456K, 91% used [0x0000000700000000,0x0000000708457020,0x0000000709000000)
 Metaspace       used 33938K, committed 35136K, reserved 1114112K
  class space    used 2529K, committed 3072K, reserved 1048576K
}
Event: 2188.380 GC heap before
{Heap before GC invocations=1313 (full 34):
 PSYoungGen      total 6656K, used 6176K [0x00000007aab00000, 0x00000007ab280000, 0x0000000800000000)
  eden space 5632K, 100% used [0x00000007aab00000,0x00000007ab080000,0x00000007ab080000)
  from space 1024K, 53% used [0x00000007ab180000,0x00000007ab208000,0x00000007ab280000)
  to   space 1024K, 0% used [0x00000007ab080000,0x00000007ab080000,0x00000007ab180000)
 ParOldGen       total 147456K, used 135516K [0x0000000700000000, 0x0000000709000000, 0x00000007aab00000)
  object space 147456K, 91% used [0x0000000700000000,0x0000000708457020,0x0000000709000000)
 Metaspace       used 33938K, committed 35136K, reserved 1114112K
  class space    used 2529K, committed 3072K, reserved 1048576K
}
Event: 2188.381 GC heap after
{Heap after GC invocations=1313 (full 34):
 PSYoungGen      total 6656K, used 608K [0x00000007aab00000, 0x00000007ab280000, 0x0000000800000000)
  eden space 5632K, 0% used [0x00000007aab00000,0x00000007aab00000,0x00000007ab080000)
  from space 1024K, 59% used [0x00000007ab080000,0x00000007ab118000,0x00000007ab180000)
  to   space 1024K, 0% used [0x00000007ab180000,0x00000007ab180000,0x00000007ab280000)
 ParOldGen       total 147456K, used 135516K [0x0000000700000000, 0x0000000709000000, 0x00000007aab00000)
  object space 147456K, 91% used [0x0000000700000000,0x0000000708457020,0x0000000709000000)
 Metaspace       used 33938K, committed 35136K, reserved 1114112K
  class space    used 2529K, committed 3072K, reserved 1048576K
}
Event: 2188.450 GC heap before
{Heap before GC invocations=1314 (full 34):
 PSYoungGen      total 6656K, used 6240K [0x00000007aab00000, 0x00000007ab280000, 0x0000000800000000)
  eden space 5632K, 100% used [0x00000007aab00000,0x00000007ab080000,0x00000007ab080000)
  from space 1024K, 59% used [0x00000007ab080000,0x00000007ab118000,0x00000007ab180000)
  to   space 1024K, 0% used [0x00000007ab180000,0x00000007ab180000,0x00000007ab280000)
 ParOldGen       total 147456K, used 135516K [0x0000000700000000, 0x0000000709000000, 0x00000007aab00000)
  object space 147456K, 91% used [0x0000000700000000,0x0000000708457020,0x0000000709000000)
 Metaspace       used 33938K, committed 35136K, reserved 1114112K
  class space    used 2529K, committed 3072K, reserved 1048576K
}
Event: 2188.451 GC heap after
{Heap after GC invocations=1314 (full 34):
 PSYoungGen      total 6656K, used 544K [0x00000007aab00000, 0x00000007ab280000, 0x0000000800000000)
  eden space 5632K, 0% used [0x00000007aab00000,0x00000007aab00000,0x00000007ab080000)
  from space 1024K, 53% used [0x00000007ab180000,0x00000007ab208000,0x00000007ab280000)
  to   space 1024K, 0% used [0x00000007ab080000,0x00000007ab080000,0x00000007ab180000)
 ParOldGen       total 147456K, used 135516K [0x0000000700000000, 0x0000000709000000, 0x00000007aab00000)
  object space 147456K, 91% used [0x0000000700000000,0x0000000708457020,0x0000000709000000)
 Metaspace       used 33938K, committed 35136K, reserved 1114112K
  class space    used 2529K, committed 3072K, reserved 1048576K
}
Event: 2188.530 GC heap before
{Heap before GC invocations=1315 (full 34):
 PSYoungGen      total 6656K, used 6176K [0x00000007aab00000, 0x00000007ab280000, 0x0000000800000000)
  eden space 5632K, 100% used [0x00000007aab00000,0x00000007ab080000,0x00000007ab080000)
  from space 1024K, 53% used [0x00000007ab180000,0x00000007ab208000,0x00000007ab280000)
  to   space 1024K, 0% used [0x00000007ab080000,0x00000007ab080000,0x00000007ab180000)
 ParOldGen       total 147456K, used 135516K [0x0000000700000000, 0x0000000709000000, 0x00000007aab00000)
  object space 147456K, 91% used [0x0000000700000000,0x0000000708457020,0x0000000709000000)
 Metaspace       used 33938K, committed 35136K, reserved 1114112K
  class space    used 2529K, committed 3072K, reserved 1048576K
}
Event: 2188.531 GC heap after
{Heap after GC invocations=1315 (full 34):
 PSYoungGen      total 6656K, used 608K [0x00000007aab00000, 0x00000007ab280000, 0x0000000800000000)
  eden space 5632K, 0% used [0x00000007aab00000,0x00000007aab00000,0x00000007ab080000)
  from space 1024K, 59% used [0x00000007ab080000,0x00000007ab118000,0x00000007ab180000)
  to   space 1024K, 0% used [0x00000007ab180000,0x00000007ab180000,0x00000007ab280000)
 ParOldGen       total 147456K, used 135516K [0x0000000700000000, 0x0000000709000000, 0x00000007aab00000)
  object space 147456K, 91% used [0x0000000700000000,0x0000000708457020,0x0000000709000000)
 Metaspace       used 33938K, committed 35136K, reserved 1114112K
  class space    used 2529K, committed 3072K, reserved 1048576K
}
Event: 2188.597 GC heap before
{Heap before GC invocations=1316 (full 34):
 PSYoungGen      total 6656K, used 6240K [0x00000007aab00000, 0x00000007ab280000, 0x0000000800000000)
  eden space 5632K, 100% used [0x00000007aab00000,0x00000007ab080000,0x00000007ab080000)
  from space 1024K, 59% used [0x00000007ab080000,0x00000007ab118000,0x00000007ab180000)
  to   space 1024K, 0% used [0x00000007ab180000,0x00000007ab180000,0x00000007ab280000)
 ParOldGen       total 147456K, used 135516K [0x0000000700000000, 0x0000000709000000, 0x00000007aab00000)
  object space 147456K, 91% used [0x0000000700000000,0x0000000708457020,0x0000000709000000)
 Metaspace       used 33938K, committed 35136K, reserved 1114112K
  class space    used 2529K, committed 3072K, reserved 1048576K
}
Event: 2188.598 GC heap after
{Heap after GC invocations=1316 (full 34):
 PSYoungGen      total 6656K, used 576K [0x00000007aab00000, 0x00000007ab280000, 0x0000000800000000)
  eden space 5632K, 0% used [0x00000007aab00000,0x00000007aab00000,0x00000007ab080000)
  from space 1024K, 56% used [0x00000007ab180000,0x00000007ab210000,0x00000007ab280000)
  to   space 1024K, 0% used [0x00000007ab080000,0x00000007ab080000,0x00000007ab180000)
 ParOldGen       total 147456K, used 135516K [0x0000000700000000, 0x0000000709000000, 0x00000007aab00000)
  object space 147456K, 91% used [0x0000000700000000,0x0000000708457020,0x0000000709000000)
 Metaspace       used 33938K, committed 35136K, reserved 1114112K
  class space    used 2529K, committed 3072K, reserved 1048576K
}
Event: 2188.683 GC heap before
{Heap before GC invocations=1317 (full 34):
 PSYoungGen      total 6656K, used 6208K [0x00000007aab00000, 0x00000007ab280000, 0x0000000800000000)
  eden space 5632K, 100% used [0x00000007aab00000,0x00000007ab080000,0x00000007ab080000)
  from space 1024K, 56% used [0x00000007ab180000,0x00000007ab210000,0x00000007ab280000)
  to   space 1024K, 0% used [0x00000007ab080000,0x00000007ab080000,0x00000007ab180000)
 ParOldGen       total 147456K, used 135516K [0x0000000700000000, 0x0000000709000000, 0x00000007aab00000)
  object space 147456K, 91% used [0x0000000700000000,0x0000000708457020,0x0000000709000000)
 Metaspace       used 33938K, committed 35136K, reserved 1114112K
  class space    used 2529K, committed 3072K, reserved 1048576K
}
Event: 2188.684 GC heap after
{Heap after GC invocations=1317 (full 34):
 PSYoungGen      total 6656K, used 576K [0x00000007aab00000, 0x00000007ab280000, 0x0000000800000000)
  eden space 5632K, 0% used [0x00000007aab00000,0x00000007aab00000,0x00000007ab080000)
  from space 1024K, 56% used [0x00000007ab080000,0x00000007ab110000,0x00000007ab180000)
  to   space 1024K, 0% used [0x00000007ab180000,0x00000007ab180000,0x00000007ab280000)
 ParOldGen       total 147456K, used 135516K [0x0000000700000000, 0x0000000709000000, 0x00000007aab00000)
  object space 147456K, 91% used [0x0000000700000000,0x0000000708457020,0x0000000709000000)
 Metaspace       used 33938K, committed 35136K, reserved 1114112K
  class space    used 2529K, committed 3072K, reserved 1048576K
}
Event: 2188.778 GC heap before
{Heap before GC invocations=1318 (full 34):
 PSYoungGen      total 6656K, used 6208K [0x00000007aab00000, 0x00000007ab280000, 0x0000000800000000)
  eden space 5632K, 100% used [0x00000007aab00000,0x00000007ab080000,0x00000007ab080000)
  from space 1024K, 56% used [0x00000007ab080000,0x00000007ab110000,0x00000007ab180000)
  to   space 1024K, 0% used [0x00000007ab180000,0x00000007ab180000,0x00000007ab280000)
 ParOldGen       total 147456K, used 135516K [0x0000000700000000, 0x0000000709000000, 0x00000007aab00000)
  object space 147456K, 91% used [0x0000000700000000,0x0000000708457020,0x0000000709000000)
 Metaspace       used 33938K, committed 35136K, reserved 1114112K
  class space    used 2529K, committed 3072K, reserved 1048576K
}
Event: 2189.051 GC heap after
{Heap after GC invocations=1318 (full 34):
 PSYoungGen      total 6144K, used 96K [0x00000007aab00000, 0x00000007ab200000, 0x0000000800000000)
  eden space 5632K, 0% used [0x00000007aab00000,0x00000007aab00000,0x00000007ab080000)
  from space 512K, 18% used [0x00000007ab180000,0x00000007ab198000,0x00000007ab200000)
  to   space 512K, 0% used [0x00000007ab100000,0x00000007ab100000,0x00000007ab180000)
 ParOldGen       total 147456K, used 135860K [0x0000000700000000, 0x0000000709000000, 0x00000007aab00000)
  object space 147456K, 92% used [0x0000000700000000,0x00000007084ad020,0x0000000709000000)
 Metaspace       used 33938K, committed 35136K, reserved 1114112K
  class space    used 2529K, committed 3072K, reserved 1048576K
}

Dll operation events (11 events):
Event: 0.020 Loaded shared library C:\Program Files\Java\jdk-21.0.10\bin\java.dll
Event: 0.191 Loaded shared library C:\Program Files\Java\jdk-21.0.10\bin\jsvml.dll
Event: 0.243 Loaded shared library C:\Program Files\Java\jdk-21.0.10\bin\zip.dll
Event: 0.246 Loaded shared library C:\Program Files\Java\jdk-21.0.10\bin\instrument.dll
Event: 0.251 Loaded shared library C:\Program Files\Java\jdk-21.0.10\bin\net.dll
Event: 0.253 Loaded shared library C:\Program Files\Java\jdk-21.0.10\bin\nio.dll
Event: 0.258 Loaded shared library C:\Program Files\Java\jdk-21.0.10\bin\zip.dll
Event: 0.275 Loaded shared library C:\Program Files\Java\jdk-21.0.10\bin\jimage.dll
Event: 0.342 Loaded shared library C:\Program Files\Java\jdk-21.0.10\bin\verify.dll
Event: 1.932 Loaded shared library C:\Users\ADMIN\AppData\Roaming\Code\User\globalStorage\redhat.java\1.56.2026081508\config_win\org.eclipse.equinox.launcher\org.eclipse.equinox.launcher.win32.win32.x86_64_1.3.100.v20260804-1928\eclipse_11924.dll
Event: 5.588 Loaded shared library C:\Users\ADMIN\AppData\Local\Temp\jna-511915431\jna6652673460451045944.dll

Deoptimization events (20 events):
Event: 2062.581 Thread 0x00000218f5601830 DEOPT PACKING pc=0x00000218dd58fb68 sp=0x0000007c7bafefe0
Event: 2062.581 Thread 0x00000218f5601830 DEOPT UNPACKING pc=0x00000218dc5a3aa2 sp=0x0000007c7bafef70 mode 2
Event: 2062.581 Thread 0x00000218f5601830 Uncommon trap: trap_request=0xffffff45 fr.pc=0x00000218dd1a1688 relative=0x0000000000000768
Event: 2062.581 Thread 0x00000218f5601830 Uncommon trap: reason=unstable_if action=reinterpret pc=0x00000218dd1a1688 method=java.net.URI.equal(Ljava/lang/String;Ljava/lang/String;)Z @ 10 c2
Event: 2062.582 Thread 0x00000218f5601830 DEOPT PACKING pc=0x00000218dd1a1688 sp=0x0000007c7baff100
Event: 2062.582 Thread 0x00000218f5601830 DEOPT UNPACKING pc=0x00000218dc5a3aa2 sp=0x0000007c7baff030 mode 2
Event: 2062.606 Thread 0x00000218f5601830 Uncommon trap: trap_request=0xffffff45 fr.pc=0x00000218dd8f3018 relative=0x00000000000002b8
Event: 2062.606 Thread 0x00000218f5601830 Uncommon trap: reason=unstable_if action=reinterpret pc=0x00000218dd8f3018 method=java.net.URI.equal(Ljava/lang/String;Ljava/lang/String;)Z @ 10 c2
Event: 2062.606 Thread 0x00000218f5601830 DEOPT PACKING pc=0x00000218dd8f3018 sp=0x0000007c7bafee60
Event: 2062.606 Thread 0x00000218f5601830 DEOPT UNPACKING pc=0x00000218dc5a3aa2 sp=0x0000007c7bafee00 mode 2
Event: 2063.846 Thread 0x00000218f5601830 Uncommon trap: trap_request=0xffffff45 fr.pc=0x00000218dd5bd460 relative=0x0000000000003700
Event: 2063.846 Thread 0x00000218f5601830 Uncommon trap: reason=unstable_if action=reinterpret pc=0x00000218dd5bd460 method=java.net.URI.needsNormalization(Ljava/lang/String;)I @ 62 c2
Event: 2063.846 Thread 0x00000218f5601830 DEOPT PACKING pc=0x00000218dd5bd460 sp=0x0000007c7bafef60
Event: 2063.847 Thread 0x00000218f5601830 DEOPT UNPACKING pc=0x00000218dc5a3aa2 sp=0x0000007c7bafed30 mode 2
Event: 2063.848 Thread 0x00000218f5601830 Uncommon trap: trap_request=0xffffff45 fr.pc=0x00000218dd383ae0 relative=0x0000000000000500
Event: 2063.848 Thread 0x00000218f5601830 Uncommon trap: reason=unstable_if action=reinterpret pc=0x00000218dd383ae0 method=java.net.URI.needsNormalization(Ljava/lang/String;)I @ 62 c2
Event: 2063.848 Thread 0x00000218f5601830 DEOPT PACKING pc=0x00000218dd383ae0 sp=0x0000007c7bafee60
Event: 2063.848 Thread 0x00000218f5601830 DEOPT UNPACKING pc=0x00000218dc5a3aa2 sp=0x0000007c7bafed70 mode 2
Event: 2064.268 Thread 0x00000218f5601830 DEOPT PACKING pc=0x00000218d555e32f sp=0x0000007c7bafea80
Event: 2064.268 Thread 0x00000218f5601830 DEOPT UNPACKING pc=0x00000218dc5a4242 sp=0x0000007c7bafdf60 mode 0

Classes loaded (20 events):
Event: 1659.870 Loading class jdk/internal/module/IllegalAccessLogger
Event: 1659.870 Loading class jdk/internal/module/IllegalAccessLogger done
Event: 1685.695 Loading class jdk/internal/module/IllegalAccessLogger
Event: 1685.695 Loading class jdk/internal/module/IllegalAccessLogger done
Event: 1695.587 Loading class jdk/internal/module/IllegalAccessLogger
Event: 1695.587 Loading class jdk/internal/module/IllegalAccessLogger done
Event: 1700.518 Loading class jdk/internal/module/IllegalAccessLogger
Event: 1700.518 Loading class jdk/internal/module/IllegalAccessLogger done
Event: 1709.824 Loading class jdk/internal/module/IllegalAccessLogger
Event: 1709.824 Loading class jdk/internal/module/IllegalAccessLogger done
Event: 1720.771 Loading class jdk/internal/module/IllegalAccessLogger
Event: 1720.771 Loading class jdk/internal/module/IllegalAccessLogger done
Event: 1726.314 Loading class jdk/internal/module/IllegalAccessLogger
Event: 1726.314 Loading class jdk/internal/module/IllegalAccessLogger done
Event: 1738.107 Loading class jdk/internal/module/IllegalAccessLogger
Event: 1738.107 Loading class jdk/internal/module/IllegalAccessLogger done
Event: 1753.721 Loading class jdk/internal/module/IllegalAccessLogger
Event: 1753.721 Loading class jdk/internal/module/IllegalAccessLogger done
Event: 1762.045 Loading class jdk/internal/module/IllegalAccessLogger
Event: 1762.045 Loading class jdk/internal/module/IllegalAccessLogger done

Classes unloaded (4 events):
Event: 11.515 Thread 0x00000218ccd1e980 Unloading class 0x00000218850e5400 'java/lang/invoke/LambdaForm$MH+0x00000218850e5400'
Event: 11.515 Thread 0x00000218ccd1e980 Unloading class 0x00000218850e5000 'java/lang/invoke/LambdaForm$MH+0x00000218850e5000'
Event: 11.515 Thread 0x00000218ccd1e980 Unloading class 0x00000218850e4c00 'java/lang/invoke/LambdaForm$MH+0x00000218850e4c00'
Event: 11.515 Thread 0x00000218ccd1e980 Unloading class 0x00000218850e4800 'java/lang/invoke/LambdaForm$MH+0x00000218850e4800'

Classes redefined (0 events):
No events

Internal exceptions (20 events):
Event: 1763.253 Thread 0x00000218f6d08440 Exception <a 'java/lang/NullPointerException'{0x00000007aab97910}> (0x00000007aab97910) 
thrown [s\open\src\hotspot\share\interpreter\linkResolver.cpp, line 1372]
Event: 1763.253 Thread 0x00000218f6d08440 Exception <a 'java/lang/NullPointerException'{0x00000007aab99b60}> (0x00000007aab99b60) 
thrown [s\open\src\hotspot\share\interpreter\linkResolver.cpp, line 1372]
Event: 1874.760 Thread 0x00000218f55fe3b0 Exception <a 'java/lang/NullPointerException'{0x00000007aac4f400}> (0x00000007aac4f400) 
thrown [s\open\src\hotspot\share\interpreter\linkResolver.cpp, line 1372]
Event: 1874.768 Thread 0x00000218f55fe3b0 Exception <a 'java/lang/NullPointerException'{0x00000007aad14f08}> (0x00000007aad14f08) 
thrown [s\open\src\hotspot\share\interpreter\linkResolver.cpp, line 1372]
Event: 1874.781 Thread 0x00000218f55fe3b0 Exception <a 'java/lang/NullPointerException'{0x00000007aab6dd30}> (0x00000007aab6dd30) 
thrown [s\open\src\hotspot\share\interpreter\linkResolver.cpp, line 1372]
Event: 1874.821 Thread 0x00000218f55fe3b0 Exception <a 'java/lang/NullPointerException'{0x00000007aae6d0c8}> (0x00000007aae6d0c8) 
thrown [s\open\src\hotspot\share\interpreter\linkResolver.cpp, line 1372]
Event: 1932.882 Thread 0x00000218f55fe3b0 Exception <a 'java/lang/NullPointerException'{0x00000007aaec6968}> (0x00000007aaec6968) 
thrown [s\open\src\hotspot\share\interpreter\linkResolver.cpp, line 1372]
Event: 1932.882 Thread 0x00000218f55fe3b0 Exception <a 'java/lang/NullPointerException'{0x00000007aaec78f0}> (0x00000007aaec78f0) 
thrown [s\open\src\hotspot\share\interpreter\linkResolver.cpp, line 1372]
Event: 1932.883 Thread 0x00000218f55fe3b0 Exception <a 'java/lang/NullPointerException'{0x00000007aaec9f78}> (0x00000007aaec9f78) 
thrown [s\open\src\hotspot\share\interpreter\linkResolver.cpp, line 1372]
Event: 1932.886 Thread 0x00000218f55fe3b0 Exception <a 'java/lang/NullPointerException'{0x00000007aaf31af0}> (0x00000007aaf31af0) 
thrown [s\open\src\hotspot\share\interpreter\linkResolver.cpp, line 1372]
Event: 1932.886 Thread 0x00000218f55fe3b0 Exception <a 'java/lang/NullPointerException'{0x00000007aaf32a78}> (0x00000007aaf32a78) 
thrown [s\open\src\hotspot\share\interpreter\linkResolver.cpp, line 1372]
Event: 1932.886 Thread 0x00000218f55fe3b0 Exception <a 'java/lang/NullPointerException'{0x00000007aaf34f78}> (0x00000007aaf34f78) 
thrown [s\open\src\hotspot\share\interpreter\linkResolver.cpp, line 1372]
Event: 1932.898 Thread 0x00000218f55fe3b0 Exception <a 'java/lang/NullPointerException'{0x00000007aab7d920}> (0x00000007aab7d920) 
thrown [s\open\src\hotspot\share\interpreter\linkResolver.cpp, line 1372]
Event: 1932.898 Thread 0x00000218f55fe3b0 Exception <a 'java/lang/NullPointerException'{0x00000007aab7e8a8}> (0x00000007aab7e8a8) 
thrown [s\open\src\hotspot\share\interpreter\linkResolver.cpp, line 1372]
Event: 1932.898 Thread 0x00000218f55fe3b0 Exception <a 'java/lang/NullPointerException'{0x00000007aab80da8}> (0x00000007aab80da8) 
thrown [s\open\src\hotspot\share\interpreter\linkResolver.cpp, line 1372]
Event: 1932.915 Thread 0x00000218f55fe3b0 Exception <a 'java/lang/NullPointerException'{0x00000007aaf1f4f0}> (0x00000007aaf1f4f0) 
thrown [s\open\src\hotspot\share\interpreter\linkResolver.cpp, line 1372]
Event: 1932.915 Thread 0x00000218f55fe3b0 Exception <a 'java/lang/NullPointerException'{0x00000007aaf20478}> (0x00000007aaf20478) 
thrown [s\open\src\hotspot\share\interpreter\linkResolver.cpp, line 1372]
Event: 1932.916 Thread 0x00000218f55fe3b0 Exception <a 'java/lang/NullPointerException'{0x00000007aaf22978}> (0x00000007aaf22978) 
thrown [s\open\src\hotspot\share\interpreter\linkResolver.cpp, line 1372]
Event: 1934.009 Thread 0x00000218eec0a500 Exception <a 'sun/nio/fs/WindowsException'{0x00000007aac03000}> (0x00000007aac03000) 
thrown [s\open\src\hotspot\share\prims\jni.cpp, line 520]
Event: 1934.009 Thread 0x00000218eec0a500 Exception <a 'sun/nio/fs/WindowsException'{0x00000007aac03900}> (0x00000007aac03900) 
thrown [s\open\src\hotspot\share\prims\jni.cpp, line 520]

ZGC Phase Switch (0 events):
No events

VM Operations (20 events):
Event: 2187.992 Executing VM operation: ParallelGCFailedAllocation (Allocation Failure)
Event: 2187.993 Executing VM operation: ParallelGCFailedAllocation (Allocation Failure) done
Event: 2188.111 Executing VM operation: ParallelGCFailedAllocation (Allocation Failure)
Event: 2188.112 Executing VM operation: ParallelGCFailedAllocation (Allocation Failure) done
Event: 2188.203 Executing VM operation: ParallelGCFailedAllocation (Allocation Failure)
Event: 2188.204 Executing VM operation: ParallelGCFailedAllocation (Allocation Failure) done
Event: 2188.311 Executing VM operation: ParallelGCFailedAllocation (Allocation Failure)
Event: 2188.312 Executing VM operation: ParallelGCFailedAllocation (Allocation Failure) done
Event: 2188.380 Executing VM operation: ParallelGCFailedAllocation (Allocation Failure)
Event: 2188.381 Executing VM operation: ParallelGCFailedAllocation (Allocation Failure) done
Event: 2188.450 Executing VM operation: ParallelGCFailedAllocation (Allocation Failure)
Event: 2188.451 Executing VM operation: ParallelGCFailedAllocation (Allocation Failure) done
Event: 2188.530 Executing VM operation: ParallelGCFailedAllocation (Allocation Failure)
Event: 2188.531 Executing VM operation: ParallelGCFailedAllocation (Allocation Failure) done
Event: 2188.596 Executing VM operation: ParallelGCFailedAllocation (Allocation Failure)
Event: 2188.598 Executing VM operation: ParallelGCFailedAllocation (Allocation Failure) done
Event: 2188.683 Executing VM operation: ParallelGCFailedAllocation (Allocation Failure)
Event: 2188.684 Executing VM operation: ParallelGCFailedAllocation (Allocation Failure) done
Event: 2188.778 Executing VM operation: ParallelGCFailedAllocation (Allocation Failure)
Event: 2189.051 Executing VM operation: ParallelGCFailedAllocation (Allocation Failure) done

Events (20 events):
Event: 1995.280 Thread 0x00000218c6a64a70 Thread exited: 0x00000218c6a64a70
Event: 2000.383 Thread 0x00000218c6a65100 Thread exited: 0x00000218c6a65100
Event: 2004.252 Thread 0x00000218f75f3db0 Thread exited: 0x00000218f75f3db0
Event: 2009.719 Thread 0x00000218f6d0aba0 Thread exited: 0x00000218f6d0aba0
Event: 2020.405 Thread 0x00000218c6a5fbb0 Thread exited: 0x00000218c6a5fbb0
Event: 2026.157 Thread 0x00000218c6a636c0 Thread exited: 0x00000218c6a636c0
Event: 2037.780 Thread 0x00000218c6a615f0 Thread exited: 0x00000218c6a615f0
Event: 2053.408 Thread 0x00000218f6d09160 Thread exited: 0x00000218f6d09160
Event: 2061.710 Thread 0x00000218c6a5e170 Thread exited: 0x00000218c6a5e170
Event: 2062.717 Thread 0x00000218c51f89a0 Thread added: 0x00000218c51f89a0
Event: 2062.977 Thread 0x00000218c51f89a0 Thread exited: 0x00000218c51f89a0
Event: 2064.260 Thread 0x00000218eec09e70 Thread exited: 0x00000218eec09e70
Event: 2105.742 Thread 0x00000218c51f7c00 Thread added: 0x00000218c51f7c00
Event: 2105.742 Thread 0x00000218c51f89a0 Thread added: 0x00000218c51f89a0
Event: 2108.880 Thread 0x00000218c51f89a0 Thread exited: 0x00000218c51f89a0
Event: 2108.881 Thread 0x00000218c51f7c00 Thread exited: 0x00000218c51f7c00
Event: 2115.070 Thread 0x00000218f5602be0 Thread exited: 0x00000218f5602be0
Event: 2124.272 Thread 0x00000218eec0ab90 Thread exited: 0x00000218eec0ab90
Event: 2184.295 Thread 0x00000218f55ff0d0 Thread exited: 0x00000218f55ff0d0
Event: 2187.429 Thread 0x00000218c51f89a0 Thread added: 0x00000218c51f89a0


Dynamic libraries:
0x00007ff69c170000 - 0x00007ff69c180000 	C:\Program Files\Java\jdk-21.0.10\bin\java.exe
0x00007ffc26cc0000 - 0x00007ffc26f26000 	C:\WINDOWS\SYSTEM32\ntdll.dll
0x00007ffc24f40000 - 0x00007ffc25009000 	C:\WINDOWS\System32\KERNEL32.DLL
0x00007ffc245e0000 - 0x00007ffc249df000 	C:\WINDOWS\System32\KERNELBASE.dll
0x00007ffc24200000 - 0x00007ffc2434c000 	C:\WINDOWS\System32\ucrtbase.dll
0x00007ffc20180000 - 0x00007ffc2019e000 	C:\Program Files\Java\jdk-21.0.10\bin\VCRUNTIME140.dll
0x00007ffc20160000 - 0x00007ffc20179000 	C:\Program Files\Java\jdk-21.0.10\bin\jli.dll
0x00007ffc25010000 - 0x00007ffc250cc000 	C:\WINDOWS\System32\ADVAPI32.dll
0x00007ffc24dd0000 - 0x00007ffc24e79000 	C:\WINDOWS\System32\msvcrt.dll
0x00007ffc24c00000 - 0x00007ffc24caa000 	C:\WINDOWS\System32\sechost.dll
0x00007ffc26af0000 - 0x00007ffc26c08000 	C:\WINDOWS\System32\RPCRT4.dll
0x00007ffc25b10000 - 0x00007ffc25cd6000 	C:\WINDOWS\System32\USER32.dll
0x00007ffc06cf0000 - 0x00007ffc06f81000 	C:\WINDOWS\WinSxS\amd64_microsoft.windows.common-controls_6595b64144ccf1df_6.0.26100.8972_none_3e0da176e32f9d4b\COMCTL32.dll
0x00007ffc24e80000 - 0x00007ffc24eab000 	C:\WINDOWS\System32\GDI32.dll
0x00007ffc24420000 - 0x00007ffc24447000 	C:\WINDOWS\System32\win32u.dll
0x00007ffc24010000 - 0x00007ffc24139000 	C:\WINDOWS\System32\gdi32full.dll
0x00007ffc23f60000 - 0x00007ffc24003000 	C:\WINDOWS\System32\msvcp_win.dll
0x00007ffc22700000 - 0x00007ffc2270b000 	C:\WINDOWS\SYSTEM32\VERSION.dll
0x00007ffc25410000 - 0x00007ffc25442000 	C:\WINDOWS\System32\IMM32.DLL
0x00007ffc20150000 - 0x00007ffc2015c000 	C:\Program Files\Java\jdk-21.0.10\bin\vcruntime140_1.dll
0x00007ffc0fe20000 - 0x00007ffc0fead000 	C:\Program Files\Java\jdk-21.0.10\bin\msvcp140.dll
0x00007ffb75d60000 - 0x00007ffb76a87000 	C:\Program Files\Java\jdk-21.0.10\bin\server\jvm.dll
0x00007ffc250e0000 - 0x00007ffc25162000 	C:\WINDOWS\System32\WS2_32.dll
0x00007ffc23d50000 - 0x00007ffc23dae000 	C:\WINDOWS\SYSTEM32\POWRPROF.dll
0x00007ffc1a460000 - 0x00007ffc1a496000 	C:\WINDOWS\SYSTEM32\WINMM.dll
0x00007ffc23d30000 - 0x00007ffc23d45000 	C:\WINDOWS\SYSTEM32\UMPDC.dll
0x00007ffc22b80000 - 0x00007ffc22b9b000 	C:\WINDOWS\SYSTEM32\kernel.appcore.dll
0x00007ffc20120000 - 0x00007ffc2012a000 	C:\Program Files\Java\jdk-21.0.10\bin\jimage.dll
0x00007ffc212d0000 - 0x00007ffc21512000 	C:\WINDOWS\SYSTEM32\DBGHELP.DLL
0x00007ffc255e0000 - 0x00007ffc25965000 	C:\WINDOWS\System32\combase.dll
0x00007ffc25330000 - 0x00007ffc25409000 	C:\WINDOWS\System32\OLEAUT32.dll
0x00007ffc02980000 - 0x00007ffc029bb000 	C:\WINDOWS\SYSTEM32\dbgcore.DLL
0x00007ffc24360000 - 0x00007ffc2440c000 	C:\WINDOWS\System32\bcryptPrimitives.dll
0x00007ffc0d5d0000 - 0x00007ffc0d5e0000 	C:\Program Files\Java\jdk-21.0.10\bin\instrument.dll
0x00007ffc1b1f0000 - 0x00007ffc1b211000 	C:\Program Files\Java\jdk-21.0.10\bin\java.dll
0x00007ffc26350000 - 0x00007ffc26ad8000 	C:\WINDOWS\System32\SHELL32.dll
0x00007ffc216a0000 - 0x00007ffc21f3b000 	C:\WINDOWS\SYSTEM32\windows.storage.dll
0x00007ffc249f0000 - 0x00007ffc24ae9000 	C:\WINDOWS\System32\SHCORE.dll
0x00007ffc26c10000 - 0x00007ffc26c76000 	C:\WINDOWS\System32\shlwapi.dll
0x00007ffc23df0000 - 0x00007ffc23e19000 	C:\WINDOWS\SYSTEM32\profapi.dll
0x00007ffbef530000 - 0x00007ffbef607000 	C:\Program Files\Java\jdk-21.0.10\bin\jsvml.dll
0x00007ffc13c30000 - 0x00007ffc13c48000 	C:\Program Files\Java\jdk-21.0.10\bin\zip.dll
0x00007ffc13c90000 - 0x00007ffc13ca1000 	C:\Program Files\Java\jdk-21.0.10\bin\net.dll
0x00007ffc1b2c0000 - 0x00007ffc1b3e8000 	C:\WINDOWS\SYSTEM32\WINHTTP.dll
0x00007ffc23110000 - 0x00007ffc2317c000 	C:\WINDOWS\system32\mswsock.dll
0x00007ffc13c70000 - 0x00007ffc13c86000 	C:\Program Files\Java\jdk-21.0.10\bin\nio.dll
0x00007ffc13c20000 - 0x00007ffc13c30000 	C:\Program Files\Java\jdk-21.0.10\bin\verify.dll
0x00007ffc02490000 - 0x00007ffc024d5000 	C:\Users\ADMIN\AppData\Roaming\Code\User\globalStorage\redhat.java\1.56.2026081508\config_win\org.eclipse.equinox.launcher\org.eclipse.equinox.launcher.win32.win32.x86_64_1.3.100.v20260804-1928\eclipse_11924.dll
0x00007ffc25970000 - 0x00007ffc25b09000 	C:\WINDOWS\System32\ole32.dll
0x00007ffc23530000 - 0x00007ffc2354b000 	C:\WINDOWS\SYSTEM32\CRYPTSP.dll
0x00007ffc22ae0000 - 0x00007ffc22b19000 	C:\WINDOWS\system32\rsaenh.dll
0x00007ffc231c0000 - 0x00007ffc231f2000 	C:\WINDOWS\SYSTEM32\USERENV.dll
0x00007ffc23dc0000 - 0x00007ffc23dea000 	C:\WINDOWS\SYSTEM32\bcrypt.dll
0x00007ffc23370000 - 0x00007ffc2337c000 	C:\WINDOWS\SYSTEM32\CRYPTBASE.dll
0x00007ffc22250000 - 0x00007ffc22283000 	C:\WINDOWS\SYSTEM32\IPHLPAPI.DLL
0x00007ffc24ba0000 - 0x00007ffc24baa000 	C:\WINDOWS\System32\NSI.dll
0x00007ffba1f90000 - 0x00007ffba1fd9000 	C:\Users\ADMIN\AppData\Local\Temp\jna-511915431\jna6652673460451045944.dll
0x00007ffc26ae0000 - 0x00007ffc26ae8000 	C:\WINDOWS\System32\PSAPI.DLL
0x00007ffc1df30000 - 0x00007ffc1df4d000 	C:\WINDOWS\SYSTEM32\dhcpcsvc6.DLL
0x00007ffc1df00000 - 0x00007ffc1df25000 	C:\WINDOWS\SYSTEM32\dhcpcsvc.DLL

dbghelp: loaded successfully - version: 4.0.5 - missing functions: none
symbol engine: initialized successfully - sym options: 0x614 - pdb path: .;C:\Program Files\Java\jdk-21.0.10\bin;C:\WINDOWS\SYSTEM32;C:\WINDOWS\WinSxS\amd64_microsoft.windows.common-controls_6595b64144ccf1df_6.0.26100.8972_none_3e0da176e32f9d4b;C:\Program Files\Java\jdk-21.0.10\bin\server;C:\Users\ADMIN\AppData\Roaming\Code\User\globalStorage\redhat.java\1.56.2026081508\config_win\org.eclipse.equinox.launcher\org.eclipse.equinox.launcher.win32.win32.x86_64_1.3.100.v20260804-1928;C:\Users\ADMIN\AppData\Local\Temp\jna-511915431

VM Arguments:
jvm_args: --add-modules=ALL-SYSTEM --add-opens=java.base/java.util=ALL-UNNAMED --add-opens=java.base/java.lang=ALL-UNNAMED --add-opens=java.base/sun.nio.fs=ALL-UNNAMED -Declipse.application=org.eclipse.jdt.ls.core.id1 -Dosgi.bundles.defaultStartLevel=4 -Declipse.product=org.eclipse.jdt.ls.core.product -Djava.import.generatesMetadataFilesAtProjectRoot=false -DDetectVMInstallationsJob.disabled=true -Dfile.encoding=utf8 -XX:+UseParallelGC -XX:GCTimeRatio=4 -XX:AdaptiveSizePolicyWeight=90 -Dsun.zip.disableMemoryMapping=true -Xmx4G -Xms100m -Xlog:disable -javaagent:c:\Users\ADMIN\.vscode\extensions\redhat.java-1.56.2026081508\lombok\lombok-1.18.39-4050.jar -XX:+HeapDumpOnOutOfMemoryError -XX:HeapDumpPath=c:\Users\ADMIN\AppData\Roaming\Code\User\workspaceStorage\2f3ced25330b29b810992bfdb4be88dd\redhat.java -Daether.dependencyCollector.impl=bf -XX:+UnlockDiagnosticVMOptions -XX:+AllowArchivingWithJavaAgent -XX:+AutoCreateSharedArchive -XX:SharedArchiveFile=c:\Users\ADMIN\AppData\Roaming\Code\User\globalStorage\redhat.java\1.56.2026081508\jdtls.jsa 
java_command: c:\Users\ADMIN\.vscode\extensions\redhat.java-1.56.2026081508\server\plugins\org.eclipse.equinox.launcher_1.8.0.v20260804-1928.jar -configuration c:\Users\ADMIN\AppData\Roaming\Code\User\globalStorage\redhat.java\1.56.2026081508\config_win -data c:\Users\ADMIN\AppData\Roaming\Code\User\workspaceStorage\2f3ced25330b29b810992bfdb4be88dd\redhat.java\jdt_ws --pipe=\\.\pipe\lsp-3545c0aa5097d0b1a1e8708873c17d24-sock
java_class_path (initial): c:\Users\ADMIN\.vscode\extensions\redhat.java-1.56.2026081508\server\plugins\org.eclipse.equinox.launcher_1.8.0.v20260804-1928.jar
Launcher Type: SUN_STANDARD

[Global flags]
    uintx AdaptiveSizePolicyWeight                 = 90                                        {product} {command line}
     bool AllowArchivingWithJavaAgent              = true                             {JVMCI diagnostic} {command line}
     bool AutoCreateSharedArchive                  = false                               {JVMCI product} {command line}
     intx CICompilerCount                          = 12                                        {product} {ergonomic}
    uintx GCTimeRatio                              = 4                                         {product} {command line}
     bool HeapDumpOnOutOfMemoryError               = true                                   {manageable} {command line}
    ccstr HeapDumpPath                             = c:\Users\ADMIN\AppData\Roaming\Code\User\workspaceStorage\2f3ced25330b29b810992bfdb4be88dd\redhat.java         {manageable} {command line}
   size_t InitialHeapSize                          = 104857600                                 {product} {command line}
   size_t MaxHeapSize                              = 4294967296                                {product} {command line}
   size_t MaxNewSize                               = 1431306240                                {product} {ergonomic}
   size_t MinHeapDeltaBytes                        = 524288                                    {product} {ergonomic}
   size_t MinHeapSize                              = 104857600                                 {product} {command line}
   size_t NewSize                                  = 34603008                                  {product} {ergonomic}
    uintx NonNMethodCodeHeapSize                   = 7602480                                {pd product} {ergonomic}
    uintx NonProfiledCodeHeapSize                  = 122027880                              {pd product} {ergonomic}
   size_t OldSize                                  = 70254592                                  {product} {ergonomic}
    uintx ProfiledCodeHeapSize                     = 122027880                              {pd product} {ergonomic}
    uintx ReservedCodeCacheSize                    = 251658240                              {pd product} {ergonomic}
     bool SegmentedCodeCache                       = true                                      {product} {ergonomic}
    ccstr SharedArchiveFile                        = c:\Users\ADMIN\AppData\Roaming\Code\User\globalStorage\redhat.java\1.56.2026081508\jdtls.jsa      {JVMCI product} {command line}
   size_t SoftMaxHeapSize                          = 4294967296                             {manageable} {ergonomic}
     bool UnlockDiagnosticVMOptions                = true                                   {diagnostic} {command line}
     bool UseCompressedOops                        = true                           {product lp64_product} {ergonomic}
     bool UseLargePagesIndividualAllocation        = false                                  {pd product} {ergonomic}
     bool UseParallelGC                            = true                                      {product} {command line}

Logging:
Log output configuration:
 #0: stdout all=off uptime,level,tags foldmultilines=false
 #1: stderr all=off uptime,level,tags foldmultilines=false

Environment Variables:
JAVA_HOME=C:\Program Files\Java\jdk-21.0.10
PATH=C:\Program Files\Common Files\Oracle\Java\javapath;D:\app\oracle\dbhomeFree\bin;C:\WINDOWS\system32;C:\WINDOWS;C:\WINDOWS\System32\Wbem;C:\WINDOWS\System32\WindowsPowerShell\v1.0\;C:\WINDOWS\System32\OpenSSH\;C:\apache-maven-3.9.8\bin;C:\Program Files\Java\jdk-21.0.10\bin;C:\xampp\php;C:\Program Files\dotnet\;C:\Program Files\Git\cmd;C:\Program Files\Git\mingw64\bin;C:\Program Files\Git\usr\bin;C:\Program Files\nodejs\;C:\composer;C:\Program Files (x86)\Pulse Secure\VC142.CRT\X64\;C:\Program Files (x86)\Pulse Secure\VC142.CRT\X86\;C:\Program Files (x86)\Common Files\Pulse Secure\TNC Client Plugin\;c:\Users\ADMIN\AppData\Local\Programs\cursor\resources\app\bin;C:\Program Files\cursor\resources\app\bin;C:\Users\ADMIN\AppData\Local\Programs\Python\Python313\Scripts\;C:\Users\ADMIN\AppData\Local\Programs\Python\Python313\;C:\Users\ADMIN\AppData\Local\Microsoft\WindowsApps;C:\Users\ADMIN\AppData\Local\Programs\Microsoft VS Code\bin;C:\Program Files\JetBrains\IntelliJ IDEA 2022.2\bin;;C:\Program Files\JetBrains\IntelliJ IDEA Community Edition 2023.3.6\bin;;C:\Users\ADMIN\AppData\Roaming\npm;C:\Users\ADMIN\AppData\Roaming\Composer\vendor\bin;C:\Users\ADMIN\AppData\Local\Programs\cursor\resources\app\bin;C:\msys64\ucrt64\bin;C:\Users\ADMIN\AppData\Local\PowerToys\;C:\Antigravity\bin;C:\Users\ADMIN\tools\apache-maven-3.9.14\bin
USERNAME=haMinhThuy
OS=Windows_NT
PROCESSOR_IDENTIFIER=Intel64 Family 6 Model 186 Stepping 2, GenuineIntel
TMP=C:\Users\ADMIN\AppData\Local\Temp
TEMP=C:\Users\ADMIN\AppData\Local\Temp




Periodic native trim disabled

---------------  S Y S T E M  ---------------

OS:
 Windows 11 , 64 bit Build 26100 (10.0.26100.9168)
OS uptime: 3 days 1:52 hours
Hyper-V role detected

CPU: total 20 (initial active 20) (10 cores per cpu, 2 threads per core) family 6 model 186 stepping 2 microcode 0x410e, cx8, cmov, fxsr, ht, mmx, 3dnowpref, sse, sse2, sse3, ssse3, sse4.1, sse4.2, popcnt, lzcnt, tsc, tscinvbit, avx, avx2, aes, erms, clmul, bmi1, bmi2, adx, sha, fma, vzeroupper, clflush, clflushopt, clwb, hv, serialize, rdtscp, rdpid, fsrm, f16c, cet_ibt, cet_ss
Processor Information for processor 0
  Max Mhz: 2400, Current Mhz: 2400, Mhz Limit: 2400
Processor Information for processor 1
  Max Mhz: 2400, Current Mhz: 2400, Mhz Limit: 2400
Processor Information for processor 2
  Max Mhz: 2400, Current Mhz: 2400, Mhz Limit: 2400
Processor Information for processor 3
  Max Mhz: 2400, Current Mhz: 2400, Mhz Limit: 2400
Processor Information for processor 4
  Max Mhz: 2400, Current Mhz: 2400, Mhz Limit: 2400
Processor Information for processor 5
  Max Mhz: 2400, Current Mhz: 2400, Mhz Limit: 2400
Processor Information for processor 6
  Max Mhz: 2400, Current Mhz: 2400, Mhz Limit: 2400
Processor Information for processor 7
  Max Mhz: 2400, Current Mhz: 2400, Mhz Limit: 2400
Processor Information for processor 8
  Max Mhz: 2400, Current Mhz: 2400, Mhz Limit: 2400
Processor Information for processor 9
  Max Mhz: 2400, Current Mhz: 2400, Mhz Limit: 2400
Processor Information for processor 10
  Max Mhz: 2400, Current Mhz: 2400, Mhz Limit: 2400
Processor Information for processor 11
  Max Mhz: 2400, Current Mhz: 2400, Mhz Limit: 2400
Processor Information for processor 12
  Max Mhz: 2400, Current Mhz: 2400, Mhz Limit: 2400
Processor Information for processor 13
  Max Mhz: 2400, Current Mhz: 1466, Mhz Limit: 2400
Processor Information for processor 14
  Max Mhz: 2400, Current Mhz: 2400, Mhz Limit: 2400
Processor Information for processor 15
  Max Mhz: 2400, Current Mhz: 1466, Mhz Limit: 2400
Processor Information for processor 16
  Max Mhz: 2400, Current Mhz: 2400, Mhz Limit: 2400
Processor Information for processor 17
  Max Mhz: 2400, Current Mhz: 2400, Mhz Limit: 2400
Processor Information for processor 18
  Max Mhz: 2400, Current Mhz: 1466, Mhz Limit: 2400
Processor Information for processor 19
  Max Mhz: 2400, Current Mhz: 1466, Mhz Limit: 2400

Memory: 4k page, system-wide physical 15991M (938M free)
TotalPageFile size 51241M (AvailPageFile size 27M)
current process WorkingSet (physical memory assigned to process): 119M, peak: 504M
current process commit charge ("private bytes"): 602M, peak: 732M

vm_info: Java HotSpot(TM) 64-Bit Server VM (21.0.10+8-LTS-217) for windows-amd64 JRE (21.0.10+8-LTS-217), built on 2025-12-18T14:59:28Z by "mach5run" with MS VC++ 17.13 (VS2022)

END.
