2026-06-20 15:16:43.013 WARN  [o.s.b.w.s.c.AnnotationConfigServletWebServerApplicationContext] Exception encountered during context initialization - cancelling refresh attempt: org.springframework.beans.factory.support.BeanDefinitionOverrideException: Invalid bean definition with name 'monitoringInterceptor' defined in class path resource [com/ait/config/MonitoringConfig.class]: Cannot register bean definition [Root bean: class [null]; scope=; abstract=false; lazyInit=null; autowireMode=3; dependencyCheck=0; autowireCandidate=true; primary=false; factoryBeanName=monitoringConfig; factoryMethodName=monitoringInterceptor; initMethodName=null; destroyMethodName=(inferred); defined in class path resource [com/ait/config/MonitoringConfig.class]] for bean 'monitoringInterceptor': There is already [Generic bean: class [com.ait.interceptor.MonitoringInterceptor]; scope=singleton; abstract=false; lazyInit=null; autowireMode=0; dependencyCheck=0; autowireCandidate=true; primary=false; factoryBeanName=null; factoryMethodName=null; initMethodName=null; destroyMethodName=null; defined in file [D:\Java\WorkSpace\New_HR\HAE-VHR\src\main\webapp\WEB-INF\classes\com\ait\interceptor\MonitoringInterceptor.class]] bound.
2026-06-20 15:16:43.061 ERROR [o.s.b.d.LoggingFailureAnalysisReporter] 

***************************
APPLICATION FAILED TO START
***************************

Description:

The bean 'monitoringInterceptor', defined in class path resource [com/ait/config/MonitoringConfig.class], could not be registered. A bean with that name has already been defined in file [D:\Java\WorkSpace\New_HR\HAE-VHR\src\main\webapp\WEB-INF\classes\com\ait\interceptor\MonitoringInterceptor.class] and overriding is disabled.

Action:

Consider renaming one of the beans or enabling overriding by setting spring.main.allow-bean-definition-overriding=true

2026-06-20 15:19:23.059 WARN  [o.s.b.w.s.c.AnnotationConfigServletWebServerApplicationContext] Exception encountered during context initialization - cancelling refresh attempt: org.springframework.beans.factory.BeanCreationException: Error creating bean with name 'healthEndpointGroupsBeanPostProcessor' defined in class path resource [org/springframework/boot/actuate/autoconfigure/health/HealthEndpointConfiguration.class]: BeanPostProcessor before instantiation of bean failed; nested exception is org.springframework.beans.factory.BeanCreationException: Error creating bean with name 'org.springframework.cache.annotation.ProxyCachingConfiguration': BeanPostProcessor before instantiation of bean failed; nested exception is org.springframework.beans.factory.BeanCreationException: Error creating bean with name 'org.springframework.transaction.annotation.ProxyTransactionManagementConfiguration': Initialization of bean failed; nested exception is java.lang.IllegalArgumentException: warning no match for this type name: com.ait.service.PerformanceMonitoringService [Xlint:invalidAbsoluteTypeName]
2026-06-20 15:19:23.100 ERROR [o.s.boot.SpringApplication] Application run failed
Caused by: java.lang.IllegalArgumentException: warning no match for this type name: com.ait.service.PerformanceMonitoringService [Xlint:invalidAbsoluteTypeName]
	at at org.aspectj.weaver.tools.PointcutParser.parsePointcutExpression(PointcutParser.java:319)
Caused by: org.springframework.beans.factory.BeanCreationException: Error creating bean with name 'org.springframework.transaction.annotation.ProxyTransactionManagementConfiguration': Initialization of bean failed; nested exception is java.lang.IllegalArgumentException: warning no match for this type name: com.ait.service.PerformanceMonitoringService [Xlint:invalidAbsoluteTypeName]
	at at org.springframework.beans.factory.support.AbstractAutowireCapableBeanFactory.doCreateBean(AbstractAutowireCapableBeanFactory.java:628)
Caused by: org.springframework.beans.factory.BeanCreationException: Error creating bean with name 'org.springframework.cache.annotation.ProxyCachingConfiguration': BeanPostProcessor before instantiation of bean failed; nested exception is org.springframework.beans.factory.BeanCreationException: Error creating bean with name 'org.springframework.transaction.annotation.ProxyTransactionManagementConfiguration': Initialization of bean failed; nested exception is java.lang.IllegalArgumentException: warning no match for this type name: com.ait.service.PerformanceMonitoringService [Xlint:invalidAbsoluteTypeName]
	at at org.springframework.beans.factory.support.AbstractAutowireCapableBeanFactory.createBean(AbstractAutowireCapableBeanFactory.java:537)
org.springframework.beans.factory.BeanCreationException: Error creating bean with name 'healthEndpointGroupsBeanPostProcessor' defined in class path resource [org/springframework/boot/actuate/autoconfigure/health/HealthEndpointConfiguration.class]: BeanPostProcessor before instantiation of bean failed; nested exception is org.springframework.beans.factory.BeanCreationException: Error creating bean with name 'org.springframework.cache.annotation.ProxyCachingConfiguration': BeanPostProcessor before instantiation of bean failed; nested exception is org.springframework.beans.factory.BeanCreationException: Error creating bean with name 'org.springframework.transaction.annotation.ProxyTransactionManagementConfiguration': Initialization of bean failed; nested exception is java.lang.IllegalArgumentException: warning no match for this type name: com.ait.service.PerformanceMonitoringService [Xlint:invalidAbsoluteTypeName]
	at at org.springframework.beans.factory.support.AbstractAutowireCapableBeanFactory.createBean(AbstractAutowireCapableBeanFactory.java:537)
2026-06-20 15:20:56.301 WARN  [o.s.b.a.s.s.UserDetailsServiceAutoConfiguration] 

Using generated security password: 1dc15a2d-e586-4338-95b2-e07a46d7540e

This generated password is for development use only. Your security configuration must be updated before running your application in production.

2026-06-20 23:35:16.196 WARN  [o.s.b.a.s.s.UserDetailsServiceAutoConfiguration] 

Using generated security password: 06f3181a-5e28-40b0-aeee-3b839b917e08

This generated password is for development use only. Your security configuration must be updated before running your application in production.

2026-06-20 23:38:12.127 WARN  [o.a.c.u.SessionIdGeneratorBase] Creation of SecureRandom instance for session ID generation using [SHA1PRNG] took [469] milliseconds.
2026-06-20 23:38:13.775 INFO  [c.a.s.s.s.i.LoggingServiceImpl] [API_ERROR] API GET /error returned 404 in 92ms [correlationId=da65c8ee-ee49-4b39-990f-bdd2960dedf0] [ip=0:0:0:0:0:0:0:1] [context={duration=92, referer=http://localhost:8080/login, endpoint=/error, method=GET, responseTime=92, userAgent=Mozilla/5.0 (Windows NT 10.0; Win64; x64) AppleWebKit/537.36 (KHTML, like Gecko) Chrome/149.0.0.0 Safari/537.36, statusCode=404}]
2026-06-20 23:38:13.777 INFO  [c.a.s.s.s.i.LoggingServiceImpl] [SYSTEM_EVENT] HTTP 404 error for GET /error [correlationId=da65c8ee-ee49-4b39-990f-bdd2960dedf0] [ip=0:0:0:0:0:0:0:1] [context={duration=92, referer=http://localhost:8080/login, endpoint=/error, method=GET, userAgent=Mozilla/5.0 (Windows NT 10.0; Win64; x64) AppleWebKit/537.36 (KHTML, like Gecko) Chrome/149.0.0.0 Safari/537.36, statusCode=404}]
2026-06-20 23:38:24.896 INFO  [c.a.config.SqlOnlyInterceptor] SQL Execute | mapper=com.ait.sy.syRole.mapper.SyUserMapper.findByUserName | caller=com.ait.sy.sys.service.impl.HrAuthenticationServiceImpl.authenticate(HrAuthenticationServiceImpl.java:74) | command=SELECT | params=[userName='admin'] | sql=SELECT USER_NO, PERSON_ID, CPNY_ID, USER_NAME, PASSWORD, SPECIAL_PARAM, SPECIAL_VALUE, USER_TYPE, PASSWORD_FIRST, PASSWORD_SECOND, PASSWORD_THIRD, CREATE_DATE, CREATED_BY, UPDATE_DATE, UPDATED_BY, ORDERNO, ACTIVITY, PERSONAL_DATA_FLAG, PERSONAL_DATA_UPDATE_DATE, PERSONAL_DATA_UPDATED_IP, PERSONAL_DATA_UPDATED_BY, PERSONAL_SEND_DATA_FLAG, PERSONAL_SEND_DATA_UPDATE_DATE, PERSONAL_SEND_DATA_UPDATED_IP, PERSONAL_SEND_DATA_UPDATED_BY FROM sy_user WHERE USER_NAME = 'admin'
2026-06-20 23:38:25.316 ERROR [c.a.config.SqlOnlyInterceptor] SQL Failed  | mapper=com.ait.sy.syRole.mapper.SyUserMapper.findByUserName | caller=com.ait.sy.sys.service.impl.HrAuthenticationServiceImpl.authenticate(HrAuthenticationServiceImpl.java:74) | command=SELECT | took=411 ms | params=[userName='admin'] | sql=SELECT USER_NO, PERSON_ID, CPNY_ID, USER_NAME, PASSWORD, SPECIAL_PARAM, SPECIAL_VALUE, USER_TYPE, PASSWORD_FIRST, PASSWORD_SECOND, PASSWORD_THIRD, CREATE_DATE, CREATED_BY, UPDATE_DATE, UPDATED_BY, ORDERNO, ACTIVITY, PERSONAL_DATA_FLAG, PERSONAL_DATA_UPDATE_DATE, PERSONAL_DATA_UPDATED_IP, PERSONAL_DATA_UPDATED_BY, PERSONAL_SEND_DATA_FLAG, PERSONAL_SEND_DATA_UPDATE_DATE, PERSONAL_SEND_DATA_UPDATED_IP, PERSONAL_SEND_DATA_UPDATED_BY FROM sy_user WHERE USER_NAME = 'admin' | errorType=java.lang.reflect.InvocationTargetException | error=null
Caused by: oracle.jdbc.OracleDatabaseException: ORA-00904: "PERSONAL_SEND_DATA_UPDATED_BY": invalid identifier

	at at oracle.jdbc.driver.T4CTTIoer11.processError(T4CTTIoer11.java:636)
Caused by: java.sql.SQLSyntaxErrorException: ORA-00904: "PERSONAL_SEND_DATA_UPDATED_BY": invalid identifier

	at at oracle.jdbc.driver.T4CTTIoer11.processError(T4CTTIoer11.java:629)
java.lang.reflect.InvocationTargetException
	at at java.base/jdk.internal.reflect.NativeMethodAccessorImpl.invoke0(Native Method)
2026-06-20 23:38:25.536 ERROR [c.a.s.s.s.i.HrAuthenticationServiceImpl] Authentication flow failed for username=admin
Caused by: oracle.jdbc.OracleDatabaseException: ORA-00904: "PERSONAL_SEND_DATA_UPDATED_BY": invalid identifier

	at at oracle.jdbc.driver.T4CTTIoer11.processError(T4CTTIoer11.java:636)
Caused by: java.sql.SQLSyntaxErrorException: ORA-00904: "PERSONAL_SEND_DATA_UPDATED_BY": invalid identifier

	at at oracle.jdbc.driver.T4CTTIoer11.processError(T4CTTIoer11.java:629)
org.springframework.jdbc.BadSqlGrammarException: 
### Error querying database.  Cause: java.sql.SQLSyntaxErrorException: ORA-00904: "PERSONAL_SEND_DATA_UPDATED_BY": invalid identifier

### The error may exist in file [D:\Java\WorkSpace\New_HR\HAE-VHR\src\main\webapp\WEB-INF\classes\com\ait\mapper\SyUserMapper.xml]
### The error may involve defaultParameterMap
### The error occurred while setting parameters
### SQL: SELECT              USER_NO,             PERSON_ID,             CPNY_ID,             USER_NAME,             PASSWORD,             SPECIAL_PARAM,             SPECIAL_VALUE,             USER_TYPE,             PASSWORD_FIRST,             PASSWORD_SECOND,             PASSWORD_THIRD,             CREATE_DATE,             CREATED_BY,             UPDATE_DATE,             UPDATED_BY,             ORDERNO,             ACTIVITY,             PERSONAL_DATA_FLAG,             PERSONAL_DATA_UPDATE_DATE,             PERSONAL_DATA_UPDATED_IP,             PERSONAL_DATA_UPDATED_BY,             PERSONAL_SEND_DATA_FLAG,             PERSONAL_SEND_DATA_UPDATE_DATE,             PERSONAL_SEND_DATA_UPDATED_IP,             PERSONAL_SEND_DATA_UPDATED_BY         FROM sy_user          WHERE USER_NAME = ?
### Cause: java.sql.SQLSyntaxErrorException: ORA-00904: "PERSONAL_SEND_DATA_UPDATED_BY": invalid identifier

; bad SQL grammar []; nested exception is java.sql.SQLSyntaxErrorException: ORA-00904: "PERSONAL_SEND_DATA_UPDATED_BY": invalid identifier

	at at org.springframework.jdbc.support.SQLErrorCodeSQLExceptionTranslator.doTranslate(SQLErrorCodeSQLExceptionTranslator.java:236)
2026-06-20 23:38:25.539 ERROR [com.ait.aspect.LoggingAspect] 💥 [AUTH] HrAuthenticationServiceImpl.authenticate() - Failed in 727ms (23:38:25.538) - Error: RuntimeException
2026-06-20 23:38:25.564 ERROR [c.a.s.s.c.AuthController] Login error for user [admin]
Caused by: oracle.jdbc.OracleDatabaseException: ORA-00904: "PERSONAL_SEND_DATA_UPDATED_BY": invalid identifier

	at at oracle.jdbc.driver.T4CTTIoer11.processError(T4CTTIoer11.java:636)
Caused by: java.sql.SQLSyntaxErrorException: ORA-00904: "PERSONAL_SEND_DATA_UPDATED_BY": invalid identifier

	at at oracle.jdbc.driver.T4CTTIoer11.processError(T4CTTIoer11.java:629)
Caused by: org.springframework.jdbc.BadSqlGrammarException: 
### Error querying database.  Cause: java.sql.SQLSyntaxErrorException: ORA-00904: "PERSONAL_SEND_DATA_UPDATED_BY": invalid identifier

### The error may exist in file [D:\Java\WorkSpace\New_HR\HAE-VHR\src\main\webapp\WEB-INF\classes\com\ait\mapper\SyUserMapper.xml]
### The error may involve defaultParameterMap
### The error occurred while setting parameters
### SQL: SELECT              USER_NO,             PERSON_ID,             CPNY_ID,             USER_NAME,             PASSWORD,             SPECIAL_PARAM,             SPECIAL_VALUE,             USER_TYPE,             PASSWORD_FIRST,             PASSWORD_SECOND,             PASSWORD_THIRD,             CREATE_DATE,             CREATED_BY,             UPDATE_DATE,             UPDATED_BY,             ORDERNO,             ACTIVITY,             PERSONAL_DATA_FLAG,             PERSONAL_DATA_UPDATE_DATE,             PERSONAL_DATA_UPDATED_IP,             PERSONAL_DATA_UPDATED_BY,             PERSONAL_SEND_DATA_FLAG,             PERSONAL_SEND_DATA_UPDATE_DATE,             PERSONAL_SEND_DATA_UPDATED_IP,             PERSONAL_SEND_DATA_UPDATED_BY         FROM sy_user          WHERE USER_NAME = ?
### Cause: java.sql.SQLSyntaxErrorException: ORA-00904: "PERSONAL_SEND_DATA_UPDATED_BY": invalid identifier

; bad SQL grammar []; nested exception is java.sql.SQLSyntaxErrorException: ORA-00904: "PERSONAL_SEND_DATA_UPDATED_BY": invalid identifier

	at at org.springframework.jdbc.support.SQLErrorCodeSQLExceptionTranslator.doTranslate(SQLErrorCodeSQLExceptionTranslator.java:236)
java.lang.RuntimeException: Loi he thong khi xac thuc dang nhap.
	at at com.ait.sy.sys.service.impl.HrAuthenticationServiceImpl.authenticate(HrAuthenticationServiceImpl.java:152)
2026-06-20 23:38:25.708 INFO  [c.a.s.s.s.i.LoggingServiceImpl] [API_ERROR] API GET /error returned 404 in 24ms [correlationId=f60c8368-d0e1-49af-9547-99910087267a] [ip=0:0:0:0:0:0:0:1] [context={duration=24, referer=http://localhost:8080/login, endpoint=/error, method=GET, responseTime=24, userAgent=Mozilla/5.0 (Windows NT 10.0; Win64; x64) AppleWebKit/537.36 (KHTML, like Gecko) Chrome/149.0.0.0 Safari/537.36, statusCode=404}]
2026-06-20 23:38:25.712 INFO  [c.a.s.s.s.i.LoggingServiceImpl] [SYSTEM_EVENT] HTTP 404 error for GET /error [correlationId=f60c8368-d0e1-49af-9547-99910087267a] [ip=0:0:0:0:0:0:0:1] [context={duration=24, referer=http://localhost:8080/login, endpoint=/error, method=GET, userAgent=Mozilla/5.0 (Windows NT 10.0; Win64; x64) AppleWebKit/537.36 (KHTML, like Gecko) Chrome/149.0.0.0 Safari/537.36, statusCode=404}]
2026-06-20 23:51:32.941 INFO  [c.a.config.SqlOnlyInterceptor] SQL Execute | mapper=com.ait.sy.syRole.mapper.SyUserMapper.findByUserName | caller=com.ait.sy.sys.service.impl.HrAuthenticationServiceImpl.authenticate(HrAuthenticationServiceImpl.java:74) | command=SELECT | params=[userName='admin'] | sql=SELECT USER_NO, PERSON_ID, CPNY_ID, USER_NAME, PASSWORD, SPECIAL_PARAM, SPECIAL_VALUE, USER_TYPE, PASSWORD_FIRST, PASSWORD_SECOND, PASSWORD_THIRD, CREATE_DATE, CREATED_BY, UPDATE_DATE, UPDATED_BY, ORDERNO, ACTIVITY, PERSONAL_DATA_FLAG, PERSONAL_DATA_UPDATE_DATE, PERSONAL_DATA_UPDATED_IP, PERSONAL_DATA_UPDATED_BY, PERSONAL_SEND_DATA_FLAG, PERSONAL_SEND_DATA_UPDATE_DATE, PERSONAL_SEND_DATA_UPDATED_IP, PERSONAL_SEND_DATA_UPDATED_BY FROM sy_user WHERE USER_NAME = 'admin'
2026-06-20 23:51:33.089 INFO  [c.a.config.SqlOnlyInterceptor] SQL Result  | mapper=com.ait.sy.syRole.mapper.SyUserMapper.findByUserName | caller=com.ait.sy.sys.service.impl.HrAuthenticationServiceImpl.authenticate(HrAuthenticationServiceImpl.java:74) | rowsReturned=1 | took=148 ms
2026-06-20 23:51:33.090 WARN  [o.s.s.c.b.BCryptPasswordEncoder] Encoded password does not look like BCrypt
2026-06-20 23:51:33.091 INFO  [c.a.config.SqlOnlyInterceptor] SQL Execute | mapper=com.ait.hrm.empinfo.mapper.HrEmployeeMapper.findByPersonId | caller=com.ait.sy.sys.service.impl.HrAuthenticationServiceImpl.authenticate(HrAuthenticationServiceImpl.java:100) | command=SELECT | params=[personId='11111112'] | sql=SELECT he.EMPID, he.CHINESE_PINYIN, he.ENGLISH_NAME, he.POSITION_NO, he.POST_GRADE_NO, he.DATE_STARTED, he.END_PROBATION_DATE, he.EMP_TYPE_CODE, he.CPNY_ID, he.PERSON_ID, he.DEPTNO, he.LOCAL_NAME, he.WORK_AREA, he.CREATE_DATE, he.CREATED_BY, he.UPDATE_DATE, he.UPDATED_BY, he.ACTIVITY, he.MAIN_BUSINESS, he.EXPERIENCE, he.UPDATED_IP, he.CREATED_IP, he.KOREAN_NAME, he.EMP_COMMON_TYPE_CODE, he.STANDARD_POSITION, he.DUTY_NO, he.POST_NO, he.STATUS_CODE, he.DATE_LEFT, he.ID_CARD_NO, he.SHIFT_NO, he.EMP_OFFICE, he.INCUMBENCY, he.PROMOTION_DAY, he.POST_FAMILY, he.AFFIRM_WORK_AGE, he.WORK_HOUR_TYPE, he.DIRECT_INDIRECT_DISTINCTION, he.RECRUIT_TYPE, he.INSURANCE_TYPE, he.INSURANCE_AREA, he.FILENUMBER, he.EMPLOYEE_OWNED, he.WAGE_TYPE, he.POSITION, he.DATE_LAST_UP, he.RECOMMEND, he.DATE_GROUP_ENTRY, he.LAST_HAOFENG_DATE, he.ASSIGNMENT_INFORMATION, he.COST_CENTER, he.PAY_STEP_NO, he.PHONE_CARD_NO, he.LIZHIREASON, he.SOCIAL_DIFFERENTIATION, he.IS_PROBATION, he.PERSON_SUPPLIER_COMPANY, he.OT_LIMIT, he.OT_LIMIT_100, he.UPDATED_OT_LIMIT_BY, he.UPDATE_OT_LIMIT_DATE FROM hr_employee he WHERE he.PERSON_ID = '11111112'
2026-06-20 23:51:33.124 ERROR [c.a.config.SqlOnlyInterceptor] SQL Failed  | mapper=com.ait.hrm.empinfo.mapper.HrEmployeeMapper.findByPersonId | caller=com.ait.sy.sys.service.impl.HrAuthenticationServiceImpl.authenticate(HrAuthenticationServiceImpl.java:100) | command=SELECT | took=31 ms | params=[personId='11111112'] | sql=SELECT he.EMPID, he.CHINESE_PINYIN, he.ENGLISH_NAME, he.POSITION_NO, he.POST_GRADE_NO, he.DATE_STARTED, he.END_PROBATION_DATE, he.EMP_TYPE_CODE, he.CPNY_ID, he.PERSON_ID, he.DEPTNO, he.LOCAL_NAME, he.WORK_AREA, he.CREATE_DATE, he.CREATED_BY, he.UPDATE_DATE, he.UPDATED_BY, he.ACTIVITY, he.MAIN_BUSINESS, he.EXPERIENCE, he.UPDATED_IP, he.CREATED_IP, he.KOREAN_NAME, he.EMP_COMMON_TYPE_CODE, he.STANDARD_POSITION, he.DUTY_NO, he.POST_NO, he.STATUS_CODE, he.DATE_LEFT, he.ID_CARD_NO, he.SHIFT_NO, he.EMP_OFFICE, he.INCUMBENCY, he.PROMOTION_DAY, he.POST_FAMILY, he.AFFIRM_WORK_AGE, he.WORK_HOUR_TYPE, he.DIRECT_INDIRECT_DISTINCTION, he.RECRUIT_TYPE, he.INSURANCE_TYPE, he.INSURANCE_AREA, he.FILENUMBER, he.EMPLOYEE_OWNED, he.WAGE_TYPE, he.POSITION, he.DATE_LAST_UP, he.RECOMMEND, he.DATE_GROUP_ENTRY, he.LAST_HAOFENG_DATE, he.ASSIGNMENT_INFORMATION, he.COST_CENTER, he.PAY_STEP_NO, he.PHONE_CARD_NO, he.LIZHIREASON, he.SOCIAL_DIFFERENTIATION, he.IS_PROBATION, he.PERSON_SUPPLIER_COMPANY, he.OT_LIMIT, he.OT_LIMIT_100, he.UPDATED_OT_LIMIT_BY, he.UPDATE_OT_LIMIT_DATE FROM hr_employee he WHERE he.PERSON_ID = '11111112' | errorType=java.lang.reflect.InvocationTargetException | error=null
Caused by: oracle.jdbc.OracleDatabaseException: ORA-00904: "HE"."UPDATE_OT_LIMIT_DATE": invalid identifier

	at at oracle.jdbc.driver.T4CTTIoer11.processError(T4CTTIoer11.java:636)
Caused by: java.sql.SQLSyntaxErrorException: ORA-00904: "HE"."UPDATE_OT_LIMIT_DATE": invalid identifier

	at at oracle.jdbc.driver.T4CTTIoer11.processError(T4CTTIoer11.java:629)
java.lang.reflect.InvocationTargetException
	at at java.base/jdk.internal.reflect.NativeMethodAccessorImpl.invoke0(Native Method)
2026-06-20 23:51:33.126 ERROR [c.a.s.s.s.i.HrAuthenticationServiceImpl] Authentication flow failed for username=admin
Caused by: oracle.jdbc.OracleDatabaseException: ORA-00904: "HE"."UPDATE_OT_LIMIT_DATE": invalid identifier

	at at oracle.jdbc.driver.T4CTTIoer11.processError(T4CTTIoer11.java:636)
Caused by: java.sql.SQLSyntaxErrorException: ORA-00904: "HE"."UPDATE_OT_LIMIT_DATE": invalid identifier

	at at oracle.jdbc.driver.T4CTTIoer11.processError(T4CTTIoer11.java:629)
org.springframework.jdbc.BadSqlGrammarException: 
### Error querying database.  Cause: java.sql.SQLSyntaxErrorException: ORA-00904: "HE"."UPDATE_OT_LIMIT_DATE": invalid identifier

### The error may exist in file [D:\Java\WorkSpace\New_HR\HAE-VHR\src\main\webapp\WEB-INF\classes\com\ait\mapper\HrEmployeeMapper.xml]
### The error may involve defaultParameterMap
### The error occurred while setting parameters
### SQL: SELECT                        he.EMPID,         he.CHINESE_PINYIN,         he.ENGLISH_NAME,         he.POSITION_NO,         he.POST_GRADE_NO,         he.DATE_STARTED,         he.END_PROBATION_DATE,         he.EMP_TYPE_CODE,         he.CPNY_ID,         he.PERSON_ID,         he.DEPTNO,         he.LOCAL_NAME,         he.WORK_AREA,         he.CREATE_DATE,         he.CREATED_BY,         he.UPDATE_DATE,         he.UPDATED_BY,         he.ACTIVITY,         he.MAIN_BUSINESS,         he.EXPERIENCE,         he.UPDATED_IP,         he.CREATED_IP,         he.KOREAN_NAME,         he.EMP_COMMON_TYPE_CODE,         he.STANDARD_POSITION,         he.DUTY_NO,         he.POST_NO,         he.STATUS_CODE,         he.DATE_LEFT,         he.ID_CARD_NO,         he.SHIFT_NO,         he.EMP_OFFICE,         he.INCUMBENCY,         he.PROMOTION_DAY,         he.POST_FAMILY,         he.AFFIRM_WORK_AGE,         he.WORK_HOUR_TYPE,         he.DIRECT_INDIRECT_DISTINCTION,         he.RECRUIT_TYPE,         he.INSURANCE_TYPE,         he.INSURANCE_AREA,         he.FILENUMBER,         he.EMPLOYEE_OWNED,         he.WAGE_TYPE,         he.POSITION,         he.DATE_LAST_UP,         he.RECOMMEND,         he.DATE_GROUP_ENTRY,         he.LAST_HAOFENG_DATE,         he.ASSIGNMENT_INFORMATION,         he.COST_CENTER,         he.PAY_STEP_NO,         he.PHONE_CARD_NO,         he.LIZHIREASON,         he.SOCIAL_DIFFERENTIATION,         he.IS_PROBATION,         he.PERSON_SUPPLIER_COMPANY,         he.OT_LIMIT,         he.OT_LIMIT_100,         he.UPDATED_OT_LIMIT_BY,         he.UPDATE_OT_LIMIT_DATE                         FROM hr_employee he               WHERE he.PERSON_ID = ?
### Cause: java.sql.SQLSyntaxErrorException: ORA-00904: "HE"."UPDATE_OT_LIMIT_DATE": invalid identifier

; bad SQL grammar []; nested exception is java.sql.SQLSyntaxErrorException: ORA-00904: "HE"."UPDATE_OT_LIMIT_DATE": invalid identifier

	at at org.springframework.jdbc.support.SQLErrorCodeSQLExceptionTranslator.doTranslate(SQLErrorCodeSQLExceptionTranslator.java:236)
2026-06-20 23:51:33.126 ERROR [com.ait.aspect.LoggingAspect] 💥 [AUTH] HrAuthenticationServiceImpl.authenticate() - Failed in 187ms (23:51:33.126) - Error: RuntimeException
2026-06-20 23:51:33.142 ERROR [c.a.s.s.c.AuthController] Login error for user [admin]
Caused by: oracle.jdbc.OracleDatabaseException: ORA-00904: "HE"."UPDATE_OT_LIMIT_DATE": invalid identifier

	at at oracle.jdbc.driver.T4CTTIoer11.processError(T4CTTIoer11.java:636)
Caused by: java.sql.SQLSyntaxErrorException: ORA-00904: "HE"."UPDATE_OT_LIMIT_DATE": invalid identifier

	at at oracle.jdbc.driver.T4CTTIoer11.processError(T4CTTIoer11.java:629)
Caused by: org.springframework.jdbc.BadSqlGrammarException: 
### Error querying database.  Cause: java.sql.SQLSyntaxErrorException: ORA-00904: "HE"."UPDATE_OT_LIMIT_DATE": invalid identifier

### The error may exist in file [D:\Java\WorkSpace\New_HR\HAE-VHR\src\main\webapp\WEB-INF\classes\com\ait\mapper\HrEmployeeMapper.xml]
### The error may involve defaultParameterMap
### The error occurred while setting parameters
### SQL: SELECT                        he.EMPID,         he.CHINESE_PINYIN,         he.ENGLISH_NAME,         he.POSITION_NO,         he.POST_GRADE_NO,         he.DATE_STARTED,         he.END_PROBATION_DATE,         he.EMP_TYPE_CODE,         he.CPNY_ID,         he.PERSON_ID,         he.DEPTNO,         he.LOCAL_NAME,         he.WORK_AREA,         he.CREATE_DATE,         he.CREATED_BY,         he.UPDATE_DATE,         he.UPDATED_BY,         he.ACTIVITY,         he.MAIN_BUSINESS,         he.EXPERIENCE,         he.UPDATED_IP,         he.CREATED_IP,         he.KOREAN_NAME,         he.EMP_COMMON_TYPE_CODE,         he.STANDARD_POSITION,         he.DUTY_NO,         he.POST_NO,         he.STATUS_CODE,         he.DATE_LEFT,         he.ID_CARD_NO,         he.SHIFT_NO,         he.EMP_OFFICE,         he.INCUMBENCY,         he.PROMOTION_DAY,         he.POST_FAMILY,         he.AFFIRM_WORK_AGE,         he.WORK_HOUR_TYPE,         he.DIRECT_INDIRECT_DISTINCTION,         he.RECRUIT_TYPE,         he.INSURANCE_TYPE,         he.INSURANCE_AREA,         he.FILENUMBER,         he.EMPLOYEE_OWNED,         he.WAGE_TYPE,         he.POSITION,         he.DATE_LAST_UP,         he.RECOMMEND,         he.DATE_GROUP_ENTRY,         he.LAST_HAOFENG_DATE,         he.ASSIGNMENT_INFORMATION,         he.COST_CENTER,         he.PAY_STEP_NO,         he.PHONE_CARD_NO,         he.LIZHIREASON,         he.SOCIAL_DIFFERENTIATION,         he.IS_PROBATION,         he.PERSON_SUPPLIER_COMPANY,         he.OT_LIMIT,         he.OT_LIMIT_100,         he.UPDATED_OT_LIMIT_BY,         he.UPDATE_OT_LIMIT_DATE                         FROM hr_employee he               WHERE he.PERSON_ID = ?
### Cause: java.sql.SQLSyntaxErrorException: ORA-00904: "HE"."UPDATE_OT_LIMIT_DATE": invalid identifier

; bad SQL grammar []; nested exception is java.sql.SQLSyntaxErrorException: ORA-00904: "HE"."UPDATE_OT_LIMIT_DATE": invalid identifier

	at at org.springframework.jdbc.support.SQLErrorCodeSQLExceptionTranslator.doTranslate(SQLErrorCodeSQLExceptionTranslator.java:236)
java.lang.RuntimeException: Loi he thong khi xac thuc dang nhap.
	at at com.ait.sy.sys.service.impl.HrAuthenticationServiceImpl.authenticate(HrAuthenticationServiceImpl.java:152)
2026-06-20 23:51:33.186 INFO  [c.a.s.s.s.i.LoggingServiceImpl] [API_ERROR] API GET /error returned 404 in 3ms [correlationId=d89325ba-351f-4e96-9bd3-8bc4ca1f6f78] [ip=0:0:0:0:0:0:0:1] [context={duration=3, referer=http://localhost:8080/login, endpoint=/error, method=GET, responseTime=3, userAgent=Mozilla/5.0 (Windows NT 10.0; Win64; x64) AppleWebKit/537.36 (KHTML, like Gecko) Chrome/149.0.0.0 Safari/537.36, statusCode=404}]
2026-06-20 23:51:33.187 INFO  [c.a.s.s.s.i.LoggingServiceImpl] [SYSTEM_EVENT] HTTP 404 error for GET /error [correlationId=d89325ba-351f-4e96-9bd3-8bc4ca1f6f78] [ip=0:0:0:0:0:0:0:1] [context={duration=3, referer=http://localhost:8080/login, endpoint=/error, method=GET, userAgent=Mozilla/5.0 (Windows NT 10.0; Win64; x64) AppleWebKit/537.36 (KHTML, like Gecko) Chrome/149.0.0.0 Safari/537.36, statusCode=404}]
2026-06-20 23:54:21.595 INFO  [c.a.config.SqlOnlyInterceptor] SQL Execute | mapper=com.ait.sy.syRole.mapper.SyUserMapper.findByUserName | caller=com.ait.sy.sys.service.impl.HrAuthenticationServiceImpl.authenticate(HrAuthenticationServiceImpl.java:74) | command=SELECT | params=[userName='admin'] | sql=SELECT USER_NO, PERSON_ID, CPNY_ID, USER_NAME, PASSWORD, SPECIAL_PARAM, SPECIAL_VALUE, USER_TYPE, PASSWORD_FIRST, PASSWORD_SECOND, PASSWORD_THIRD, CREATE_DATE, CREATED_BY, UPDATE_DATE, UPDATED_BY, ORDERNO, ACTIVITY, PERSONAL_DATA_FLAG, PERSONAL_DATA_UPDATE_DATE, PERSONAL_DATA_UPDATED_IP, PERSONAL_DATA_UPDATED_BY, PERSONAL_SEND_DATA_FLAG, PERSONAL_SEND_DATA_UPDATE_DATE, PERSONAL_SEND_DATA_UPDATED_IP, PERSONAL_SEND_DATA_UPDATED_BY FROM sy_user WHERE USER_NAME = 'admin'
2026-06-20 23:54:21.615 INFO  [c.a.config.SqlOnlyInterceptor] SQL Result  | mapper=com.ait.sy.syRole.mapper.SyUserMapper.findByUserName | caller=com.ait.sy.sys.service.impl.HrAuthenticationServiceImpl.authenticate(HrAuthenticationServiceImpl.java:74) | rowsReturned=1 | took=21 ms
2026-06-20 23:54:21.616 WARN  [o.s.s.c.b.BCryptPasswordEncoder] Encoded password does not look like BCrypt
2026-06-20 23:54:21.619 INFO  [c.a.config.SqlOnlyInterceptor] SQL Execute | mapper=com.ait.hrm.empinfo.mapper.HrEmployeeMapper.findByPersonId | caller=com.ait.sy.sys.service.impl.HrAuthenticationServiceImpl.authenticate(HrAuthenticationServiceImpl.java:100) | command=SELECT | params=[personId='11111112'] | sql=SELECT he.EMPID, he.CHINESE_PINYIN, he.ENGLISH_NAME, he.POSITION_NO, he.POST_GRADE_NO, he.DATE_STARTED, he.END_PROBATION_DATE, he.EMP_TYPE_CODE, he.CPNY_ID, he.PERSON_ID, he.DEPTNO, he.LOCAL_NAME, he.WORK_AREA, he.CREATE_DATE, he.CREATED_BY, he.UPDATE_DATE, he.UPDATED_BY, he.ACTIVITY, he.MAIN_BUSINESS, he.EXPERIENCE, he.UPDATED_IP, he.CREATED_IP, he.KOREAN_NAME, he.EMP_COMMON_TYPE_CODE, he.STANDARD_POSITION, he.DUTY_NO, he.POST_NO, he.STATUS_CODE, he.DATE_LEFT, he.ID_CARD_NO, he.SHIFT_NO, he.EMP_OFFICE, he.INCUMBENCY, he.PROMOTION_DAY, he.POST_FAMILY, he.AFFIRM_WORK_AGE, he.WORK_HOUR_TYPE, he.DIRECT_INDIRECT_DISTINCTION, he.RECRUIT_TYPE, he.INSURANCE_TYPE, he.INSURANCE_AREA, he.FILENUMBER, he.EMPLOYEE_OWNED, he.WAGE_TYPE, he.POSITION, he.DATE_LAST_UP, he.RECOMMEND, he.DATE_GROUP_ENTRY, he.LAST_HAOFENG_DATE, he.ASSIGNMENT_INFORMATION, he.COST_CENTER, he.PAY_STEP_NO, he.PHONE_CARD_NO, he.LIZHIREASON, he.SOCIAL_DIFFERENTIATION, he.IS_PROBATION, he.PERSON_SUPPLIER_COMPANY, he.OT_LIMIT, he.OT_LIMIT_100, he.UPDATED_OT_LIMIT_BY, he.UPDATE_OT_LIMIT_DATE FROM hr_employee he WHERE he.PERSON_ID = '11111112'
2026-06-20 23:54:21.650 ERROR [c.a.config.SqlOnlyInterceptor] SQL Failed  | mapper=com.ait.hrm.empinfo.mapper.HrEmployeeMapper.findByPersonId | caller=com.ait.sy.sys.service.impl.HrAuthenticationServiceImpl.authenticate(HrAuthenticationServiceImpl.java:100) | command=SELECT | took=30 ms | params=[personId='11111112'] | sql=SELECT he.EMPID, he.CHINESE_PINYIN, he.ENGLISH_NAME, he.POSITION_NO, he.POST_GRADE_NO, he.DATE_STARTED, he.END_PROBATION_DATE, he.EMP_TYPE_CODE, he.CPNY_ID, he.PERSON_ID, he.DEPTNO, he.LOCAL_NAME, he.WORK_AREA, he.CREATE_DATE, he.CREATED_BY, he.UPDATE_DATE, he.UPDATED_BY, he.ACTIVITY, he.MAIN_BUSINESS, he.EXPERIENCE, he.UPDATED_IP, he.CREATED_IP, he.KOREAN_NAME, he.EMP_COMMON_TYPE_CODE, he.STANDARD_POSITION, he.DUTY_NO, he.POST_NO, he.STATUS_CODE, he.DATE_LEFT, he.ID_CARD_NO, he.SHIFT_NO, he.EMP_OFFICE, he.INCUMBENCY, he.PROMOTION_DAY, he.POST_FAMILY, he.AFFIRM_WORK_AGE, he.WORK_HOUR_TYPE, he.DIRECT_INDIRECT_DISTINCTION, he.RECRUIT_TYPE, he.INSURANCE_TYPE, he.INSURANCE_AREA, he.FILENUMBER, he.EMPLOYEE_OWNED, he.WAGE_TYPE, he.POSITION, he.DATE_LAST_UP, he.RECOMMEND, he.DATE_GROUP_ENTRY, he.LAST_HAOFENG_DATE, he.ASSIGNMENT_INFORMATION, he.COST_CENTER, he.PAY_STEP_NO, he.PHONE_CARD_NO, he.LIZHIREASON, he.SOCIAL_DIFFERENTIATION, he.IS_PROBATION, he.PERSON_SUPPLIER_COMPANY, he.OT_LIMIT, he.OT_LIMIT_100, he.UPDATED_OT_LIMIT_BY, he.UPDATE_OT_LIMIT_DATE FROM hr_employee he WHERE he.PERSON_ID = '11111112' | errorType=java.lang.reflect.InvocationTargetException | error=null
Caused by: org.apache.ibatis.reflection.ReflectionException: There is no setter for property named 'filenumber' in 'class com.ait.hrm.empinfo.model.HrEmployee'
	at at org.apache.ibatis.reflection.Reflector.getSetInvoker(Reflector.java:379)
Caused by: org.apache.ibatis.reflection.ReflectionException: Could not set property 'filenumber' of 'class com.ait.hrm.empinfo.model.HrEmployee' with value '1' Cause: org.apache.ibatis.reflection.ReflectionException: There is no setter for property named 'filenumber' in 'class com.ait.hrm.empinfo.model.HrEmployee'
	at at org.apache.ibatis.reflection.wrapper.BeanWrapper.setBeanProperty(BeanWrapper.java:184)
java.lang.reflect.InvocationTargetException
	at at java.base/jdk.internal.reflect.NativeMethodAccessorImpl.invoke0(Native Method)
2026-06-20 23:54:21.655 ERROR [c.a.s.s.s.i.HrAuthenticationServiceImpl] Authentication flow failed for username=admin
Caused by: org.apache.ibatis.reflection.ReflectionException: There is no setter for property named 'filenumber' in 'class com.ait.hrm.empinfo.model.HrEmployee'
	at at org.apache.ibatis.reflection.Reflector.getSetInvoker(Reflector.java:379)
Caused by: org.apache.ibatis.reflection.ReflectionException: Could not set property 'filenumber' of 'class com.ait.hrm.empinfo.model.HrEmployee' with value '1' Cause: org.apache.ibatis.reflection.ReflectionException: There is no setter for property named 'filenumber' in 'class com.ait.hrm.empinfo.model.HrEmployee'
	at at org.apache.ibatis.reflection.wrapper.BeanWrapper.setBeanProperty(BeanWrapper.java:184)
org.mybatis.spring.MyBatisSystemException: nested exception is org.apache.ibatis.reflection.ReflectionException: Could not set property 'filenumber' of 'class com.ait.hrm.empinfo.model.HrEmployee' with value '1' Cause: org.apache.ibatis.reflection.ReflectionException: There is no setter for property named 'filenumber' in 'class com.ait.hrm.empinfo.model.HrEmployee'
	at at org.mybatis.spring.MyBatisExceptionTranslator.translateExceptionIfPossible(MyBatisExceptionTranslator.java:97)
2026-06-20 23:54:21.655 ERROR [com.ait.aspect.LoggingAspect] 💥 [AUTH] HrAuthenticationServiceImpl.authenticate() - Failed in 61ms (23:54:21.655) - Error: RuntimeException
2026-06-20 23:54:21.673 ERROR [c.a.s.s.c.AuthController] Login error for user [admin]
Caused by: org.apache.ibatis.reflection.ReflectionException: There is no setter for property named 'filenumber' in 'class com.ait.hrm.empinfo.model.HrEmployee'
	at at org.apache.ibatis.reflection.Reflector.getSetInvoker(Reflector.java:379)
Caused by: org.apache.ibatis.reflection.ReflectionException: Could not set property 'filenumber' of 'class com.ait.hrm.empinfo.model.HrEmployee' with value '1' Cause: org.apache.ibatis.reflection.ReflectionException: There is no setter for property named 'filenumber' in 'class com.ait.hrm.empinfo.model.HrEmployee'
	at at org.apache.ibatis.reflection.wrapper.BeanWrapper.setBeanProperty(BeanWrapper.java:184)
Caused by: org.mybatis.spring.MyBatisSystemException: nested exception is org.apache.ibatis.reflection.ReflectionException: Could not set property 'filenumber' of 'class com.ait.hrm.empinfo.model.HrEmployee' with value '1' Cause: org.apache.ibatis.reflection.ReflectionException: There is no setter for property named 'filenumber' in 'class com.ait.hrm.empinfo.model.HrEmployee'
	at at org.mybatis.spring.MyBatisExceptionTranslator.translateExceptionIfPossible(MyBatisExceptionTranslator.java:97)
java.lang.RuntimeException: Loi he thong khi xac thuc dang nhap.
	at at com.ait.sy.sys.service.impl.HrAuthenticationServiceImpl.authenticate(HrAuthenticationServiceImpl.java:152)
2026-06-20 23:54:21.796 INFO  [c.a.s.s.s.i.LoggingServiceImpl] [API_ERROR] API GET /error returned 404 in 7ms [correlationId=2f0122e6-44a9-46ee-a3d3-4f26a6b604b3] [ip=0:0:0:0:0:0:0:1] [context={duration=7, referer=http://localhost:8080/login, endpoint=/error, method=GET, responseTime=7, userAgent=Mozilla/5.0 (Windows NT 10.0; Win64; x64) AppleWebKit/537.36 (KHTML, like Gecko) Chrome/149.0.0.0 Safari/537.36, statusCode=404}]
2026-06-20 23:54:21.798 INFO  [c.a.s.s.s.i.LoggingServiceImpl] [SYSTEM_EVENT] HTTP 404 error for GET /error [correlationId=2f0122e6-44a9-46ee-a3d3-4f26a6b604b3] [ip=0:0:0:0:0:0:0:1] [context={duration=7, referer=http://localhost:8080/login, endpoint=/error, method=GET, userAgent=Mozilla/5.0 (Windows NT 10.0; Win64; x64) AppleWebKit/537.36 (KHTML, like Gecko) Chrome/149.0.0.0 Safari/537.36, statusCode=404}]
2026-06-20 23:54:30.429 INFO  [c.a.config.SqlOnlyInterceptor] SQL Execute | mapper=com.ait.sy.syRole.mapper.SyUserMapper.findByUserName | caller=com.ait.sy.sys.service.impl.HrAuthenticationServiceImpl.authenticate(HrAuthenticationServiceImpl.java:74) | command=SELECT | params=[userName='admin'] | sql=SELECT USER_NO, PERSON_ID, CPNY_ID, USER_NAME, PASSWORD, SPECIAL_PARAM, SPECIAL_VALUE, USER_TYPE, PASSWORD_FIRST, PASSWORD_SECOND, PASSWORD_THIRD, CREATE_DATE, CREATED_BY, UPDATE_DATE, UPDATED_BY, ORDERNO, ACTIVITY, PERSONAL_DATA_FLAG, PERSONAL_DATA_UPDATE_DATE, PERSONAL_DATA_UPDATED_IP, PERSONAL_DATA_UPDATED_BY, PERSONAL_SEND_DATA_FLAG, PERSONAL_SEND_DATA_UPDATE_DATE, PERSONAL_SEND_DATA_UPDATED_IP, PERSONAL_SEND_DATA_UPDATED_BY FROM sy_user WHERE USER_NAME = 'admin'
2026-06-20 23:54:30.447 INFO  [c.a.config.SqlOnlyInterceptor] SQL Result  | mapper=com.ait.sy.syRole.mapper.SyUserMapper.findByUserName | caller=com.ait.sy.sys.service.impl.HrAuthenticationServiceImpl.authenticate(HrAuthenticationServiceImpl.java:74) | rowsReturned=1 | took=19 ms
2026-06-20 23:54:30.448 WARN  [o.s.s.c.b.BCryptPasswordEncoder] Encoded password does not look like BCrypt
2026-06-20 23:54:30.449 INFO  [c.a.config.SqlOnlyInterceptor] SQL Execute | mapper=com.ait.hrm.empinfo.mapper.HrEmployeeMapper.findByPersonId | caller=com.ait.sy.sys.service.impl.HrAuthenticationServiceImpl.authenticate(HrAuthenticationServiceImpl.java:100) | command=SELECT | params=[personId='11111112'] | sql=SELECT he.EMPID, he.CHINESE_PINYIN, he.ENGLISH_NAME, he.POSITION_NO, he.POST_GRADE_NO, he.DATE_STARTED, he.END_PROBATION_DATE, he.EMP_TYPE_CODE, he.CPNY_ID, he.PERSON_ID, he.DEPTNO, he.LOCAL_NAME, he.WORK_AREA, he.CREATE_DATE, he.CREATED_BY, he.UPDATE_DATE, he.UPDATED_BY, he.ACTIVITY, he.MAIN_BUSINESS, he.EXPERIENCE, he.UPDATED_IP, he.CREATED_IP, he.KOREAN_NAME, he.EMP_COMMON_TYPE_CODE, he.STANDARD_POSITION, he.DUTY_NO, he.POST_NO, he.STATUS_CODE, he.DATE_LEFT, he.ID_CARD_NO, he.SHIFT_NO, he.EMP_OFFICE, he.INCUMBENCY, he.PROMOTION_DAY, he.POST_FAMILY, he.AFFIRM_WORK_AGE, he.WORK_HOUR_TYPE, he.DIRECT_INDIRECT_DISTINCTION, he.RECRUIT_TYPE, he.INSURANCE_TYPE, he.INSURANCE_AREA, he.FILENUMBER, he.EMPLOYEE_OWNED, he.WAGE_TYPE, he.POSITION, he.DATE_LAST_UP, he.RECOMMEND, he.DATE_GROUP_ENTRY, he.LAST_HAOFENG_DATE, he.ASSIGNMENT_INFORMATION, he.COST_CENTER, he.PAY_STEP_NO, he.PHONE_CARD_NO, he.LIZHIREASON, he.SOCIAL_DIFFERENTIATION, he.IS_PROBATION, he.PERSON_SUPPLIER_COMPANY, he.OT_LIMIT, he.OT_LIMIT_100, he.UPDATED_OT_LIMIT_BY, he.UPDATE_OT_LIMIT_DATE FROM hr_employee he WHERE he.PERSON_ID = '11111112'
2026-06-20 23:54:30.473 ERROR [c.a.config.SqlOnlyInterceptor] SQL Failed  | mapper=com.ait.hrm.empinfo.mapper.HrEmployeeMapper.findByPersonId | caller=com.ait.sy.sys.service.impl.HrAuthenticationServiceImpl.authenticate(HrAuthenticationServiceImpl.java:100) | command=SELECT | took=23 ms | params=[personId='11111112'] | sql=SELECT he.EMPID, he.CHINESE_PINYIN, he.ENGLISH_NAME, he.POSITION_NO, he.POST_GRADE_NO, he.DATE_STARTED, he.END_PROBATION_DATE, he.EMP_TYPE_CODE, he.CPNY_ID, he.PERSON_ID, he.DEPTNO, he.LOCAL_NAME, he.WORK_AREA, he.CREATE_DATE, he.CREATED_BY, he.UPDATE_DATE, he.UPDATED_BY, he.ACTIVITY, he.MAIN_BUSINESS, he.EXPERIENCE, he.UPDATED_IP, he.CREATED_IP, he.KOREAN_NAME, he.EMP_COMMON_TYPE_CODE, he.STANDARD_POSITION, he.DUTY_NO, he.POST_NO, he.STATUS_CODE, he.DATE_LEFT, he.ID_CARD_NO, he.SHIFT_NO, he.EMP_OFFICE, he.INCUMBENCY, he.PROMOTION_DAY, he.POST_FAMILY, he.AFFIRM_WORK_AGE, he.WORK_HOUR_TYPE, he.DIRECT_INDIRECT_DISTINCTION, he.RECRUIT_TYPE, he.INSURANCE_TYPE, he.INSURANCE_AREA, he.FILENUMBER, he.EMPLOYEE_OWNED, he.WAGE_TYPE, he.POSITION, he.DATE_LAST_UP, he.RECOMMEND, he.DATE_GROUP_ENTRY, he.LAST_HAOFENG_DATE, he.ASSIGNMENT_INFORMATION, he.COST_CENTER, he.PAY_STEP_NO, he.PHONE_CARD_NO, he.LIZHIREASON, he.SOCIAL_DIFFERENTIATION, he.IS_PROBATION, he.PERSON_SUPPLIER_COMPANY, he.OT_LIMIT, he.OT_LIMIT_100, he.UPDATED_OT_LIMIT_BY, he.UPDATE_OT_LIMIT_DATE FROM hr_employee he WHERE he.PERSON_ID = '11111112' | errorType=java.lang.reflect.InvocationTargetException | error=null
Caused by: org.apache.ibatis.reflection.ReflectionException: There is no setter for property named 'filenumber' in 'class com.ait.hrm.empinfo.model.HrEmployee'
	at at org.apache.ibatis.reflection.Reflector.getSetInvoker(Reflector.java:379)
Caused by: org.apache.ibatis.reflection.ReflectionException: Could not set property 'filenumber' of 'class com.ait.hrm.empinfo.model.HrEmployee' with value '1' Cause: org.apache.ibatis.reflection.ReflectionException: There is no setter for property named 'filenumber' in 'class com.ait.hrm.empinfo.model.HrEmployee'
	at at org.apache.ibatis.reflection.wrapper.BeanWrapper.setBeanProperty(BeanWrapper.java:184)
java.lang.reflect.InvocationTargetException
	at at java.base/jdk.internal.reflect.NativeMethodAccessorImpl.invoke0(Native Method)
2026-06-20 23:54:30.474 ERROR [c.a.s.s.s.i.HrAuthenticationServiceImpl] Authentication flow failed for username=admin
Caused by: org.apache.ibatis.reflection.ReflectionException: There is no setter for property named 'filenumber' in 'class com.ait.hrm.empinfo.model.HrEmployee'
	at at org.apache.ibatis.reflection.Reflector.getSetInvoker(Reflector.java:379)
Caused by: org.apache.ibatis.reflection.ReflectionException: Could not set property 'filenumber' of 'class com.ait.hrm.empinfo.model.HrEmployee' with value '1' Cause: org.apache.ibatis.reflection.ReflectionException: There is no setter for property named 'filenumber' in 'class com.ait.hrm.empinfo.model.HrEmployee'
	at at org.apache.ibatis.reflection.wrapper.BeanWrapper.setBeanProperty(BeanWrapper.java:184)
org.mybatis.spring.MyBatisSystemException: nested exception is org.apache.ibatis.reflection.ReflectionException: Could not set property 'filenumber' of 'class com.ait.hrm.empinfo.model.HrEmployee' with value '1' Cause: org.apache.ibatis.reflection.ReflectionException: There is no setter for property named 'filenumber' in 'class com.ait.hrm.empinfo.model.HrEmployee'
	at at org.mybatis.spring.MyBatisExceptionTranslator.translateExceptionIfPossible(MyBatisExceptionTranslator.java:97)
2026-06-20 23:54:30.475 ERROR [com.ait.aspect.LoggingAspect] 💥 [AUTH] HrAuthenticationServiceImpl.authenticate() - Failed in 47ms (23:54:30.474) - Error: RuntimeException
2026-06-20 23:54:30.490 ERROR [c.a.s.s.c.AuthController] Login error for user [admin]
Caused by: org.apache.ibatis.reflection.ReflectionException: There is no setter for property named 'filenumber' in 'class com.ait.hrm.empinfo.model.HrEmployee'
	at at org.apache.ibatis.reflection.Reflector.getSetInvoker(Reflector.java:379)
Caused by: org.apache.ibatis.reflection.ReflectionException: Could not set property 'filenumber' of 'class com.ait.hrm.empinfo.model.HrEmployee' with value '1' Cause: org.apache.ibatis.reflection.ReflectionException: There is no setter for property named 'filenumber' in 'class com.ait.hrm.empinfo.model.HrEmployee'
	at at org.apache.ibatis.reflection.wrapper.BeanWrapper.setBeanProperty(BeanWrapper.java:184)
Caused by: org.mybatis.spring.MyBatisSystemException: nested exception is org.apache.ibatis.reflection.ReflectionException: Could not set property 'filenumber' of 'class com.ait.hrm.empinfo.model.HrEmployee' with value '1' Cause: org.apache.ibatis.reflection.ReflectionException: There is no setter for property named 'filenumber' in 'class com.ait.hrm.empinfo.model.HrEmployee'
	at at org.mybatis.spring.MyBatisExceptionTranslator.translateExceptionIfPossible(MyBatisExceptionTranslator.java:97)
java.lang.RuntimeException: Loi he thong khi xac thuc dang nhap.
	at at com.ait.sy.sys.service.impl.HrAuthenticationServiceImpl.authenticate(HrAuthenticationServiceImpl.java:152)
2026-06-20 23:54:30.517 INFO  [c.a.s.s.s.i.LoggingServiceImpl] [API_ERROR] API GET /error returned 404 in 3ms [correlationId=67b33b1d-2d04-4498-a9ad-e312526afa70] [ip=0:0:0:0:0:0:0:1] [context={duration=3, referer=http://localhost:8080/login, endpoint=/error, method=GET, responseTime=3, userAgent=Mozilla/5.0 (Windows NT 10.0; Win64; x64) AppleWebKit/537.36 (KHTML, like Gecko) Chrome/149.0.0.0 Safari/537.36, statusCode=404}]
2026-06-20 23:54:30.518 INFO  [c.a.s.s.s.i.LoggingServiceImpl] [SYSTEM_EVENT] HTTP 404 error for GET /error [correlationId=67b33b1d-2d04-4498-a9ad-e312526afa70] [ip=0:0:0:0:0:0:0:1] [context={duration=3, referer=http://localhost:8080/login, endpoint=/error, method=GET, userAgent=Mozilla/5.0 (Windows NT 10.0; Win64; x64) AppleWebKit/537.36 (KHTML, like Gecko) Chrome/149.0.0.0 Safari/537.36, statusCode=404}]
2026-06-20 23:58:51.552 WARN  [o.s.b.a.s.s.UserDetailsServiceAutoConfiguration] 

Using generated security password: 53755452-183e-429b-81ee-d85b0b06ca57

This generated password is for development use only. Your security configuration must be updated before running your application in production.

2026-06-20 23:59:32.539 WARN  [o.a.c.u.SessionIdGeneratorBase] Creation of SecureRandom instance for session ID generation using [SHA1PRNG] took [483] milliseconds.
2026-06-20 23:59:33.925 INFO  [c.a.s.s.s.i.LoggingServiceImpl] [API_ERROR] API GET /error returned 404 in 105ms [correlationId=d36c68f9-5b0a-4773-bb15-cc2c688b7517] [ip=0:0:0:0:0:0:0:1] [context={duration=105, referer=http://localhost:8080/login, endpoint=/error, method=GET, responseTime=105, userAgent=Mozilla/5.0 (Windows NT 10.0; Win64; x64) AppleWebKit/537.36 (KHTML, like Gecko) Chrome/149.0.0.0 Safari/537.36, statusCode=404}]
2026-06-20 23:59:33.929 INFO  [c.a.s.s.s.i.LoggingServiceImpl] [SYSTEM_EVENT] HTTP 404 error for GET /error [correlationId=d36c68f9-5b0a-4773-bb15-cc2c688b7517] [ip=0:0:0:0:0:0:0:1] [context={duration=105, referer=http://localhost:8080/login, endpoint=/error, method=GET, userAgent=Mozilla/5.0 (Windows NT 10.0; Win64; x64) AppleWebKit/537.36 (KHTML, like Gecko) Chrome/149.0.0.0 Safari/537.36, statusCode=404}]
2026-06-20 23:59:35.441 INFO  [c.a.config.SqlOnlyInterceptor] SQL Execute | mapper=com.ait.sy.syRole.mapper.SyUserMapper.findByUserName | caller=com.ait.sy.sys.service.impl.HrAuthenticationServiceImpl.authenticate(HrAuthenticationServiceImpl.java:74) | command=SELECT | params=[userName='admin'] | sql=SELECT USER_NO, PERSON_ID, CPNY_ID, USER_NAME, PASSWORD, SPECIAL_PARAM, SPECIAL_VALUE, USER_TYPE, PASSWORD_FIRST, PASSWORD_SECOND, PASSWORD_THIRD, CREATE_DATE, CREATED_BY, UPDATE_DATE, UPDATED_BY, ORDERNO, ACTIVITY, PERSONAL_DATA_FLAG, PERSONAL_DATA_UPDATE_DATE, PERSONAL_DATA_UPDATED_IP, PERSONAL_DATA_UPDATED_BY, PERSONAL_SEND_DATA_FLAG, PERSONAL_SEND_DATA_UPDATE_DATE, PERSONAL_SEND_DATA_UPDATED_IP, PERSONAL_SEND_DATA_UPDATED_BY FROM sy_user WHERE USER_NAME = 'admin'
2026-06-20 23:59:36.002 INFO  [c.a.config.SqlOnlyInterceptor] SQL Result  | mapper=com.ait.sy.syRole.mapper.SyUserMapper.findByUserName | caller=com.ait.sy.sys.service.impl.HrAuthenticationServiceImpl.authenticate(HrAuthenticationServiceImpl.java:74) | rowsReturned=1 | took=565 ms
2026-06-20 23:59:36.004 WARN  [o.s.s.c.b.BCryptPasswordEncoder] Encoded password does not look like BCrypt
2026-06-20 23:59:36.011 INFO  [c.a.config.SqlOnlyInterceptor] SQL Execute | mapper=com.ait.hrm.empinfo.mapper.HrEmployeeMapper.findByPersonId | caller=com.ait.sy.sys.service.impl.HrAuthenticationServiceImpl.authenticate(HrAuthenticationServiceImpl.java:100) | command=SELECT | params=[personId='11111112'] | sql=SELECT he.EMPID, he.CHINESE_PINYIN, he.ENGLISH_NAME, he.POSITION_NO, he.POST_GRADE_NO, he.DATE_STARTED, he.END_PROBATION_DATE, he.EMP_TYPE_CODE, he.CPNY_ID, he.PERSON_ID, he.DEPTNO, he.LOCAL_NAME, he.WORK_AREA, he.CREATE_DATE, he.CREATED_BY, he.UPDATE_DATE, he.UPDATED_BY, he.ACTIVITY, he.MAIN_BUSINESS, he.EXPERIENCE, he.UPDATED_IP, he.CREATED_IP, he.KOREAN_NAME, he.EMP_COMMON_TYPE_CODE, he.STANDARD_POSITION, he.DUTY_NO, he.POST_NO, he.STATUS_CODE, he.DATE_LEFT, he.ID_CARD_NO, he.SHIFT_NO, he.EMP_OFFICE, he.INCUMBENCY, he.PROMOTION_DAY, he.POST_FAMILY, he.AFFIRM_WORK_AGE, he.WORK_HOUR_TYPE, he.DIRECT_INDIRECT_DISTINCTION, he.RECRUIT_TYPE, he.INSURANCE_TYPE, he.INSURANCE_AREA, he.FILENUMBER, he.EMPLOYEE_OWNED, he.WAGE_TYPE, he.POSITION, he.DATE_LAST_UP, he.RECOMMEND, he.DATE_GROUP_ENTRY, he.LAST_HAOFENG_DATE, he.ASSIGNMENT_INFORMATION, he.COST_CENTER, he.PAY_STEP_NO, he.PHONE_CARD_NO, he.LIZHIREASON, he.SOCIAL_DIFFERENTIATION, he.IS_PROBATION, he.PERSON_SUPPLIER_COMPANY, he.OT_LIMIT, he.OT_LIMIT_100, he.UPDATED_OT_LIMIT_BY, he.UPDATE_OT_LIMIT_DATE FROM hr_employee he WHERE he.PERSON_ID = '11111112'
2026-06-20 23:59:36.048 INFO  [c.a.config.SqlOnlyInterceptor] SQL Result  | mapper=com.ait.hrm.empinfo.mapper.HrEmployeeMapper.findByPersonId | caller=com.ait.sy.sys.service.impl.HrAuthenticationServiceImpl.authenticate(HrAuthenticationServiceImpl.java:100) | rowsReturned=1 | took=38 ms
2026-06-20 23:59:36.053 INFO  [c.a.config.SqlOnlyInterceptor] SQL Execute | mapper=com.ait.hrm.empinfo.mapper.HrPersonalInfoMapper.findByPersonId | caller=com.ait.sy.sys.service.impl.HrAuthenticationServiceImpl.authenticate(HrAuthenticationServiceImpl.java:113) | command=SELECT | params=[lang='vi', lang='vi', lang='vi', lang='vi', lang='vi', personId='11111112'] | sql=SELECT hp.PERSON_ID, hp.FINAL_DEGREE_CODE, GET_GLOBAL_NAME(hp.FINAL_DEGREE_CODE, 'vi') as FINAL_DEGREE_NAME, hp.SEXCODE, GET_GLOBAL_NAME(hp.SEXCODE, 'vi') as SEX_NAME, hp.DOB, hp.NATION_CODE, GET_GLOBAL_NAME(hp.NATION_CODE, 'vi') as NATION_NAME, hp.NATIONALITY_CODE, GET_GLOBAL_NAME(hp.NATIONALITY_CODE, 'vi') as NATIONALITY_NAME, hp.MARITAL_STATUS_CODE, GET_GLOBAL_NAME(hp.MARITAL_STATUS_CODE, 'vi') as MARITAL_STATUS_NAME, hp.WEDDING_DATE, hp.IDCARD_NO, hp.HOME_ADDRESS, hp.EMAIL, hp.REG_TYPE_CODE, hp.REG_PLACE, hp.OFFICE_PHONE, hp.HOME_PHONE, hp.CELLPHONE, hp.PHOTO_PATH, hp.HOUSE_TP, hp.WEDD_DATE, hp.CREATE_DATE, hp.CREATED_BY, hp.UPDATE_DATE, hp.UPDATED_BY, hp.ORDERNO, hp.ACTIVITY, hp.RESIDENTIAL_DISTINCTION, hp.EXIST_SINGLE, hp.SING_ID, hp.COMPANY_PHONE, hp.EMAIL_SECOND, hp.FILE_LOCATION, hp.FILE_ENTER, hp.FILE_OUT, hp.CREATED_IP, hp.UPDATED_IP, hp.CONTACT_PHONE, hp.EXT, hp.INTERESTED, hp.OLD_DEPARTMENT, hp.MARRIAGE_SUPPLEMENT, hp.CHARACTER_CODE, hp.SAFE_TYPE_CODE, hp.POLITICAL_STATUS, hp.CHILDREN_CODE, hp.SAFE_ADDRESS_CODE, hp.INSURANCE_DISTINGUISH, hp.IDCARD_EXPIRE_DATE, hp.LONG_TERM, hp.REMARK, hp.GROUP_RESIDENCE, hp.INSURANCE_XZ, hp.DOCUMENT_TYPE, hp.RELIGION, hp.ORIGIN, hp.IDCARD_START_DATE, hp.BECOME_REGULAR_EVALUATE, hp.POLITICAL_OUTLOOK, hp.ISSUING_AUTHORITY, hp.CV_UPDATE_STATUS, hp.ARMY_OR_NOT, hp.OBSTACLE_OR_NOT, hp.GRADUATION_ACHIEVEMENT, hp.AVERAGE_SCORE, hp.LANGUAGE_ABILITY, hp.HEIGHT, hp.WEIGHT, hp.PERSON_SUPPLIER_COMPANY FROM hr_personal_info hp WHERE hp.PERSON_ID = '11111112' AND hp.ACTIVITY = 1
2026-06-20 23:59:36.126 INFO  [c.a.config.SqlOnlyInterceptor] SQL Result  | mapper=com.ait.hrm.empinfo.mapper.HrPersonalInfoMapper.findByPersonId | caller=com.ait.sy.sys.service.impl.HrAuthenticationServiceImpl.authenticate(HrAuthenticationServiceImpl.java:113) | rowsReturned=1 | took=74 ms
2026-06-20 23:59:36.130 INFO  [c.a.config.SqlOnlyInterceptor] SQL Execute | mapper=com.ait.org.orgManage.mapper.HrDepartmentMapper.findByDeptNo | caller=com.ait.sy.sys.service.impl.HrAuthenticationServiceImpl.authenticate(HrAuthenticationServiceImpl.java:120) | command=SELECT | params=[deptNo='HAE'] | sql=SELECT hd.DEPTID, hd.CPNY_ID, hd.DATE_CREATED, hd.DATE_ENDED, hd.DEPT_LEVEL, hd.MANAGER_EMP_ID, hd.DEPTNO, hd.PARENT_DEPT_NO, hd.WORK_AREA, hd.DEPT_TYPE, hd.ORG_NAME_ENG, hd.ORG_NAME_LOCAL, hd.ORG_LEVEL, hd.COST_CENTER, hd.USE_YN, hd.CREATE_DATE, hd.CREATED_BY, hd.UPDATE_DATE, hd.UPDATED_BY, hd.ORDERNO, hd.ACTIVITY, hd.IS_DEPT, hd.IS_PART_TIME, hd.PRODUCT_TYPE, hd.CREATED_IP, hd.UPDATED_IP, hd.RESUME_NO, hd.REMARK, hd.FEE_STANDARD, hd.DEPT_DISTINGUISH_STANDARD, hd.PREP_MANAGER_EMP_ID, hd.ORDER_NO, hd.ORG_NAME_KO, hd.ORG_NAME_VI FROM hr_department hd WHERE hd.DEPTNO = 'HAE'
2026-06-20 23:59:36.164 INFO  [c.a.config.SqlOnlyInterceptor] SQL Result  | mapper=com.ait.org.orgManage.mapper.HrDepartmentMapper.findByDeptNo | caller=com.ait.sy.sys.service.impl.HrAuthenticationServiceImpl.authenticate(HrAuthenticationServiceImpl.java:120) | rowsReturned=1 | took=36 ms
2026-06-20 23:59:36.167 INFO  [c.a.config.SqlOnlyInterceptor] SQL Execute | mapper=com.ait.sy.syRole.mapper.SyUserMapper.updateLastLogin | caller=com.ait.sy.sys.service.impl.HrAuthenticationServiceImpl.authenticate(HrAuthenticationServiceImpl.java:133) | command=UPDATE | params=[userNo='111112'] | sql=UPDATE sy_user SET UPDATE_DATE = SYSDATE WHERE USER_NO = '111112'
2026-06-20 23:59:36.188 INFO  [c.a.config.SqlOnlyInterceptor] SQL Result  | mapper=com.ait.sy.syRole.mapper.SyUserMapper.updateLastLogin | caller=com.ait.sy.sys.service.impl.HrAuthenticationServiceImpl.authenticate(HrAuthenticationServiceImpl.java:133) | rowsAffected=1 | took=22 ms
2026-06-20 23:59:36.190 INFO  [c.a.s.s.s.i.HrAuthenticationServiceImpl] Plain-text password detected for user=admin, requirePasswordChange=true
2026-06-20 23:59:36.192 INFO  [c.a.s.s.s.i.HrAuthenticationServiceImpl] Successful login for user=admin from IP=0:0:0:0:0:0:0:1
2026-06-20 23:59:36.237 INFO  [c.a.config.SqlOnlyInterceptor] SQL Execute | mapper=com.ait.sy.syRole.mapper.SyUserRelationMapper.findActiveByUserNo | caller=com.ait.sy.sys.service.impl.PermissionServiceImpl.getUserRoleGroups(PermissionServiceImpl.java:51) | command=SELECT | params=[userNo='111112'] | sql=SELECT USER_NO, ROLE_GROUP_NO, CREATE_DATE, CREATED_BY, UPDATE_DATE, UPDATED_BY, ORDERNO, ACTIVITY FROM sy_user_relation WHERE USER_NO = '111112' AND ACTIVITY = 1 ORDER BY ORDERNO
2026-06-20 23:59:36.267 INFO  [c.a.config.SqlOnlyInterceptor] SQL Result  | mapper=com.ait.sy.syRole.mapper.SyUserRelationMapper.findActiveByUserNo | caller=com.ait.sy.sys.service.impl.PermissionServiceImpl.getUserRoleGroups(PermissionServiceImpl.java:51) | rowsReturned=6 | took=31 ms
2026-06-20 23:59:36.333 INFO  [c.a.config.SqlOnlyInterceptor] SQL Execute | mapper=com.ait.sy.syRole.mapper.SyRoleGroupMapper.findByRoleGroupNo | caller=com.ait.sy.sys.service.impl.PermissionServiceImpl.lambda$0(PermissionServiceImpl.java:53) | command=SELECT | params=[roleGroupNo='00036', cpnyId='HAE'] | sql=SELECT * FROM SY_ROLE_GROUP WHERE ROLE_GROUP_NO = '00036' AND CPNY_ID = 'HAE'
2026-06-20 23:59:36.361 INFO  [c.a.config.SqlOnlyInterceptor] SQL Result  | mapper=com.ait.sy.syRole.mapper.SyRoleGroupMapper.findByRoleGroupNo | caller=com.ait.sy.sys.service.impl.PermissionServiceImpl.lambda$0(PermissionServiceImpl.java:53) | rowsReturned=1 | took=90 ms
2026-06-20 23:59:36.363 INFO  [c.a.config.SqlOnlyInterceptor] SQL Execute | mapper=com.ait.sy.syRole.mapper.SyRoleGroupMapper.findByRoleGroupNo | caller=com.ait.sy.sys.service.impl.PermissionServiceImpl.lambda$0(PermissionServiceImpl.java:53) | command=SELECT | params=[roleGroupNo='219860', cpnyId='HAE'] | sql=SELECT * FROM SY_ROLE_GROUP WHERE ROLE_GROUP_NO = '219860' AND CPNY_ID = 'HAE'
2026-06-20 23:59:36.382 INFO  [c.a.config.SqlOnlyInterceptor] SQL Result  | mapper=com.ait.sy.syRole.mapper.SyRoleGroupMapper.findByRoleGroupNo | caller=com.ait.sy.sys.service.impl.PermissionServiceImpl.lambda$0(PermissionServiceImpl.java:53) | rowsReturned=1 | took=19 ms
2026-06-20 23:59:36.385 INFO  [c.a.config.SqlOnlyInterceptor] SQL Execute | mapper=com.ait.sy.syRole.mapper.SyRoleGroupMapper.findByRoleGroupNo | caller=com.ait.sy.sys.service.impl.PermissionServiceImpl.lambda$0(PermissionServiceImpl.java:53) | command=SELECT | params=[roleGroupNo='14013643', cpnyId='HAE'] | sql=SELECT * FROM SY_ROLE_GROUP WHERE ROLE_GROUP_NO = '14013643' AND CPNY_ID = 'HAE'
2026-06-20 23:59:36.415 INFO  [c.a.config.SqlOnlyInterceptor] SQL Result  | mapper=com.ait.sy.syRole.mapper.SyRoleGroupMapper.findByRoleGroupNo | caller=com.ait.sy.sys.service.impl.PermissionServiceImpl.lambda$0(PermissionServiceImpl.java:53) | rowsReturned=1 | took=30 ms
2026-06-20 23:59:36.417 INFO  [c.a.config.SqlOnlyInterceptor] SQL Execute | mapper=com.ait.sy.syRole.mapper.SyRoleGroupMapper.findByRoleGroupNo | caller=com.ait.sy.sys.service.impl.PermissionServiceImpl.lambda$0(PermissionServiceImpl.java:53) | command=SELECT | params=[roleGroupNo='14013641', cpnyId='HAE'] | sql=SELECT * FROM SY_ROLE_GROUP WHERE ROLE_GROUP_NO = '14013641' AND CPNY_ID = 'HAE'
2026-06-20 23:59:36.435 INFO  [c.a.config.SqlOnlyInterceptor] SQL Result  | mapper=com.ait.sy.syRole.mapper.SyRoleGroupMapper.findByRoleGroupNo | caller=com.ait.sy.sys.service.impl.PermissionServiceImpl.lambda$0(PermissionServiceImpl.java:53) | rowsReturned=1 | took=19 ms
2026-06-20 23:59:36.438 INFO  [c.a.config.SqlOnlyInterceptor] SQL Execute | mapper=com.ait.sy.syRole.mapper.SyRoleGroupMapper.findByRoleGroupNo | caller=com.ait.sy.sys.service.impl.PermissionServiceImpl.lambda$0(PermissionServiceImpl.java:53) | command=SELECT | params=[roleGroupNo='14013642', cpnyId='HAE'] | sql=SELECT * FROM SY_ROLE_GROUP WHERE ROLE_GROUP_NO = '14013642' AND CPNY_ID = 'HAE'
2026-06-20 23:59:36.455 INFO  [c.a.config.SqlOnlyInterceptor] SQL Result  | mapper=com.ait.sy.syRole.mapper.SyRoleGroupMapper.findByRoleGroupNo | caller=com.ait.sy.sys.service.impl.PermissionServiceImpl.lambda$0(PermissionServiceImpl.java:53) | rowsReturned=1 | took=18 ms
2026-06-20 23:59:36.457 INFO  [c.a.config.SqlOnlyInterceptor] SQL Execute | mapper=com.ait.sy.syRole.mapper.SyRoleGroupMapper.findByRoleGroupNo | caller=com.ait.sy.sys.service.impl.PermissionServiceImpl.lambda$0(PermissionServiceImpl.java:53) | command=SELECT | params=[roleGroupNo='219869', cpnyId='HAE'] | sql=SELECT * FROM SY_ROLE_GROUP WHERE ROLE_GROUP_NO = '219869' AND CPNY_ID = 'HAE'
2026-06-20 23:59:36.475 INFO  [c.a.config.SqlOnlyInterceptor] SQL Result  | mapper=com.ait.sy.syRole.mapper.SyRoleGroupMapper.findByRoleGroupNo | caller=com.ait.sy.sys.service.impl.PermissionServiceImpl.lambda$0(PermissionServiceImpl.java:53) | rowsReturned=1 | took=18 ms
2026-06-20 23:59:36.477 INFO  [c.a.config.SqlOnlyInterceptor] SQL Execute | mapper=com.ait.sy.syRole.mapper.SyUserRelationMapper.findActiveByUserNo | caller=com.ait.sy.sys.service.impl.PermissionServiceImpl.getUserRoleGroups(PermissionServiceImpl.java:51) | command=SELECT | params=[userNo='111112'] | sql=SELECT USER_NO, ROLE_GROUP_NO, CREATE_DATE, CREATED_BY, UPDATE_DATE, UPDATED_BY, ORDERNO, ACTIVITY FROM sy_user_relation WHERE USER_NO = '111112' AND ACTIVITY = 1 ORDER BY ORDERNO
2026-06-20 23:59:36.478 INFO  [c.a.config.SqlOnlyInterceptor] SQL Result  | mapper=com.ait.sy.syRole.mapper.SyUserRelationMapper.findActiveByUserNo | caller=com.ait.sy.sys.service.impl.PermissionServiceImpl.getUserRoleGroups(PermissionServiceImpl.java:51) | rowsReturned=6 | took=1 ms
2026-06-20 23:59:36.480 INFO  [c.a.config.SqlOnlyInterceptor] SQL Execute | mapper=com.ait.sy.syRole.mapper.SyRoleGroupMapper.findByRoleGroupNo | caller=com.ait.sy.sys.service.impl.PermissionServiceImpl.lambda$0(PermissionServiceImpl.java:53) | command=SELECT | params=[roleGroupNo='00036', cpnyId='HAE'] | sql=SELECT * FROM SY_ROLE_GROUP WHERE ROLE_GROUP_NO = '00036' AND CPNY_ID = 'HAE'
2026-06-20 23:59:36.480 INFO  [c.a.config.SqlOnlyInterceptor] SQL Result  | mapper=com.ait.sy.syRole.mapper.SyRoleGroupMapper.findByRoleGroupNo | caller=com.ait.sy.sys.service.impl.PermissionServiceImpl.lambda$0(PermissionServiceImpl.java:53) | rowsReturned=1 | took=1 ms
2026-06-20 23:59:36.481 INFO  [c.a.config.SqlOnlyInterceptor] SQL Execute | mapper=com.ait.sy.syRole.mapper.SyRoleGroupMapper.findByRoleGroupNo | caller=com.ait.sy.sys.service.impl.PermissionServiceImpl.lambda$0(PermissionServiceImpl.java:53) | command=SELECT | params=[roleGroupNo='219860', cpnyId='HAE'] | sql=SELECT * FROM SY_ROLE_GROUP WHERE ROLE_GROUP_NO = '219860' AND CPNY_ID = 'HAE'
2026-06-20 23:59:36.483 INFO  [c.a.config.SqlOnlyInterceptor] SQL Result  | mapper=com.ait.sy.syRole.mapper.SyRoleGroupMapper.findByRoleGroupNo | caller=com.ait.sy.sys.service.impl.PermissionServiceImpl.lambda$0(PermissionServiceImpl.java:53) | rowsReturned=1 | took=2 ms
2026-06-20 23:59:36.485 INFO  [c.a.config.SqlOnlyInterceptor] SQL Execute | mapper=com.ait.sy.syRole.mapper.SyRoleGroupMapper.findByRoleGroupNo | caller=com.ait.sy.sys.service.impl.PermissionServiceImpl.lambda$0(PermissionServiceImpl.java:53) | command=SELECT | params=[roleGroupNo='14013643', cpnyId='HAE'] | sql=SELECT * FROM SY_ROLE_GROUP WHERE ROLE_GROUP_NO = '14013643' AND CPNY_ID = 'HAE'
2026-06-20 23:59:36.485 INFO  [c.a.config.SqlOnlyInterceptor] SQL Result  | mapper=com.ait.sy.syRole.mapper.SyRoleGroupMapper.findByRoleGroupNo | caller=com.ait.sy.sys.service.impl.PermissionServiceImpl.lambda$0(PermissionServiceImpl.java:53) | rowsReturned=1 | took=1 ms
2026-06-20 23:59:36.488 INFO  [c.a.config.SqlOnlyInterceptor] SQL Execute | mapper=com.ait.sy.syRole.mapper.SyRoleGroupMapper.findByRoleGroupNo | caller=com.ait.sy.sys.service.impl.PermissionServiceImpl.lambda$0(PermissionServiceImpl.java:53) | command=SELECT | params=[roleGroupNo='14013641', cpnyId='HAE'] | sql=SELECT * FROM SY_ROLE_GROUP WHERE ROLE_GROUP_NO = '14013641' AND CPNY_ID = 'HAE'
2026-06-20 23:59:36.489 INFO  [c.a.config.SqlOnlyInterceptor] SQL Result  | mapper=com.ait.sy.syRole.mapper.SyRoleGroupMapper.findByRoleGroupNo | caller=com.ait.sy.sys.service.impl.PermissionServiceImpl.lambda$0(PermissionServiceImpl.java:53) | rowsReturned=1 | took=1 ms
2026-06-20 23:59:36.490 INFO  [c.a.config.SqlOnlyInterceptor] SQL Execute | mapper=com.ait.sy.syRole.mapper.SyRoleGroupMapper.findByRoleGroupNo | caller=com.ait.sy.sys.service.impl.PermissionServiceImpl.lambda$0(PermissionServiceImpl.java:53) | command=SELECT | params=[roleGroupNo='14013642', cpnyId='HAE'] | sql=SELECT * FROM SY_ROLE_GROUP WHERE ROLE_GROUP_NO = '14013642' AND CPNY_ID = 'HAE'
2026-06-20 23:59:36.491 INFO  [c.a.config.SqlOnlyInterceptor] SQL Result  | mapper=com.ait.sy.syRole.mapper.SyRoleGroupMapper.findByRoleGroupNo | caller=com.ait.sy.sys.service.impl.PermissionServiceImpl.lambda$0(PermissionServiceImpl.java:53) | rowsReturned=1 | took=1 ms
2026-06-20 23:59:36.495 INFO  [c.a.config.SqlOnlyInterceptor] SQL Execute | mapper=com.ait.sy.syRole.mapper.SyRoleGroupMapper.findByRoleGroupNo | caller=com.ait.sy.sys.service.impl.PermissionServiceImpl.lambda$0(PermissionServiceImpl.java:53) | command=SELECT | params=[roleGroupNo='219869', cpnyId='HAE'] | sql=SELECT * FROM SY_ROLE_GROUP WHERE ROLE_GROUP_NO = '219869' AND CPNY_ID = 'HAE'
2026-06-20 23:59:36.496 INFO  [c.a.config.SqlOnlyInterceptor] SQL Result  | mapper=com.ait.sy.syRole.mapper.SyRoleGroupMapper.findByRoleGroupNo | caller=com.ait.sy.sys.service.impl.PermissionServiceImpl.lambda$0(PermissionServiceImpl.java:53) | rowsReturned=1 | took=2 ms
2026-06-20 23:59:36.501 INFO  [c.a.config.SqlOnlyInterceptor] SQL Execute | mapper=com.ait.sy.syRole.mapper.SyRoleMapper.findByRoleGroupNo | caller=com.ait.sy.sys.service.impl.PermissionServiceImpl.lambda$2(PermissionServiceImpl.java:73) | command=SELECT | params=[roleGroupNo='00036'] | sql=SELECT r.ROLE_NO, r.ROLE_ID, r.CPNY_ID, r.CREATE_DATE, r.CREATED_BY, r.UPDATE_DATE, r.UPDATED_BY, r.ORDERNO, r.ACTIVITY, r.SYS_TYPE FROM sy_role r INNER JOIN sy_role_group_relation rgr ON r.ROLE_NO = rgr.ROLE_NO WHERE rgr.ROLE_GROUP_NO = '00036' AND r.ACTIVITY = 1 AND rgr.ACTIVITY = 1 ORDER BY r.ORDERNO
2026-06-20 23:59:36.534 INFO  [c.a.config.SqlOnlyInterceptor] SQL Result  | mapper=com.ait.sy.syRole.mapper.SyRoleMapper.findByRoleGroupNo | caller=com.ait.sy.sys.service.impl.PermissionServiceImpl.lambda$2(PermissionServiceImpl.java:73) | rowsReturned=1 | took=34 ms
2026-06-20 23:59:36.536 INFO  [c.a.config.SqlOnlyInterceptor] SQL Execute | mapper=com.ait.sy.syRole.mapper.SyRoleMapper.findByRoleGroupNo | caller=com.ait.sy.sys.service.impl.PermissionServiceImpl.lambda$2(PermissionServiceImpl.java:73) | command=SELECT | params=[roleGroupNo='219860'] | sql=SELECT r.ROLE_NO, r.ROLE_ID, r.CPNY_ID, r.CREATE_DATE, r.CREATED_BY, r.UPDATE_DATE, r.UPDATED_BY, r.ORDERNO, r.ACTIVITY, r.SYS_TYPE FROM sy_role r INNER JOIN sy_role_group_relation rgr ON r.ROLE_NO = rgr.ROLE_NO WHERE rgr.ROLE_GROUP_NO = '219860' AND r.ACTIVITY = 1 AND rgr.ACTIVITY = 1 ORDER BY r.ORDERNO
2026-06-20 23:59:36.572 INFO  [c.a.config.SqlOnlyInterceptor] SQL Result  | mapper=com.ait.sy.syRole.mapper.SyRoleMapper.findByRoleGroupNo | caller=com.ait.sy.sys.service.impl.PermissionServiceImpl.lambda$2(PermissionServiceImpl.java:73) | rowsReturned=11 | took=37 ms
2026-06-20 23:59:36.574 INFO  [c.a.config.SqlOnlyInterceptor] SQL Execute | mapper=com.ait.sy.syRole.mapper.SyRoleMapper.findByRoleGroupNo | caller=com.ait.sy.sys.service.impl.PermissionServiceImpl.lambda$2(PermissionServiceImpl.java:73) | command=SELECT | params=[roleGroupNo='14013643'] | sql=SELECT r.ROLE_NO, r.ROLE_ID, r.CPNY_ID, r.CREATE_DATE, r.CREATED_BY, r.UPDATE_DATE, r.UPDATED_BY, r.ORDERNO, r.ACTIVITY, r.SYS_TYPE FROM sy_role r INNER JOIN sy_role_group_relation rgr ON r.ROLE_NO = rgr.ROLE_NO WHERE rgr.ROLE_GROUP_NO = '14013643' AND r.ACTIVITY = 1 AND rgr.ACTIVITY = 1 ORDER BY r.ORDERNO
2026-06-20 23:59:36.591 INFO  [c.a.config.SqlOnlyInterceptor] SQL Result  | mapper=com.ait.sy.syRole.mapper.SyRoleMapper.findByRoleGroupNo | caller=com.ait.sy.sys.service.impl.PermissionServiceImpl.lambda$2(PermissionServiceImpl.java:73) | rowsReturned=1 | took=17 ms
2026-06-20 23:59:36.593 INFO  [c.a.config.SqlOnlyInterceptor] SQL Execute | mapper=com.ait.sy.syRole.mapper.SyRoleMapper.findByRoleGroupNo | caller=com.ait.sy.sys.service.impl.PermissionServiceImpl.lambda$2(PermissionServiceImpl.java:73) | command=SELECT | params=[roleGroupNo='14013641'] | sql=SELECT r.ROLE_NO, r.ROLE_ID, r.CPNY_ID, r.CREATE_DATE, r.CREATED_BY, r.UPDATE_DATE, r.UPDATED_BY, r.ORDERNO, r.ACTIVITY, r.SYS_TYPE FROM sy_role r INNER JOIN sy_role_group_relation rgr ON r.ROLE_NO = rgr.ROLE_NO WHERE rgr.ROLE_GROUP_NO = '14013641' AND r.ACTIVITY = 1 AND rgr.ACTIVITY = 1 ORDER BY r.ORDERNO
2026-06-20 23:59:36.612 INFO  [c.a.config.SqlOnlyInterceptor] SQL Result  | mapper=com.ait.sy.syRole.mapper.SyRoleMapper.findByRoleGroupNo | caller=com.ait.sy.sys.service.impl.PermissionServiceImpl.lambda$2(PermissionServiceImpl.java:73) | rowsReturned=1 | took=19 ms
2026-06-20 23:59:36.614 INFO  [c.a.config.SqlOnlyInterceptor] SQL Execute | mapper=com.ait.sy.syRole.mapper.SyRoleMapper.findByRoleGroupNo | caller=com.ait.sy.sys.service.impl.PermissionServiceImpl.lambda$2(PermissionServiceImpl.java:73) | command=SELECT | params=[roleGroupNo='14013642'] | sql=SELECT r.ROLE_NO, r.ROLE_ID, r.CPNY_ID, r.CREATE_DATE, r.CREATED_BY, r.UPDATE_DATE, r.UPDATED_BY, r.ORDERNO, r.ACTIVITY, r.SYS_TYPE FROM sy_role r INNER JOIN sy_role_group_relation rgr ON r.ROLE_NO = rgr.ROLE_NO WHERE rgr.ROLE_GROUP_NO = '14013642' AND r.ACTIVITY = 1 AND rgr.ACTIVITY = 1 ORDER BY r.ORDERNO
2026-06-20 23:59:36.633 INFO  [c.a.config.SqlOnlyInterceptor] SQL Result  | mapper=com.ait.sy.syRole.mapper.SyRoleMapper.findByRoleGroupNo | caller=com.ait.sy.sys.service.impl.PermissionServiceImpl.lambda$2(PermissionServiceImpl.java:73) | rowsReturned=1 | took=19 ms
2026-06-20 23:59:36.638 INFO  [c.a.config.SqlOnlyInterceptor] SQL Execute | mapper=com.ait.sy.syRole.mapper.SyRoleMapper.findByRoleGroupNo | caller=com.ait.sy.sys.service.impl.PermissionServiceImpl.lambda$2(PermissionServiceImpl.java:73) | command=SELECT | params=[roleGroupNo='219869'] | sql=SELECT r.ROLE_NO, r.ROLE_ID, r.CPNY_ID, r.CREATE_DATE, r.CREATED_BY, r.UPDATE_DATE, r.UPDATED_BY, r.ORDERNO, r.ACTIVITY, r.SYS_TYPE FROM sy_role r INNER JOIN sy_role_group_relation rgr ON r.ROLE_NO = rgr.ROLE_NO WHERE rgr.ROLE_GROUP_NO = '219869' AND r.ACTIVITY = 1 AND rgr.ACTIVITY = 1 ORDER BY r.ORDERNO
2026-06-20 23:59:36.663 INFO  [c.a.config.SqlOnlyInterceptor] SQL Result  | mapper=com.ait.sy.syRole.mapper.SyRoleMapper.findByRoleGroupNo | caller=com.ait.sy.sys.service.impl.PermissionServiceImpl.lambda$2(PermissionServiceImpl.java:73) | rowsReturned=1 | took=26 ms
2026-06-20 23:59:36.666 INFO  [c.a.config.SqlOnlyInterceptor] SQL Execute | mapper=com.ait.sy.basicMaintenance.mapper.SyMenuMapper.findMenuTreeByUserNo | caller=com.ait.sy.sys.service.impl.PermissionServiceImpl.getUserMenus(PermissionServiceImpl.java:91) | command=SELECT | params=[userNo='111112'] | sql=SELECT DISTINCT m.* FROM sy_menu m INNER JOIN sy_role_relation rr ON m.MENU_NO = rr.MENU_NO INNER JOIN sy_role r ON rr.ROLE_NO = r.ROLE_NO INNER JOIN sy_role_group_relation rgr ON rr.ROLE_NO = rgr.ROLE_NO INNER JOIN sy_user_relation ur ON rgr.ROLE_GROUP_NO = ur.ROLE_GROUP_NO WHERE m.ACTIVITY = 1 AND rr.ACTIVITY = 1 AND r.ACTIVITY = 1 AND rgr.ACTIVITY = 1 AND ur.ACTIVITY = 1 AND NVL(TO_CHAR(r.SYS_TYPE), '0') = '1' AND ur.USER_NO = '111112' ORDER BY m.DEPTH, m.ORDERNO
2026-06-20 23:59:37.103 INFO  [c.a.config.SqlOnlyInterceptor] SQL Result  | mapper=com.ait.sy.basicMaintenance.mapper.SyMenuMapper.findMenuTreeByUserNo | caller=com.ait.sy.sys.service.impl.PermissionServiceImpl.getUserMenus(PermissionServiceImpl.java:91) | rowsReturned=174 | took=437 ms
2026-06-20 23:59:37.141 INFO  [c.a.config.SqlOnlyInterceptor] SQL Execute | mapper=com.ait.sy.sys.mapper.MenuMapper.countMenusByUserPermissionBySysType | caller=com.ait.sy.sys.service.impl.MenuServiceImpl.hasMenusByUserPermissionBySysType(MenuServiceImpl.java:79) | command=SELECT | params=[cpnyId='HAE', userNo='111112', sysType='0'] | sql=SELECT COUNT(DISTINCT m.MENU_NO) FROM SY_MENU m JOIN SY_MENU_PARAM mp ON m.MENU_NO = mp.MENU_NO AND mp.CPNY_ID = 'HAE' INNER JOIN SY_ROLE_RELATION rr ON m.MENU_NO = rr.MENU_NO INNER JOIN SY_ROLE r ON rr.ROLE_NO = r.ROLE_NO INNER JOIN SY_ROLE_GROUP_RELATION rgr ON rr.ROLE_NO = rgr.ROLE_NO INNER JOIN SY_USER_RELATION ur ON rgr.ROLE_GROUP_NO = ur.ROLE_GROUP_NO WHERE ur.USER_NO = '111112' AND m.ACTIVITY = 1 AND rr.ACTIVITY = 1 AND r.ACTIVITY = 1 AND rgr.ACTIVITY = 1 AND ur.ACTIVITY = 1 AND rr.SELECTR = 1 AND NVL(TO_CHAR(r.SYS_TYPE), '0') = '0'
2026-06-20 23:59:37.214 INFO  [c.a.config.SqlOnlyInterceptor] SQL Result  | mapper=com.ait.sy.sys.mapper.MenuMapper.countMenusByUserPermissionBySysType | caller=com.ait.sy.sys.service.impl.MenuServiceImpl.hasMenusByUserPermissionBySysType(MenuServiceImpl.java:79) | rowsReturned=1 | took=74 ms
2026-06-20 23:59:37.307 INFO  [c.a.config.SqlOnlyInterceptor] SQL Execute | mapper=com.ait.sy.sys.mapper.MenuMapper.getMenusByUserPermissionBySysType | caller=com.ait.sy.sys.service.impl.MenuServiceImpl.getMenusByUserPermissionBySysType(MenuServiceImpl.java:37) | command=SELECT | params=[lang='vi', cpnyId='HAE', userNo='111112', sysType='1'] | sql=SELECT DISTINCT m.MENU_NO, m.MENU_PARENT_NO, m.MENU_CODE, GET_GLOBAL_NAME(m.MENU_NO, 'vi') AS MENU_NAME, m.MENU_IMG, m.MENU_URL, m.DEPTH, m.ORDERNO AS ORDER_NO, m.ACTIVITY FROM SY_MENU m JOIN SY_MENU_PARAM mp ON m.MENU_NO = mp.MENU_NO AND mp.CPNY_ID = 'HAE' INNER JOIN SY_ROLE_RELATION rr ON m.MENU_NO = rr.MENU_NO INNER JOIN SY_ROLE r ON rr.ROLE_NO = r.ROLE_NO INNER JOIN SY_ROLE_GROUP_RELATION rgr ON rr.ROLE_NO = rgr.ROLE_NO INNER JOIN SY_USER_RELATION ur ON rgr.ROLE_GROUP_NO = ur.ROLE_GROUP_NO WHERE ur.USER_NO = '111112' AND m.ACTIVITY = 1 AND rr.ACTIVITY = 1 AND r.ACTIVITY = 1 AND rgr.ACTIVITY = 1 AND ur.ACTIVITY = 1 AND rr.SELECTR = 1 AND NVL(TO_CHAR(r.SYS_TYPE), '0') = '1' ORDER BY m.DEPTH, m.ORDERNO
2026-06-20 23:59:37.602 INFO  [c.a.config.SqlOnlyInterceptor] SQL Result  | mapper=com.ait.sy.sys.mapper.MenuMapper.getMenusByUserPermissionBySysType | caller=com.ait.sy.sys.service.impl.MenuServiceImpl.getMenusByUserPermissionBySysType(MenuServiceImpl.java:37) | rowsReturned=116 | took=297 ms
2026-06-20 23:59:37.632 INFO  [c.a.config.SqlOnlyInterceptor] SQL Execute | mapper=com.ait.hrm.contract.mapper.HrContractMapper.countExpiringContracts | caller=com.ait.hrm.contract.service.impl.HrContractServiceImpl.countExpiringContracts(HrContractServiceImpl.java:239) | command=SELECT | params=[days=7] | sql=SELECT COUNT(*) FROM HR_CONTRACT hc WHERE hc.ACTIVITY = 'ACTIVE' AND TRUNC(hc.END_CONTRACT_DATE) BETWEEN TRUNC(SYSDATE) AND TRUNC(SYSDATE) + 7
2026-06-20 23:59:37.704 ERROR [c.a.config.SqlOnlyInterceptor] SQL Failed  | mapper=com.ait.hrm.contract.mapper.HrContractMapper.countExpiringContracts | caller=com.ait.hrm.contract.service.impl.HrContractServiceImpl.countExpiringContracts(HrContractServiceImpl.java:239) | command=SELECT | took=58 ms | params=[days=7] | sql=SELECT COUNT(*) FROM HR_CONTRACT hc WHERE hc.ACTIVITY = 'ACTIVE' AND TRUNC(hc.END_CONTRACT_DATE) BETWEEN TRUNC(SYSDATE) AND TRUNC(SYSDATE) + 7 | errorType=java.lang.reflect.InvocationTargetException | error=null
Caused by: oracle.jdbc.OracleDatabaseException: ORA-01722: invalid number

	at at oracle.jdbc.driver.T4CTTIoer11.processError(T4CTTIoer11.java:636)
Caused by: java.sql.SQLSyntaxErrorException: ORA-01722: invalid number

	at at oracle.jdbc.driver.T4CTTIoer11.processError(T4CTTIoer11.java:629)
java.lang.reflect.InvocationTargetException
	at at jdk.internal.reflect.GeneratedMethodAccessor16.invoke(Unknown Source)
2026-06-20 23:59:37.919 ERROR [com.ait.aspect.LoggingAspect] 💥 [READ] HrContractServiceImpl.countExpiringContracts() - Failed in 302ms (23:59:37.919) - Error: DataIntegrityViolationException
2026-06-20 23:59:37.938 ERROR [c.a.c.GlobalApiExceptionHandler] Unhandled exception for uri=/dashboard
Caused by: oracle.jdbc.OracleDatabaseException: ORA-01722: invalid number

	at at oracle.jdbc.driver.T4CTTIoer11.processError(T4CTTIoer11.java:636)
Caused by: java.sql.SQLSyntaxErrorException: ORA-01722: invalid number

	at at oracle.jdbc.driver.T4CTTIoer11.processError(T4CTTIoer11.java:629)
org.springframework.dao.DataIntegrityViolationException: 
### Error querying database.  Cause: java.sql.SQLSyntaxErrorException: ORA-01722: invalid number

### The error may exist in file [D:\Java\WorkSpace\New_HR\HAE-VHR\src\main\webapp\WEB-INF\classes\com\ait\mapper\HrContractMapper.xml]
### The error may involve defaultParameterMap
### The error occurred while setting parameters
### SQL: SELECT COUNT(*)         FROM HR_CONTRACT hc         WHERE hc.ACTIVITY = 'ACTIVE'         AND TRUNC(hc.END_CONTRACT_DATE) BETWEEN TRUNC(SYSDATE) AND TRUNC(SYSDATE) + ?
### Cause: java.sql.SQLSyntaxErrorException: ORA-01722: invalid number

; ORA-01722: invalid number
; nested exception is java.sql.SQLSyntaxErrorException: ORA-01722: invalid number

	at at org.springframework.jdbc.support.SQLErrorCodeSQLExceptionTranslator.doTranslate(SQLErrorCodeSQLExceptionTranslator.java:248)
2026-06-20 23:59:37.940 WARN  [o.s.w.s.m.m.a.ExceptionHandlerExceptionResolver] Resolved [org.springframework.dao.DataIntegrityViolationException: <EOL><EOL>### Error querying database.  Cause: java.sql.SQLSyntaxErrorException: ORA-01722: invalid number<EOL><EOL><EOL>### The error may exist in file [D:\Java\WorkSpace\New_HR\HAE-VHR\src\main\webapp\WEB-INF\classes\com\ait\mapper\HrContractMapper.xml]<EOL><EOL>### The error may involve defaultParameterMap<EOL><EOL>### The error occurred while setting parameters<EOL><EOL>### SQL: SELECT COUNT(*)         FROM HR_CONTRACT hc         WHERE hc.ACTIVITY = 'ACTIVE'         AND TRUNC(hc.END_CONTRACT_DATE) BETWEEN TRUNC(SYSDATE) AND TRUNC(SYSDATE) + ?<EOL><EOL>### Cause: java.sql.SQLSyntaxErrorException: ORA-01722: invalid number<EOL><EOL>; ORA-01722: invalid number<EOL>; nested exception is java.sql.SQLSyntaxErrorException: ORA-01722: invalid number<EOL>]
2026-06-20 23:59:38.094 INFO  [c.a.s.s.s.i.LoggingServiceImpl] [API_ERROR] API GET /error returned 404 in 15ms [correlationId=a6c5f11f-adae-42c1-a5c0-a941b8bcd601] [ip=0:0:0:0:0:0:0:1] [context={duration=15, referer=http://localhost:8080/dashboard, endpoint=/error, method=GET, responseTime=15, userAgent=Mozilla/5.0 (Windows NT 10.0; Win64; x64) AppleWebKit/537.36 (KHTML, like Gecko) Chrome/149.0.0.0 Safari/537.36, statusCode=404}]
2026-06-20 23:59:38.101 INFO  [c.a.s.s.s.i.LoggingServiceImpl] [SYSTEM_EVENT] HTTP 404 error for GET /error [correlationId=a6c5f11f-adae-42c1-a5c0-a941b8bcd601] [ip=0:0:0:0:0:0:0:1] [context={duration=15, referer=http://localhost:8080/dashboard, endpoint=/error, method=GET, userAgent=Mozilla/5.0 (Windows NT 10.0; Win64; x64) AppleWebKit/537.36 (KHTML, like Gecko) Chrome/149.0.0.0 Safari/537.36, statusCode=404}]
2026-06-20 23:59:38.260 INFO  [c.a.s.s.s.i.LoggingServiceImpl] [API_ERROR] API GET /error returned 404 in 15ms [correlationId=d287092c-b432-41f0-aa9c-4e12dbef70fd] [ip=0:0:0:0:0:0:0:1] [context={duration=15, referer=http://localhost:8080/dashboard, endpoint=/error, method=GET, responseTime=15, userAgent=Mozilla/5.0 (Windows NT 10.0; Win64; x64) AppleWebKit/537.36 (KHTML, like Gecko) Chrome/149.0.0.0 Safari/537.36, statusCode=404}]
2026-06-20 23:59:38.260 INFO  [c.a.s.s.s.i.LoggingServiceImpl] [API_ERROR] API GET /error returned 404 in 18ms [correlationId=279e3d4a-fc72-4f76-8495-1ca72f36d383] [ip=0:0:0:0:0:0:0:1] [context={duration=18, referer=http://localhost:8080/dashboard, endpoint=/error, method=GET, responseTime=18, userAgent=Mozilla/5.0 (Windows NT 10.0; Win64; x64) AppleWebKit/537.36 (KHTML, like Gecko) Chrome/149.0.0.0 Safari/537.36, statusCode=404}]
2026-06-20 23:59:38.266 INFO  [c.a.s.s.s.i.LoggingServiceImpl] [SYSTEM_EVENT] HTTP 404 error for GET /error [correlationId=279e3d4a-fc72-4f76-8495-1ca72f36d383] [ip=0:0:0:0:0:0:0:1] [context={duration=18, referer=http://localhost:8080/dashboard, endpoint=/error, method=GET, userAgent=Mozilla/5.0 (Windows NT 10.0; Win64; x64) AppleWebKit/537.36 (KHTML, like Gecko) Chrome/149.0.0.0 Safari/537.36, statusCode=404}]
2026-06-20 23:59:38.268 INFO  [c.a.s.s.s.i.LoggingServiceImpl] [SYSTEM_EVENT] HTTP 404 error for GET /error [correlationId=d287092c-b432-41f0-aa9c-4e12dbef70fd] [ip=0:0:0:0:0:0:0:1] [context={duration=15, referer=http://localhost:8080/dashboard, endpoint=/error, method=GET, userAgent=Mozilla/5.0 (Windows NT 10.0; Win64; x64) AppleWebKit/537.36 (KHTML, like Gecko) Chrome/149.0.0.0 Safari/537.36, statusCode=404}]
2026-06-20 23:59:38.399 INFO  [c.a.s.s.s.i.LoggingServiceImpl] [API_ERROR] API GET /error returned 404 in 6ms [correlationId=ea65b78c-d5a9-4eb1-ab0a-f85680d23dbb] [ip=0:0:0:0:0:0:0:1] [context={duration=6, referer=http://localhost:8080/dashboard, endpoint=/error, method=GET, responseTime=6, userAgent=Mozilla/5.0 (Windows NT 10.0; Win64; x64) AppleWebKit/537.36 (KHTML, like Gecko) Chrome/149.0.0.0 Safari/537.36, statusCode=404}]
2026-06-20 23:59:38.400 INFO  [c.a.s.s.s.i.LoggingServiceImpl] [SYSTEM_EVENT] HTTP 404 error for GET /error [correlationId=ea65b78c-d5a9-4eb1-ab0a-f85680d23dbb] [ip=0:0:0:0:0:0:0:1] [context={duration=6, referer=http://localhost:8080/dashboard, endpoint=/error, method=GET, userAgent=Mozilla/5.0 (Windows NT 10.0; Win64; x64) AppleWebKit/537.36 (KHTML, like Gecko) Chrome/149.0.0.0 Safari/537.36, statusCode=404}]
2026-06-20 23:59:38.502 INFO  [c.a.s.s.s.i.LoggingServiceImpl] [API_ERROR] API GET /error returned 404 in 3ms [correlationId=cbd3fd75-a8b4-4f88-ae29-92baa54feeac] [ip=0:0:0:0:0:0:0:1] [context={duration=3, referer=http://localhost:8080/assets/css/all.min.css, endpoint=/error, method=GET, responseTime=3, userAgent=Mozilla/5.0 (Windows NT 10.0; Win64; x64) AppleWebKit/537.36 (KHTML, like Gecko) Chrome/149.0.0.0 Safari/537.36, statusCode=404}]
2026-06-20 23:59:38.509 INFO  [c.a.s.s.s.i.LoggingServiceImpl] [SYSTEM_EVENT] HTTP 404 error for GET /error [correlationId=cbd3fd75-a8b4-4f88-ae29-92baa54feeac] [ip=0:0:0:0:0:0:0:1] [context={duration=3, referer=http://localhost:8080/assets/css/all.min.css, endpoint=/error, method=GET, userAgent=Mozilla/5.0 (Windows NT 10.0; Win64; x64) AppleWebKit/537.36 (KHTML, like Gecko) Chrome/149.0.0.0 Safari/537.36, statusCode=404}]
2026-06-20 23:59:38.534 INFO  [c.a.s.s.s.i.LoggingServiceImpl] [API_ERROR] API GET /error returned 404 in 3ms [correlationId=0b1f7237-eee9-4efe-9073-50fa6b307905] [ip=0:0:0:0:0:0:0:1] [context={duration=3, referer=http://localhost:8080/assets/css/all.min.css, endpoint=/error, method=GET, responseTime=3, userAgent=Mozilla/5.0 (Windows NT 10.0; Win64; x64) AppleWebKit/537.36 (KHTML, like Gecko) Chrome/149.0.0.0 Safari/537.36, statusCode=404}]
2026-06-20 23:59:38.535 INFO  [c.a.s.s.s.i.LoggingServiceImpl] [SYSTEM_EVENT] HTTP 404 error for GET /error [correlationId=0b1f7237-eee9-4efe-9073-50fa6b307905] [ip=0:0:0:0:0:0:0:1] [context={duration=3, referer=http://localhost:8080/assets/css/all.min.css, endpoint=/error, method=GET, userAgent=Mozilla/5.0 (Windows NT 10.0; Win64; x64) AppleWebKit/537.36 (KHTML, like Gecko) Chrome/149.0.0.0 Safari/537.36, statusCode=404}]
2026-06-20 23:59:38.678 INFO  [c.a.config.SqlOnlyInterceptor] SQL Execute | mapper=com.ait.sy.sys.mapper.MenuMapper.getMenusByUserPermissionBySysType | caller=com.ait.sy.sys.service.impl.MenuServiceImpl.getMenusByUserPermissionBySysType(MenuServiceImpl.java:37) | command=SELECT | params=[lang='vi', cpnyId='HAE', userNo='111112', sysType='1'] | sql=SELECT DISTINCT m.MENU_NO, m.MENU_PARENT_NO, m.MENU_CODE, GET_GLOBAL_NAME(m.MENU_NO, 'vi') AS MENU_NAME, m.MENU_IMG, m.MENU_URL, m.DEPTH, m.ORDERNO AS ORDER_NO, m.ACTIVITY FROM SY_MENU m JOIN SY_MENU_PARAM mp ON m.MENU_NO = mp.MENU_NO AND mp.CPNY_ID = 'HAE' INNER JOIN SY_ROLE_RELATION rr ON m.MENU_NO = rr.MENU_NO INNER JOIN SY_ROLE r ON rr.ROLE_NO = r.ROLE_NO INNER JOIN SY_ROLE_GROUP_RELATION rgr ON rr.ROLE_NO = rgr.ROLE_NO INNER JOIN SY_USER_RELATION ur ON rgr.ROLE_GROUP_NO = ur.ROLE_GROUP_NO WHERE ur.USER_NO = '111112' AND m.ACTIVITY = 1 AND rr.ACTIVITY = 1 AND r.ACTIVITY = 1 AND rgr.ACTIVITY = 1 AND ur.ACTIVITY = 1 AND rr.SELECTR = 1 AND NVL(TO_CHAR(r.SYS_TYPE), '0') = '1' ORDER BY m.DEPTH, m.ORDERNO
2026-06-20 23:59:38.865 INFO  [c.a.config.SqlOnlyInterceptor] SQL Result  | mapper=com.ait.sy.sys.mapper.MenuMapper.getMenusByUserPermissionBySysType | caller=com.ait.sy.sys.service.impl.MenuServiceImpl.getMenusByUserPermissionBySysType(MenuServiceImpl.java:37) | rowsReturned=116 | took=187 ms
2026-06-20 23:59:38.871 INFO  [c.a.config.SqlOnlyInterceptor] SQL Execute | mapper=com.ait.hrm.contract.mapper.HrContractMapper.countExpiringContracts | caller=com.ait.hrm.contract.service.impl.HrContractServiceImpl.countExpiringContracts(HrContractServiceImpl.java:239) | command=SELECT | params=[days=7] | sql=SELECT COUNT(*) FROM HR_CONTRACT hc WHERE hc.ACTIVITY = 'ACTIVE' AND TRUNC(hc.END_CONTRACT_DATE) BETWEEN TRUNC(SYSDATE) AND TRUNC(SYSDATE) + 7
2026-06-20 23:59:38.902 ERROR [c.a.config.SqlOnlyInterceptor] SQL Failed  | mapper=com.ait.hrm.contract.mapper.HrContractMapper.countExpiringContracts | caller=com.ait.hrm.contract.service.impl.HrContractServiceImpl.countExpiringContracts(HrContractServiceImpl.java:239) | command=SELECT | took=30 ms | params=[days=7] | sql=SELECT COUNT(*) FROM HR_CONTRACT hc WHERE hc.ACTIVITY = 'ACTIVE' AND TRUNC(hc.END_CONTRACT_DATE) BETWEEN TRUNC(SYSDATE) AND TRUNC(SYSDATE) + 7 | errorType=java.lang.reflect.InvocationTargetException | error=null
Caused by: oracle.jdbc.OracleDatabaseException: ORA-01722: invalid number

	at at oracle.jdbc.driver.T4CTTIoer11.processError(T4CTTIoer11.java:636)
Caused by: java.sql.SQLSyntaxErrorException: ORA-01722: invalid number

	at at oracle.jdbc.driver.T4CTTIoer11.processError(T4CTTIoer11.java:629)
java.lang.reflect.InvocationTargetException
	at at jdk.internal.reflect.GeneratedMethodAccessor16.invoke(Unknown Source)
2026-06-20 23:59:38.905 ERROR [com.ait.aspect.LoggingAspect] 💥 [READ] HrContractServiceImpl.countExpiringContracts() - Failed in 36ms (23:59:38.904) - Error: DataIntegrityViolationException
2026-06-20 23:59:38.920 ERROR [c.a.c.GlobalApiExceptionHandler] Unhandled exception for uri=/dashboard
Caused by: oracle.jdbc.OracleDatabaseException: ORA-01722: invalid number

	at at oracle.jdbc.driver.T4CTTIoer11.processError(T4CTTIoer11.java:636)
Caused by: java.sql.SQLSyntaxErrorException: ORA-01722: invalid number

	at at oracle.jdbc.driver.T4CTTIoer11.processError(T4CTTIoer11.java:629)
org.springframework.dao.DataIntegrityViolationException: 
### Error querying database.  Cause: java.sql.SQLSyntaxErrorException: ORA-01722: invalid number

### The error may exist in file [D:\Java\WorkSpace\New_HR\HAE-VHR\src\main\webapp\WEB-INF\classes\com\ait\mapper\HrContractMapper.xml]
### The error may involve defaultParameterMap
### The error occurred while setting parameters
### SQL: SELECT COUNT(*)         FROM HR_CONTRACT hc         WHERE hc.ACTIVITY = 'ACTIVE'         AND TRUNC(hc.END_CONTRACT_DATE) BETWEEN TRUNC(SYSDATE) AND TRUNC(SYSDATE) + ?
### Cause: java.sql.SQLSyntaxErrorException: ORA-01722: invalid number

; ORA-01722: invalid number
; nested exception is java.sql.SQLSyntaxErrorException: ORA-01722: invalid number

	at at org.springframework.jdbc.support.SQLErrorCodeSQLExceptionTranslator.doTranslate(SQLErrorCodeSQLExceptionTranslator.java:248)
2026-06-20 23:59:38.921 WARN  [o.s.w.s.m.m.a.ExceptionHandlerExceptionResolver] Resolved [org.springframework.dao.DataIntegrityViolationException: <EOL><EOL>### Error querying database.  Cause: java.sql.SQLSyntaxErrorException: ORA-01722: invalid number<EOL><EOL><EOL>### The error may exist in file [D:\Java\WorkSpace\New_HR\HAE-VHR\src\main\webapp\WEB-INF\classes\com\ait\mapper\HrContractMapper.xml]<EOL><EOL>### The error may involve defaultParameterMap<EOL><EOL>### The error occurred while setting parameters<EOL><EOL>### SQL: SELECT COUNT(*)         FROM HR_CONTRACT hc         WHERE hc.ACTIVITY = 'ACTIVE'         AND TRUNC(hc.END_CONTRACT_DATE) BETWEEN TRUNC(SYSDATE) AND TRUNC(SYSDATE) + ?<EOL><EOL>### Cause: java.sql.SQLSyntaxErrorException: ORA-01722: invalid number<EOL><EOL>; ORA-01722: invalid number<EOL>; nested exception is java.sql.SQLSyntaxErrorException: ORA-01722: invalid number<EOL>]
2026-06-20 23:59:38.949 INFO  [c.a.config.SqlOnlyInterceptor] SQL Execute | mapper=com.ait.sy.sys.mapper.MenuMapper.getMenusByUserPermissionBySysType | caller=com.ait.sy.sys.service.impl.MenuServiceImpl.getMenusByUserPermissionBySysType(MenuServiceImpl.java:37) | command=SELECT | params=[lang='vi', cpnyId='HAE', userNo='111112', sysType='1'] | sql=SELECT DISTINCT m.MENU_NO, m.MENU_PARENT_NO, m.MENU_CODE, GET_GLOBAL_NAME(m.MENU_NO, 'vi') AS MENU_NAME, m.MENU_IMG, m.MENU_URL, m.DEPTH, m.ORDERNO AS ORDER_NO, m.ACTIVITY FROM SY_MENU m JOIN SY_MENU_PARAM mp ON m.MENU_NO = mp.MENU_NO AND mp.CPNY_ID = 'HAE' INNER JOIN SY_ROLE_RELATION rr ON m.MENU_NO = rr.MENU_NO INNER JOIN SY_ROLE r ON rr.ROLE_NO = r.ROLE_NO INNER JOIN SY_ROLE_GROUP_RELATION rgr ON rr.ROLE_NO = rgr.ROLE_NO INNER JOIN SY_USER_RELATION ur ON rgr.ROLE_GROUP_NO = ur.ROLE_GROUP_NO WHERE ur.USER_NO = '111112' AND m.ACTIVITY = 1 AND rr.ACTIVITY = 1 AND r.ACTIVITY = 1 AND rgr.ACTIVITY = 1 AND ur.ACTIVITY = 1 AND rr.SELECTR = 1 AND NVL(TO_CHAR(r.SYS_TYPE), '0') = '1' ORDER BY m.DEPTH, m.ORDERNO
2026-06-20 23:59:39.121 INFO  [c.a.config.SqlOnlyInterceptor] SQL Result  | mapper=com.ait.sy.sys.mapper.MenuMapper.getMenusByUserPermissionBySysType | caller=com.ait.sy.sys.service.impl.MenuServiceImpl.getMenusByUserPermissionBySysType(MenuServiceImpl.java:37) | rowsReturned=116 | took=173 ms
2026-06-20 23:59:39.125 INFO  [c.a.config.SqlOnlyInterceptor] SQL Execute | mapper=com.ait.hrm.contract.mapper.HrContractMapper.countExpiringContracts | caller=com.ait.hrm.contract.service.impl.HrContractServiceImpl.countExpiringContracts(HrContractServiceImpl.java:239) | command=SELECT | params=[days=7] | sql=SELECT COUNT(*) FROM HR_CONTRACT hc WHERE hc.ACTIVITY = 'ACTIVE' AND TRUNC(hc.END_CONTRACT_DATE) BETWEEN TRUNC(SYSDATE) AND TRUNC(SYSDATE) + 7
2026-06-20 23:59:39.166 ERROR [c.a.config.SqlOnlyInterceptor] SQL Failed  | mapper=com.ait.hrm.contract.mapper.HrContractMapper.countExpiringContracts | caller=com.ait.hrm.contract.service.impl.HrContractServiceImpl.countExpiringContracts(HrContractServiceImpl.java:239) | command=SELECT | took=39 ms | params=[days=7] | sql=SELECT COUNT(*) FROM HR_CONTRACT hc WHERE hc.ACTIVITY = 'ACTIVE' AND TRUNC(hc.END_CONTRACT_DATE) BETWEEN TRUNC(SYSDATE) AND TRUNC(SYSDATE) + 7 | errorType=java.lang.reflect.InvocationTargetException | error=null
Caused by: oracle.jdbc.OracleDatabaseException: ORA-01722: invalid number

	at at oracle.jdbc.driver.T4CTTIoer11.processError(T4CTTIoer11.java:636)
Caused by: java.sql.SQLSyntaxErrorException: ORA-01722: invalid number

	at at oracle.jdbc.driver.T4CTTIoer11.processError(T4CTTIoer11.java:629)
java.lang.reflect.InvocationTargetException
	at at jdk.internal.reflect.GeneratedMethodAccessor16.invoke(Unknown Source)
2026-06-20 23:59:39.168 ERROR [com.ait.aspect.LoggingAspect] 💥 [READ] HrContractServiceImpl.countExpiringContracts() - Failed in 44ms (23:59:39.168) - Error: DataIntegrityViolationException
2026-06-20 23:59:39.185 ERROR [c.a.c.GlobalApiExceptionHandler] Unhandled exception for uri=/dashboard
Caused by: oracle.jdbc.OracleDatabaseException: ORA-01722: invalid number

	at at oracle.jdbc.driver.T4CTTIoer11.processError(T4CTTIoer11.java:636)
Caused by: java.sql.SQLSyntaxErrorException: ORA-01722: invalid number

	at at oracle.jdbc.driver.T4CTTIoer11.processError(T4CTTIoer11.java:629)
org.springframework.dao.DataIntegrityViolationException: 
### Error querying database.  Cause: java.sql.SQLSyntaxErrorException: ORA-01722: invalid number

### The error may exist in file [D:\Java\WorkSpace\New_HR\HAE-VHR\src\main\webapp\WEB-INF\classes\com\ait\mapper\HrContractMapper.xml]
### The error may involve defaultParameterMap
### The error occurred while setting parameters
### SQL: SELECT COUNT(*)         FROM HR_CONTRACT hc         WHERE hc.ACTIVITY = 'ACTIVE'         AND TRUNC(hc.END_CONTRACT_DATE) BETWEEN TRUNC(SYSDATE) AND TRUNC(SYSDATE) + ?
### Cause: java.sql.SQLSyntaxErrorException: ORA-01722: invalid number

; ORA-01722: invalid number
; nested exception is java.sql.SQLSyntaxErrorException: ORA-01722: invalid number

	at at org.springframework.jdbc.support.SQLErrorCodeSQLExceptionTranslator.doTranslate(SQLErrorCodeSQLExceptionTranslator.java:248)
2026-06-20 23:59:39.187 WARN  [o.s.w.s.m.m.a.ExceptionHandlerExceptionResolver] Resolved [org.springframework.dao.DataIntegrityViolationException: <EOL><EOL>### Error querying database.  Cause: java.sql.SQLSyntaxErrorException: ORA-01722: invalid number<EOL><EOL><EOL>### The error may exist in file [D:\Java\WorkSpace\New_HR\HAE-VHR\src\main\webapp\WEB-INF\classes\com\ait\mapper\HrContractMapper.xml]<EOL><EOL>### The error may involve defaultParameterMap<EOL><EOL>### The error occurred while setting parameters<EOL><EOL>### SQL: SELECT COUNT(*)         FROM HR_CONTRACT hc         WHERE hc.ACTIVITY = 'ACTIVE'         AND TRUNC(hc.END_CONTRACT_DATE) BETWEEN TRUNC(SYSDATE) AND TRUNC(SYSDATE) + ?<EOL><EOL>### Cause: java.sql.SQLSyntaxErrorException: ORA-01722: invalid number<EOL><EOL>; ORA-01722: invalid number<EOL>; nested exception is java.sql.SQLSyntaxErrorException: ORA-01722: invalid number<EOL>]
