2026-06-22 15:06:33.230 WARN  [o.s.b.w.s.c.AnnotationConfigServletWebServerApplicationContext] Exception encountered during context initialization - cancelling refresh attempt: org.springframework.beans.factory.UnsatisfiedDependencyException: Error creating bean with name 'essLeaveApplyController': Unsatisfied dependency expressed through field 'mailSendApprovalManager'; nested exception is org.springframework.beans.factory.UnsatisfiedDependencyException: Error creating bean with name 'mailSendApprovalManager': Unsatisfied dependency expressed through field 'sendEmailService'; nested exception is org.springframework.beans.factory.UnsatisfiedDependencyException: Error creating bean with name 'sendEmailServiceImpl': Unsatisfied dependency expressed through field 'mailManger'; nested exception is org.springframework.beans.factory.BeanCreationException: Error creating bean with name 'mailManager': Injection of autowired dependencies failed; nested exception is java.lang.IllegalArgumentException: Could not resolve placeholder 'serverIp' in value "${serverIp}"
2026-06-22 15:06:33.326 WARN  [o.a.c.l.WebappClassLoaderBase] The web application [ROOT] appears to have started a thread named [oracle.jdbc.driver.BlockSource.ThreadedCachingBlockSource.BlockReleaser] but has failed to stop it. This is very likely to create a memory leak. Stack trace of thread:
 java.base@11.0.30/jdk.internal.misc.Unsafe.park(Native Method)
 java.base@11.0.30/java.util.concurrent.locks.LockSupport.parkNanos(LockSupport.java:234)
 java.base@11.0.30/java.util.concurrent.locks.AbstractQueuedSynchronizer$ConditionObject.awaitNanos(AbstractQueuedSynchronizer.java:2123)
 app//oracle.jdbc.internal.Monitor$WaitableMonitor.monitorWait(Monitor.java:258)
 app//oracle.jdbc.internal.Monitor$WaitableMonitor.monitorWait(Monitor.java:240)
 app//oracle.jdbc.driver.BlockSource$ThreadedCachingBlockSource$BlockReleaser.run(BlockSource.java:345)
2026-06-22 15:06:33.327 WARN  [o.a.c.l.WebappClassLoaderBase] The web application [ROOT] appears to have started a thread named [InterruptTimer] but has failed to stop it. This is very likely to create a memory leak. Stack trace of thread:
 java.base@11.0.30/java.lang.Object.wait(Native Method)
 java.base@11.0.30/java.util.TimerThread.mainLoop(Timer.java:553)
 java.base@11.0.30/java.util.TimerThread.run(Timer.java:506)
2026-06-22 15:06:33.329 WARN  [o.a.c.l.WebappClassLoaderBase] The web application [ROOT] appears to have started a thread named [OJDBC-WORKER-THREAD-1] but has failed to stop it. This is very likely to create a memory leak. Stack trace of thread:
 java.base@11.0.30/jdk.internal.misc.Unsafe.park(Native Method)
 java.base@11.0.30/java.util.concurrent.locks.LockSupport.parkNanos(LockSupport.java:234)
 java.base@11.0.30/java.util.concurrent.SynchronousQueue$TransferStack.awaitFulfill(SynchronousQueue.java:462)
 java.base@11.0.30/java.util.concurrent.SynchronousQueue$TransferStack.transfer(SynchronousQueue.java:361)
 java.base@11.0.30/java.util.concurrent.SynchronousQueue.poll(SynchronousQueue.java:937)
 java.base@11.0.30/java.util.concurrent.ThreadPoolExecutor.getTask(ThreadPoolExecutor.java:1053)
 java.base@11.0.30/java.util.concurrent.ThreadPoolExecutor.runWorker(ThreadPoolExecutor.java:1114)
 java.base@11.0.30/java.util.concurrent.ThreadPoolExecutor$Worker.run(ThreadPoolExecutor.java:628)
 java.base@11.0.30/java.lang.Thread.run(Thread.java:834)
2026-06-22 15:06:33.400 ERROR [o.s.boot.SpringApplication] Application run failed
Caused by: java.lang.IllegalArgumentException: Could not resolve placeholder 'serverIp' in value "${serverIp}"
	at at org.springframework.util.PropertyPlaceholderHelper.parseStringValue(PropertyPlaceholderHelper.java:180)
Caused by: org.springframework.beans.factory.BeanCreationException: Error creating bean with name 'mailManager': Injection of autowired dependencies failed; nested exception is java.lang.IllegalArgumentException: Could not resolve placeholder 'serverIp' in value "${serverIp}"
	at at org.springframework.beans.factory.annotation.AutowiredAnnotationBeanPostProcessor.postProcessProperties(AutowiredAnnotationBeanPostProcessor.java:414)
Caused by: org.springframework.beans.factory.UnsatisfiedDependencyException: Error creating bean with name 'sendEmailServiceImpl': Unsatisfied dependency expressed through field 'mailManger'; nested exception is org.springframework.beans.factory.BeanCreationException: Error creating bean with name 'mailManager': Injection of autowired dependencies failed; nested exception is java.lang.IllegalArgumentException: Could not resolve placeholder 'serverIp' in value "${serverIp}"
	at at org.springframework.beans.factory.annotation.AutowiredAnnotationBeanPostProcessor$AutowiredFieldElement.resolveFieldValue(AutowiredAnnotationBeanPostProcessor.java:713)
Caused by: org.springframework.beans.factory.UnsatisfiedDependencyException: Error creating bean with name 'mailSendApprovalManager': Unsatisfied dependency expressed through field 'sendEmailService'; nested exception is org.springframework.beans.factory.UnsatisfiedDependencyException: Error creating bean with name 'sendEmailServiceImpl': Unsatisfied dependency expressed through field 'mailManger'; nested exception is org.springframework.beans.factory.BeanCreationException: Error creating bean with name 'mailManager': Injection of autowired dependencies failed; nested exception is java.lang.IllegalArgumentException: Could not resolve placeholder 'serverIp' in value "${serverIp}"
	at at org.springframework.beans.factory.annotation.AutowiredAnnotationBeanPostProcessor$AutowiredFieldElement.resolveFieldValue(AutowiredAnnotationBeanPostProcessor.java:713)
org.springframework.beans.factory.UnsatisfiedDependencyException: Error creating bean with name 'essLeaveApplyController': Unsatisfied dependency expressed through field 'mailSendApprovalManager'; nested exception is org.springframework.beans.factory.UnsatisfiedDependencyException: Error creating bean with name 'mailSendApprovalManager': Unsatisfied dependency expressed through field 'sendEmailService'; nested exception is org.springframework.beans.factory.UnsatisfiedDependencyException: Error creating bean with name 'sendEmailServiceImpl': Unsatisfied dependency expressed through field 'mailManger'; nested exception is org.springframework.beans.factory.BeanCreationException: Error creating bean with name 'mailManager': Injection of autowired dependencies failed; nested exception is java.lang.IllegalArgumentException: Could not resolve placeholder 'serverIp' in value "${serverIp}"
	at at org.springframework.beans.factory.annotation.AutowiredAnnotationBeanPostProcessor$AutowiredFieldElement.resolveFieldValue(AutowiredAnnotationBeanPostProcessor.java:713)
2026-06-22 15:43:25.879 WARN  [o.s.b.w.s.c.AnnotationConfigServletWebServerApplicationContext] Exception encountered during context initialization - cancelling refresh attempt: org.springframework.beans.factory.UnsatisfiedDependencyException: Error creating bean with name 'essLeaveApplyController': Unsatisfied dependency expressed through field 'mailSendApprovalManager'; nested exception is org.springframework.beans.factory.UnsatisfiedDependencyException: Error creating bean with name 'mailSendApprovalManager': Unsatisfied dependency expressed through field 'sendEmailService'; nested exception is org.springframework.beans.factory.UnsatisfiedDependencyException: Error creating bean with name 'sendEmailServiceImpl': Unsatisfied dependency expressed through field 'mailManger'; nested exception is org.springframework.beans.factory.BeanCreationException: Error creating bean with name 'mailManager': Injection of autowired dependencies failed; nested exception is java.lang.IllegalArgumentException: Could not resolve placeholder 'serverIp' in value "${serverIp}"
2026-06-22 15:43:25.954 WARN  [o.a.c.l.WebappClassLoaderBase] The web application [ROOT] appears to have started a thread named [oracle.jdbc.driver.BlockSource.ThreadedCachingBlockSource.BlockReleaser] but has failed to stop it. This is very likely to create a memory leak. Stack trace of thread:
 java.base@11.0.30/jdk.internal.misc.Unsafe.park(Native Method)
 java.base@11.0.30/java.util.concurrent.locks.LockSupport.parkNanos(LockSupport.java:234)
 java.base@11.0.30/java.util.concurrent.locks.AbstractQueuedSynchronizer$ConditionObject.awaitNanos(AbstractQueuedSynchronizer.java:2123)
 app//oracle.jdbc.internal.Monitor$WaitableMonitor.monitorWait(Monitor.java:258)
 app//oracle.jdbc.internal.Monitor$WaitableMonitor.monitorWait(Monitor.java:240)
 app//oracle.jdbc.driver.BlockSource$ThreadedCachingBlockSource$BlockReleaser.run(BlockSource.java:345)
2026-06-22 15:43:25.955 WARN  [o.a.c.l.WebappClassLoaderBase] The web application [ROOT] appears to have started a thread named [InterruptTimer] but has failed to stop it. This is very likely to create a memory leak. Stack trace of thread:
 java.base@11.0.30/java.lang.Object.wait(Native Method)
 java.base@11.0.30/java.util.TimerThread.mainLoop(Timer.java:553)
 java.base@11.0.30/java.util.TimerThread.run(Timer.java:506)
2026-06-22 15:43:25.956 WARN  [o.a.c.l.WebappClassLoaderBase] The web application [ROOT] appears to have started a thread named [OJDBC-WORKER-THREAD-1] but has failed to stop it. This is very likely to create a memory leak. Stack trace of thread:
 java.base@11.0.30/jdk.internal.misc.Unsafe.park(Native Method)
 java.base@11.0.30/java.util.concurrent.locks.LockSupport.parkNanos(LockSupport.java:234)
 java.base@11.0.30/java.util.concurrent.SynchronousQueue$TransferStack.awaitFulfill(SynchronousQueue.java:462)
 java.base@11.0.30/java.util.concurrent.SynchronousQueue$TransferStack.transfer(SynchronousQueue.java:361)
 java.base@11.0.30/java.util.concurrent.SynchronousQueue.poll(SynchronousQueue.java:937)
 java.base@11.0.30/java.util.concurrent.ThreadPoolExecutor.getTask(ThreadPoolExecutor.java:1053)
 java.base@11.0.30/java.util.concurrent.ThreadPoolExecutor.runWorker(ThreadPoolExecutor.java:1114)
 java.base@11.0.30/java.util.concurrent.ThreadPoolExecutor$Worker.run(ThreadPoolExecutor.java:628)
 java.base@11.0.30/java.lang.Thread.run(Thread.java:834)
2026-06-22 15:43:26.000 ERROR [o.s.boot.SpringApplication] Application run failed
Caused by: java.lang.IllegalArgumentException: Could not resolve placeholder 'serverIp' in value "${serverIp}"
	at at org.springframework.util.PropertyPlaceholderHelper.parseStringValue(PropertyPlaceholderHelper.java:180)
Caused by: org.springframework.beans.factory.BeanCreationException: Error creating bean with name 'mailManager': Injection of autowired dependencies failed; nested exception is java.lang.IllegalArgumentException: Could not resolve placeholder 'serverIp' in value "${serverIp}"
	at at org.springframework.beans.factory.annotation.AutowiredAnnotationBeanPostProcessor.postProcessProperties(AutowiredAnnotationBeanPostProcessor.java:414)
Caused by: org.springframework.beans.factory.UnsatisfiedDependencyException: Error creating bean with name 'sendEmailServiceImpl': Unsatisfied dependency expressed through field 'mailManger'; nested exception is org.springframework.beans.factory.BeanCreationException: Error creating bean with name 'mailManager': Injection of autowired dependencies failed; nested exception is java.lang.IllegalArgumentException: Could not resolve placeholder 'serverIp' in value "${serverIp}"
	at at org.springframework.beans.factory.annotation.AutowiredAnnotationBeanPostProcessor$AutowiredFieldElement.resolveFieldValue(AutowiredAnnotationBeanPostProcessor.java:713)
Caused by: org.springframework.beans.factory.UnsatisfiedDependencyException: Error creating bean with name 'mailSendApprovalManager': Unsatisfied dependency expressed through field 'sendEmailService'; nested exception is org.springframework.beans.factory.UnsatisfiedDependencyException: Error creating bean with name 'sendEmailServiceImpl': Unsatisfied dependency expressed through field 'mailManger'; nested exception is org.springframework.beans.factory.BeanCreationException: Error creating bean with name 'mailManager': Injection of autowired dependencies failed; nested exception is java.lang.IllegalArgumentException: Could not resolve placeholder 'serverIp' in value "${serverIp}"
	at at org.springframework.beans.factory.annotation.AutowiredAnnotationBeanPostProcessor$AutowiredFieldElement.resolveFieldValue(AutowiredAnnotationBeanPostProcessor.java:713)
org.springframework.beans.factory.UnsatisfiedDependencyException: Error creating bean with name 'essLeaveApplyController': Unsatisfied dependency expressed through field 'mailSendApprovalManager'; nested exception is org.springframework.beans.factory.UnsatisfiedDependencyException: Error creating bean with name 'mailSendApprovalManager': Unsatisfied dependency expressed through field 'sendEmailService'; nested exception is org.springframework.beans.factory.UnsatisfiedDependencyException: Error creating bean with name 'sendEmailServiceImpl': Unsatisfied dependency expressed through field 'mailManger'; nested exception is org.springframework.beans.factory.BeanCreationException: Error creating bean with name 'mailManager': Injection of autowired dependencies failed; nested exception is java.lang.IllegalArgumentException: Could not resolve placeholder 'serverIp' in value "${serverIp}"
	at at org.springframework.beans.factory.annotation.AutowiredAnnotationBeanPostProcessor$AutowiredFieldElement.resolveFieldValue(AutowiredAnnotationBeanPostProcessor.java:713)
2026-06-22 16:09:07.281 WARN  [o.s.b.w.s.c.AnnotationConfigServletWebServerApplicationContext] Exception encountered during context initialization - cancelling refresh attempt: org.springframework.beans.factory.UnsatisfiedDependencyException: Error creating bean with name 'essLeaveApplyController': Unsatisfied dependency expressed through field 'mailSendApprovalManager'; nested exception is org.springframework.beans.factory.UnsatisfiedDependencyException: Error creating bean with name 'mailSendApprovalManager': Unsatisfied dependency expressed through field 'sendEmailService'; nested exception is org.springframework.beans.factory.UnsatisfiedDependencyException: Error creating bean with name 'sendEmailServiceImpl': Unsatisfied dependency expressed through field 'mailManger'; nested exception is org.springframework.beans.factory.BeanCreationException: Error creating bean with name 'mailManager': Injection of autowired dependencies failed; nested exception is java.lang.IllegalArgumentException: Could not resolve placeholder 'mail.send.flag' in value "${mail.send.flag}"
2026-06-22 16:09:07.357 WARN  [o.a.c.l.WebappClassLoaderBase] The web application [ROOT] appears to have started a thread named [oracle.jdbc.driver.BlockSource.ThreadedCachingBlockSource.BlockReleaser] but has failed to stop it. This is very likely to create a memory leak. Stack trace of thread:
 java.base@11.0.30/jdk.internal.misc.Unsafe.park(Native Method)
 java.base@11.0.30/java.util.concurrent.locks.LockSupport.parkNanos(LockSupport.java:234)
 java.base@11.0.30/java.util.concurrent.locks.AbstractQueuedSynchronizer$ConditionObject.awaitNanos(AbstractQueuedSynchronizer.java:2123)
 app//oracle.jdbc.internal.Monitor$WaitableMonitor.monitorWait(Monitor.java:258)
 app//oracle.jdbc.internal.Monitor$WaitableMonitor.monitorWait(Monitor.java:240)
 app//oracle.jdbc.driver.BlockSource$ThreadedCachingBlockSource$BlockReleaser.run(BlockSource.java:345)
2026-06-22 16:09:07.358 WARN  [o.a.c.l.WebappClassLoaderBase] The web application [ROOT] appears to have started a thread named [InterruptTimer] but has failed to stop it. This is very likely to create a memory leak. Stack trace of thread:
 java.base@11.0.30/java.lang.Object.wait(Native Method)
 java.base@11.0.30/java.util.TimerThread.mainLoop(Timer.java:553)
 java.base@11.0.30/java.util.TimerThread.run(Timer.java:506)
2026-06-22 16:09:07.359 WARN  [o.a.c.l.WebappClassLoaderBase] The web application [ROOT] appears to have started a thread named [OJDBC-WORKER-THREAD-1] but has failed to stop it. This is very likely to create a memory leak. Stack trace of thread:
 java.base@11.0.30/jdk.internal.misc.Unsafe.park(Native Method)
 java.base@11.0.30/java.util.concurrent.locks.LockSupport.parkNanos(LockSupport.java:234)
 java.base@11.0.30/java.util.concurrent.SynchronousQueue$TransferStack.awaitFulfill(SynchronousQueue.java:462)
 java.base@11.0.30/java.util.concurrent.SynchronousQueue$TransferStack.transfer(SynchronousQueue.java:361)
 java.base@11.0.30/java.util.concurrent.SynchronousQueue.poll(SynchronousQueue.java:937)
 java.base@11.0.30/java.util.concurrent.ThreadPoolExecutor.getTask(ThreadPoolExecutor.java:1053)
 java.base@11.0.30/java.util.concurrent.ThreadPoolExecutor.runWorker(ThreadPoolExecutor.java:1114)
 java.base@11.0.30/java.util.concurrent.ThreadPoolExecutor$Worker.run(ThreadPoolExecutor.java:628)
 java.base@11.0.30/java.lang.Thread.run(Thread.java:834)
2026-06-22 16:09:07.428 ERROR [o.s.boot.SpringApplication] Application run failed
Caused by: java.lang.IllegalArgumentException: Could not resolve placeholder 'mail.send.flag' in value "${mail.send.flag}"
	at at org.springframework.util.PropertyPlaceholderHelper.parseStringValue(PropertyPlaceholderHelper.java:180)
Caused by: org.springframework.beans.factory.BeanCreationException: Error creating bean with name 'mailManager': Injection of autowired dependencies failed; nested exception is java.lang.IllegalArgumentException: Could not resolve placeholder 'mail.send.flag' in value "${mail.send.flag}"
	at at org.springframework.beans.factory.annotation.AutowiredAnnotationBeanPostProcessor.postProcessProperties(AutowiredAnnotationBeanPostProcessor.java:414)
Caused by: org.springframework.beans.factory.UnsatisfiedDependencyException: Error creating bean with name 'sendEmailServiceImpl': Unsatisfied dependency expressed through field 'mailManger'; nested exception is org.springframework.beans.factory.BeanCreationException: Error creating bean with name 'mailManager': Injection of autowired dependencies failed; nested exception is java.lang.IllegalArgumentException: Could not resolve placeholder 'mail.send.flag' in value "${mail.send.flag}"
	at at org.springframework.beans.factory.annotation.AutowiredAnnotationBeanPostProcessor$AutowiredFieldElement.resolveFieldValue(AutowiredAnnotationBeanPostProcessor.java:713)
Caused by: org.springframework.beans.factory.UnsatisfiedDependencyException: Error creating bean with name 'mailSendApprovalManager': Unsatisfied dependency expressed through field 'sendEmailService'; nested exception is org.springframework.beans.factory.UnsatisfiedDependencyException: Error creating bean with name 'sendEmailServiceImpl': Unsatisfied dependency expressed through field 'mailManger'; nested exception is org.springframework.beans.factory.BeanCreationException: Error creating bean with name 'mailManager': Injection of autowired dependencies failed; nested exception is java.lang.IllegalArgumentException: Could not resolve placeholder 'mail.send.flag' in value "${mail.send.flag}"
	at at org.springframework.beans.factory.annotation.AutowiredAnnotationBeanPostProcessor$AutowiredFieldElement.resolveFieldValue(AutowiredAnnotationBeanPostProcessor.java:713)
org.springframework.beans.factory.UnsatisfiedDependencyException: Error creating bean with name 'essLeaveApplyController': Unsatisfied dependency expressed through field 'mailSendApprovalManager'; nested exception is org.springframework.beans.factory.UnsatisfiedDependencyException: Error creating bean with name 'mailSendApprovalManager': Unsatisfied dependency expressed through field 'sendEmailService'; nested exception is org.springframework.beans.factory.UnsatisfiedDependencyException: Error creating bean with name 'sendEmailServiceImpl': Unsatisfied dependency expressed through field 'mailManger'; nested exception is org.springframework.beans.factory.BeanCreationException: Error creating bean with name 'mailManager': Injection of autowired dependencies failed; nested exception is java.lang.IllegalArgumentException: Could not resolve placeholder 'mail.send.flag' in value "${mail.send.flag}"
	at at org.springframework.beans.factory.annotation.AutowiredAnnotationBeanPostProcessor$AutowiredFieldElement.resolveFieldValue(AutowiredAnnotationBeanPostProcessor.java:713)
2026-06-22 16:13:04.809 WARN  [o.s.b.w.s.c.AnnotationConfigServletWebServerApplicationContext] Exception encountered during context initialization - cancelling refresh attempt: org.springframework.beans.factory.UnsatisfiedDependencyException: Error creating bean with name 'essLeaveApplyController': Unsatisfied dependency expressed through field 'mailSendApprovalManager'; nested exception is org.springframework.beans.factory.UnsatisfiedDependencyException: Error creating bean with name 'mailSendApprovalManager': Unsatisfied dependency expressed through field 'sendEmailService'; nested exception is org.springframework.beans.factory.UnsatisfiedDependencyException: Error creating bean with name 'sendEmailServiceImpl': Unsatisfied dependency expressed through field 'mailManger'; nested exception is org.springframework.beans.factory.BeanCreationException: Error creating bean with name 'mailManager': Injection of autowired dependencies failed; nested exception is java.lang.IllegalArgumentException: Could not resolve placeholder 'mail.send.flag' in value "${mail.send.flag}"
2026-06-22 16:13:04.892 WARN  [o.a.c.l.WebappClassLoaderBase] The web application [ROOT] appears to have started a thread named [oracle.jdbc.driver.BlockSource.ThreadedCachingBlockSource.BlockReleaser] but has failed to stop it. This is very likely to create a memory leak. Stack trace of thread:
 java.base@11.0.30/jdk.internal.misc.Unsafe.park(Native Method)
 java.base@11.0.30/java.util.concurrent.locks.LockSupport.parkNanos(LockSupport.java:234)
 java.base@11.0.30/java.util.concurrent.locks.AbstractQueuedSynchronizer$ConditionObject.awaitNanos(AbstractQueuedSynchronizer.java:2123)
 app//oracle.jdbc.internal.Monitor$WaitableMonitor.monitorWait(Monitor.java:258)
 app//oracle.jdbc.internal.Monitor$WaitableMonitor.monitorWait(Monitor.java:240)
 app//oracle.jdbc.driver.BlockSource$ThreadedCachingBlockSource$BlockReleaser.run(BlockSource.java:345)
2026-06-22 16:13:04.893 WARN  [o.a.c.l.WebappClassLoaderBase] The web application [ROOT] appears to have started a thread named [InterruptTimer] but has failed to stop it. This is very likely to create a memory leak. Stack trace of thread:
 java.base@11.0.30/java.lang.Object.wait(Native Method)
 java.base@11.0.30/java.util.TimerThread.mainLoop(Timer.java:553)
 java.base@11.0.30/java.util.TimerThread.run(Timer.java:506)
2026-06-22 16:13:04.894 WARN  [o.a.c.l.WebappClassLoaderBase] The web application [ROOT] appears to have started a thread named [OJDBC-WORKER-THREAD-1] but has failed to stop it. This is very likely to create a memory leak. Stack trace of thread:
 java.base@11.0.30/jdk.internal.misc.Unsafe.park(Native Method)
 java.base@11.0.30/java.util.concurrent.locks.LockSupport.parkNanos(LockSupport.java:234)
 java.base@11.0.30/java.util.concurrent.SynchronousQueue$TransferStack.awaitFulfill(SynchronousQueue.java:462)
 java.base@11.0.30/java.util.concurrent.SynchronousQueue$TransferStack.transfer(SynchronousQueue.java:361)
 java.base@11.0.30/java.util.concurrent.SynchronousQueue.poll(SynchronousQueue.java:937)
 java.base@11.0.30/java.util.concurrent.ThreadPoolExecutor.getTask(ThreadPoolExecutor.java:1053)
 java.base@11.0.30/java.util.concurrent.ThreadPoolExecutor.runWorker(ThreadPoolExecutor.java:1114)
 java.base@11.0.30/java.util.concurrent.ThreadPoolExecutor$Worker.run(ThreadPoolExecutor.java:628)
 java.base@11.0.30/java.lang.Thread.run(Thread.java:834)
2026-06-22 16:13:04.962 ERROR [o.s.boot.SpringApplication] Application run failed
Caused by: java.lang.IllegalArgumentException: Could not resolve placeholder 'mail.send.flag' in value "${mail.send.flag}"
	at at org.springframework.util.PropertyPlaceholderHelper.parseStringValue(PropertyPlaceholderHelper.java:180)
Caused by: org.springframework.beans.factory.BeanCreationException: Error creating bean with name 'mailManager': Injection of autowired dependencies failed; nested exception is java.lang.IllegalArgumentException: Could not resolve placeholder 'mail.send.flag' in value "${mail.send.flag}"
	at at org.springframework.beans.factory.annotation.AutowiredAnnotationBeanPostProcessor.postProcessProperties(AutowiredAnnotationBeanPostProcessor.java:414)
Caused by: org.springframework.beans.factory.UnsatisfiedDependencyException: Error creating bean with name 'sendEmailServiceImpl': Unsatisfied dependency expressed through field 'mailManger'; nested exception is org.springframework.beans.factory.BeanCreationException: Error creating bean with name 'mailManager': Injection of autowired dependencies failed; nested exception is java.lang.IllegalArgumentException: Could not resolve placeholder 'mail.send.flag' in value "${mail.send.flag}"
	at at org.springframework.beans.factory.annotation.AutowiredAnnotationBeanPostProcessor$AutowiredFieldElement.resolveFieldValue(AutowiredAnnotationBeanPostProcessor.java:713)
Caused by: org.springframework.beans.factory.UnsatisfiedDependencyException: Error creating bean with name 'mailSendApprovalManager': Unsatisfied dependency expressed through field 'sendEmailService'; nested exception is org.springframework.beans.factory.UnsatisfiedDependencyException: Error creating bean with name 'sendEmailServiceImpl': Unsatisfied dependency expressed through field 'mailManger'; nested exception is org.springframework.beans.factory.BeanCreationException: Error creating bean with name 'mailManager': Injection of autowired dependencies failed; nested exception is java.lang.IllegalArgumentException: Could not resolve placeholder 'mail.send.flag' in value "${mail.send.flag}"
	at at org.springframework.beans.factory.annotation.AutowiredAnnotationBeanPostProcessor$AutowiredFieldElement.resolveFieldValue(AutowiredAnnotationBeanPostProcessor.java:713)
org.springframework.beans.factory.UnsatisfiedDependencyException: Error creating bean with name 'essLeaveApplyController': Unsatisfied dependency expressed through field 'mailSendApprovalManager'; nested exception is org.springframework.beans.factory.UnsatisfiedDependencyException: Error creating bean with name 'mailSendApprovalManager': Unsatisfied dependency expressed through field 'sendEmailService'; nested exception is org.springframework.beans.factory.UnsatisfiedDependencyException: Error creating bean with name 'sendEmailServiceImpl': Unsatisfied dependency expressed through field 'mailManger'; nested exception is org.springframework.beans.factory.BeanCreationException: Error creating bean with name 'mailManager': Injection of autowired dependencies failed; nested exception is java.lang.IllegalArgumentException: Could not resolve placeholder 'mail.send.flag' in value "${mail.send.flag}"
	at at org.springframework.beans.factory.annotation.AutowiredAnnotationBeanPostProcessor$AutowiredFieldElement.resolveFieldValue(AutowiredAnnotationBeanPostProcessor.java:713)
2026-06-22 16:20:54.253 WARN  [o.s.b.w.s.c.AnnotationConfigServletWebServerApplicationContext] Exception encountered during context initialization - cancelling refresh attempt: org.springframework.beans.factory.UnsatisfiedDependencyException: Error creating bean with name 'essLeaveApplyController': Unsatisfied dependency expressed through field 'mailSendApprovalManager'; nested exception is org.springframework.beans.factory.UnsatisfiedDependencyException: Error creating bean with name 'mailSendApprovalManager': Unsatisfied dependency expressed through field 'sendEmailService'; nested exception is org.springframework.beans.factory.UnsatisfiedDependencyException: Error creating bean with name 'sendEmailServiceImpl': Unsatisfied dependency expressed through field 'mailManger'; nested exception is org.springframework.beans.factory.BeanCreationException: Error creating bean with name 'mailManager': Injection of autowired dependencies failed; nested exception is java.lang.IllegalArgumentException: Could not resolve placeholder 'mail.send.flag' in value "${mail.send.flag}"
2026-06-22 16:20:54.333 WARN  [o.a.c.l.WebappClassLoaderBase] The web application [ROOT] appears to have started a thread named [oracle.jdbc.driver.BlockSource.ThreadedCachingBlockSource.BlockReleaser] but has failed to stop it. This is very likely to create a memory leak. Stack trace of thread:
 java.base@11.0.30/jdk.internal.misc.Unsafe.park(Native Method)
 java.base@11.0.30/java.util.concurrent.locks.LockSupport.parkNanos(LockSupport.java:234)
 java.base@11.0.30/java.util.concurrent.locks.AbstractQueuedSynchronizer$ConditionObject.awaitNanos(AbstractQueuedSynchronizer.java:2123)
 app//oracle.jdbc.internal.Monitor$WaitableMonitor.monitorWait(Monitor.java:258)
 app//oracle.jdbc.internal.Monitor$WaitableMonitor.monitorWait(Monitor.java:240)
 app//oracle.jdbc.driver.BlockSource$ThreadedCachingBlockSource$BlockReleaser.run(BlockSource.java:345)
2026-06-22 16:20:54.335 WARN  [o.a.c.l.WebappClassLoaderBase] The web application [ROOT] appears to have started a thread named [InterruptTimer] but has failed to stop it. This is very likely to create a memory leak. Stack trace of thread:
 java.base@11.0.30/java.lang.Object.wait(Native Method)
 java.base@11.0.30/java.util.TimerThread.mainLoop(Timer.java:553)
 java.base@11.0.30/java.util.TimerThread.run(Timer.java:506)
2026-06-22 16:20:54.336 WARN  [o.a.c.l.WebappClassLoaderBase] The web application [ROOT] appears to have started a thread named [OJDBC-WORKER-THREAD-1] but has failed to stop it. This is very likely to create a memory leak. Stack trace of thread:
 java.base@11.0.30/jdk.internal.misc.Unsafe.park(Native Method)
 java.base@11.0.30/java.util.concurrent.locks.LockSupport.parkNanos(LockSupport.java:234)
 java.base@11.0.30/java.util.concurrent.SynchronousQueue$TransferStack.awaitFulfill(SynchronousQueue.java:462)
 java.base@11.0.30/java.util.concurrent.SynchronousQueue$TransferStack.transfer(SynchronousQueue.java:361)
 java.base@11.0.30/java.util.concurrent.SynchronousQueue.poll(SynchronousQueue.java:937)
 java.base@11.0.30/java.util.concurrent.ThreadPoolExecutor.getTask(ThreadPoolExecutor.java:1053)
 java.base@11.0.30/java.util.concurrent.ThreadPoolExecutor.runWorker(ThreadPoolExecutor.java:1114)
 java.base@11.0.30/java.util.concurrent.ThreadPoolExecutor$Worker.run(ThreadPoolExecutor.java:628)
 java.base@11.0.30/java.lang.Thread.run(Thread.java:834)
2026-06-22 16:20:54.394 ERROR [o.s.boot.SpringApplication] Application run failed
Caused by: java.lang.IllegalArgumentException: Could not resolve placeholder 'mail.send.flag' in value "${mail.send.flag}"
	at at org.springframework.util.PropertyPlaceholderHelper.parseStringValue(PropertyPlaceholderHelper.java:180)
Caused by: org.springframework.beans.factory.BeanCreationException: Error creating bean with name 'mailManager': Injection of autowired dependencies failed; nested exception is java.lang.IllegalArgumentException: Could not resolve placeholder 'mail.send.flag' in value "${mail.send.flag}"
	at at org.springframework.beans.factory.annotation.AutowiredAnnotationBeanPostProcessor.postProcessProperties(AutowiredAnnotationBeanPostProcessor.java:414)
Caused by: org.springframework.beans.factory.UnsatisfiedDependencyException: Error creating bean with name 'sendEmailServiceImpl': Unsatisfied dependency expressed through field 'mailManger'; nested exception is org.springframework.beans.factory.BeanCreationException: Error creating bean with name 'mailManager': Injection of autowired dependencies failed; nested exception is java.lang.IllegalArgumentException: Could not resolve placeholder 'mail.send.flag' in value "${mail.send.flag}"
	at at org.springframework.beans.factory.annotation.AutowiredAnnotationBeanPostProcessor$AutowiredFieldElement.resolveFieldValue(AutowiredAnnotationBeanPostProcessor.java:713)
Caused by: org.springframework.beans.factory.UnsatisfiedDependencyException: Error creating bean with name 'mailSendApprovalManager': Unsatisfied dependency expressed through field 'sendEmailService'; nested exception is org.springframework.beans.factory.UnsatisfiedDependencyException: Error creating bean with name 'sendEmailServiceImpl': Unsatisfied dependency expressed through field 'mailManger'; nested exception is org.springframework.beans.factory.BeanCreationException: Error creating bean with name 'mailManager': Injection of autowired dependencies failed; nested exception is java.lang.IllegalArgumentException: Could not resolve placeholder 'mail.send.flag' in value "${mail.send.flag}"
	at at org.springframework.beans.factory.annotation.AutowiredAnnotationBeanPostProcessor$AutowiredFieldElement.resolveFieldValue(AutowiredAnnotationBeanPostProcessor.java:713)
org.springframework.beans.factory.UnsatisfiedDependencyException: Error creating bean with name 'essLeaveApplyController': Unsatisfied dependency expressed through field 'mailSendApprovalManager'; nested exception is org.springframework.beans.factory.UnsatisfiedDependencyException: Error creating bean with name 'mailSendApprovalManager': Unsatisfied dependency expressed through field 'sendEmailService'; nested exception is org.springframework.beans.factory.UnsatisfiedDependencyException: Error creating bean with name 'sendEmailServiceImpl': Unsatisfied dependency expressed through field 'mailManger'; nested exception is org.springframework.beans.factory.BeanCreationException: Error creating bean with name 'mailManager': Injection of autowired dependencies failed; nested exception is java.lang.IllegalArgumentException: Could not resolve placeholder 'mail.send.flag' in value "${mail.send.flag}"
	at at org.springframework.beans.factory.annotation.AutowiredAnnotationBeanPostProcessor$AutowiredFieldElement.resolveFieldValue(AutowiredAnnotationBeanPostProcessor.java:713)
2026-06-22 16:28:32.436 WARN  [o.s.b.w.s.c.AnnotationConfigServletWebServerApplicationContext] Exception encountered during context initialization - cancelling refresh attempt: org.springframework.beans.factory.UnsatisfiedDependencyException: Error creating bean with name 'essLeaveApplyController': Unsatisfied dependency expressed through field 'mailSendApprovalManager'; nested exception is org.springframework.beans.factory.UnsatisfiedDependencyException: Error creating bean with name 'mailSendApprovalManager': Unsatisfied dependency expressed through field 'sendEmailService'; nested exception is org.springframework.beans.factory.UnsatisfiedDependencyException: Error creating bean with name 'sendEmailServiceImpl': Unsatisfied dependency expressed through field 'mailSendApprovalManager'; nested exception is org.springframework.beans.factory.BeanCurrentlyInCreationException: Error creating bean with name 'mailSendApprovalManager': Requested bean is currently in creation: Is there an unresolvable circular reference?
2026-06-22 16:28:32.513 WARN  [o.a.c.l.WebappClassLoaderBase] The web application [ROOT] appears to have started a thread named [oracle.jdbc.driver.BlockSource.ThreadedCachingBlockSource.BlockReleaser] but has failed to stop it. This is very likely to create a memory leak. Stack trace of thread:
 java.base@11.0.30/jdk.internal.misc.Unsafe.park(Native Method)
 java.base@11.0.30/java.util.concurrent.locks.LockSupport.parkNanos(LockSupport.java:234)
 java.base@11.0.30/java.util.concurrent.locks.AbstractQueuedSynchronizer$ConditionObject.awaitNanos(AbstractQueuedSynchronizer.java:2123)
 app//oracle.jdbc.internal.Monitor$WaitableMonitor.monitorWait(Monitor.java:258)
 app//oracle.jdbc.internal.Monitor$WaitableMonitor.monitorWait(Monitor.java:240)
 app//oracle.jdbc.driver.BlockSource$ThreadedCachingBlockSource$BlockReleaser.run(BlockSource.java:345)
2026-06-22 16:28:32.515 WARN  [o.a.c.l.WebappClassLoaderBase] The web application [ROOT] appears to have started a thread named [InterruptTimer] but has failed to stop it. This is very likely to create a memory leak. Stack trace of thread:
 java.base@11.0.30/java.lang.Object.wait(Native Method)
 java.base@11.0.30/java.util.TimerThread.mainLoop(Timer.java:553)
 java.base@11.0.30/java.util.TimerThread.run(Timer.java:506)
2026-06-22 16:28:32.515 WARN  [o.a.c.l.WebappClassLoaderBase] The web application [ROOT] appears to have started a thread named [OJDBC-WORKER-THREAD-1] but has failed to stop it. This is very likely to create a memory leak. Stack trace of thread:
 java.base@11.0.30/jdk.internal.misc.Unsafe.park(Native Method)
 java.base@11.0.30/java.util.concurrent.locks.LockSupport.parkNanos(LockSupport.java:234)
 java.base@11.0.30/java.util.concurrent.SynchronousQueue$TransferStack.awaitFulfill(SynchronousQueue.java:462)
 java.base@11.0.30/java.util.concurrent.SynchronousQueue$TransferStack.transfer(SynchronousQueue.java:361)
 java.base@11.0.30/java.util.concurrent.SynchronousQueue.poll(SynchronousQueue.java:937)
 java.base@11.0.30/java.util.concurrent.ThreadPoolExecutor.getTask(ThreadPoolExecutor.java:1053)
 java.base@11.0.30/java.util.concurrent.ThreadPoolExecutor.runWorker(ThreadPoolExecutor.java:1114)
 java.base@11.0.30/java.util.concurrent.ThreadPoolExecutor$Worker.run(ThreadPoolExecutor.java:628)
 java.base@11.0.30/java.lang.Thread.run(Thread.java:834)
2026-06-22 16:28:32.594 ERROR [o.s.b.d.LoggingFailureAnalysisReporter] 

***************************
APPLICATION FAILED TO START
***************************

Description:

The dependencies of some of the beans in the application context form a cycle:

   essLeaveApplyController (field private com.ait.util.MailSendApprovalManager com.ait.ar.attendanceMintenance.controller.EssLeaveApplyController.mailSendApprovalManager)
┌─────┐
|  mailSendApprovalManager (field private com.ait.sy.sys.service.SendEmailService com.ait.util.MailSendApprovalManager.sendEmailService)
↑     ↓
|  sendEmailServiceImpl (field com.ait.util.MailSendApprovalManager com.ait.sy.sys.service.impl.SendEmailServiceImpl.mailSendApprovalManager)
└─────┘


Action:

Relying upon circular references is discouraged and they are prohibited by default. Update your application to remove the dependency cycle between beans. As a last resort, it may be possible to break the cycle automatically by setting spring.main.allow-circular-references to true.

