2026-06-23 04:13:09.869 WARN  [o.s.b.w.s.c.AnnotationConfigServletWebServerApplicationContext] Exception encountered during context initialization - cancelling refresh attempt: org.springframework.beans.factory.UnsatisfiedDependencyException: Error creating bean with name 'essLeaveApplyController': Unsatisfied dependency expressed through field 'mailSendApprovalManager'; nested exception is org.springframework.beans.factory.UnsatisfiedDependencyException: Error creating bean with name 'mailSendApprovalManager': Unsatisfied dependency expressed through field 'sendEmailService'; nested exception is org.springframework.beans.factory.UnsatisfiedDependencyException: Error creating bean with name 'sendEmailServiceImpl': Unsatisfied dependency expressed through field 'mailSendApprovalManager'; nested exception is org.springframework.beans.factory.BeanCurrentlyInCreationException: Error creating bean with name 'mailSendApprovalManager': Requested bean is currently in creation: Is there an unresolvable circular reference?
2026-06-23 04:13:10.006 WARN  [o.a.c.l.WebappClassLoaderBase] The web application [ROOT] appears to have started a thread named [oracle.jdbc.driver.BlockSource.ThreadedCachingBlockSource.BlockReleaser] but has failed to stop it. This is very likely to create a memory leak. Stack trace of thread:
 java.base@11.0.30/jdk.internal.misc.Unsafe.park(Native Method)
 java.base@11.0.30/java.util.concurrent.locks.LockSupport.parkNanos(LockSupport.java:234)
 java.base@11.0.30/java.util.concurrent.locks.AbstractQueuedSynchronizer$ConditionObject.awaitNanos(AbstractQueuedSynchronizer.java:2123)
 app//oracle.jdbc.internal.Monitor$WaitableMonitor.monitorWait(Monitor.java:258)
 app//oracle.jdbc.internal.Monitor$WaitableMonitor.monitorWait(Monitor.java:240)
 app//oracle.jdbc.driver.BlockSource$ThreadedCachingBlockSource$BlockReleaser.run(BlockSource.java:345)
2026-06-23 04:13:10.009 WARN  [o.a.c.l.WebappClassLoaderBase] The web application [ROOT] appears to have started a thread named [InterruptTimer] but has failed to stop it. This is very likely to create a memory leak. Stack trace of thread:
 java.base@11.0.30/java.lang.Object.wait(Native Method)
 java.base@11.0.30/java.util.TimerThread.mainLoop(Timer.java:553)
 java.base@11.0.30/java.util.TimerThread.run(Timer.java:506)
2026-06-23 04:13:10.013 WARN  [o.a.c.l.WebappClassLoaderBase] The web application [ROOT] appears to have started a thread named [OJDBC-WORKER-THREAD-1] but has failed to stop it. This is very likely to create a memory leak. Stack trace of thread:
 java.base@11.0.30/jdk.internal.misc.Unsafe.park(Native Method)
 java.base@11.0.30/java.util.concurrent.locks.LockSupport.parkNanos(LockSupport.java:234)
 java.base@11.0.30/java.util.concurrent.SynchronousQueue$TransferStack.awaitFulfill(SynchronousQueue.java:462)
 java.base@11.0.30/java.util.concurrent.SynchronousQueue$TransferStack.transfer(SynchronousQueue.java:361)
 java.base@11.0.30/java.util.concurrent.SynchronousQueue.poll(SynchronousQueue.java:937)
 java.base@11.0.30/java.util.concurrent.ThreadPoolExecutor.getTask(ThreadPoolExecutor.java:1053)
 java.base@11.0.30/java.util.concurrent.ThreadPoolExecutor.runWorker(ThreadPoolExecutor.java:1114)
 java.base@11.0.30/java.util.concurrent.ThreadPoolExecutor$Worker.run(ThreadPoolExecutor.java:628)
 java.base@11.0.30/java.lang.Thread.run(Thread.java:834)
2026-06-23 04:13:10.281 ERROR [o.s.b.d.LoggingFailureAnalysisReporter] 

***************************
APPLICATION FAILED TO START
***************************

Description:

The dependencies of some of the beans in the application context form a cycle:

   essLeaveApplyController (field private com.ait.util.MailSendApprovalManager com.ait.ar.attendanceMintenance.controller.EssLeaveApplyController.mailSendApprovalManager)
┌─────┐
|  mailSendApprovalManager (field private com.ait.sy.sys.service.SendEmailService com.ait.util.MailSendApprovalManager.sendEmailService)
↑     ↓
|  sendEmailServiceImpl (field com.ait.util.MailSendApprovalManager com.ait.sy.sys.service.impl.SendEmailServiceImpl.mailSendApprovalManager)
└─────┘


Action:

Relying upon circular references is discouraged and they are prohibited by default. Update your application to remove the dependency cycle between beans. As a last resort, it may be possible to break the cycle automatically by setting spring.main.allow-circular-references to true.

2026-06-23 13:13:56.931 WARN  [o.s.b.a.s.s.UserDetailsServiceAutoConfiguration] 

Using generated security password: f0623b13-542d-4870-aff4-2c00b5352965

This generated password is for development use only. Your security configuration must be updated before running your application in production.

2026-06-23 13:24:40.589 WARN  [o.a.c.u.SessionIdGeneratorBase] Creation of SecureRandom instance for session ID generation using [SHA1PRNG] took [314] milliseconds.
2026-06-23 13:24:41.376 INFO  [c.a.s.s.s.i.LoggingServiceImpl] [API_ERROR] API GET /error returned 404 in 68ms [correlationId=f22eb6c2-2776-4690-aa2f-4287090e976b] [ip=0:0:0:0:0:0:0:1] [context={duration=68, referer=http://localhost:8080/login, endpoint=/error, method=GET, responseTime=68, userAgent=Mozilla/5.0 (Windows NT 10.0; Win64; x64) AppleWebKit/537.36 (KHTML, like Gecko) Chrome/149.0.0.0 Safari/537.36, statusCode=404}]
2026-06-23 13:24:41.379 INFO  [c.a.s.s.s.i.LoggingServiceImpl] [SYSTEM_EVENT] HTTP 404 error for GET /error [correlationId=f22eb6c2-2776-4690-aa2f-4287090e976b] [ip=0:0:0:0:0:0:0:1] [context={duration=68, referer=http://localhost:8080/login, endpoint=/error, method=GET, userAgent=Mozilla/5.0 (Windows NT 10.0; Win64; x64) AppleWebKit/537.36 (KHTML, like Gecko) Chrome/149.0.0.0 Safari/537.36, statusCode=404}]
2026-06-23 14:00:00.011 INFO  [c.a.a.a.s.ArMacRecordEatScheduler] [AutoImportMeal] Bắt đầu tự động đọc dữ liệu suất ăn: fromDate=2026-06-21, toDate=2026-06-23
2026-06-23 14:00:00.117 INFO  [c.a.a.a.s.i.ArMacRecordEatServiceImpl] [importMealFromDevice] Bắt đầu đọc dữ liệu suất ăn, fromDate=2026-06-21, toDate=2026-06-23
2026-06-23 14:00:30.419 ERROR [c.a.a.a.s.i.ArMacRecordEatServiceImpl] [importMealFromDevice] Lỗi kết nối hoặc xử lý dữ liệu
com.microsoft.sqlserver.jdbc.SQLServerException: The TCP/IP connection to the host 10.43.7.249, port 1433 has failed. Error: "connect timed out. Verify the connection properties. Make sure that an instance of SQL Server is running on the host and accepting TCP/IP connections at the port. Make sure that TCP connections to the port are not blocked by a firewall.".
	at at com.microsoft.sqlserver.jdbc.SQLServerException.makeFromDriverError(SQLServerException.java:231)
2026-06-23 14:00:30.450 ERROR [c.a.a.a.s.ArMacRecordEatScheduler] [AutoImportMeal] Thất bại: Lỗi kết nối máy chủ suất ăn: The TCP/IP connection to the host 10.43.7.249, port 1433 has failed. Error: "connect timed out. Verify the connection properties. Make sure that an instance of SQL Server is running on the host and accepting TCP/IP connections at the port. Make sure that TCP connections to the port are not blocked by a firewall.".
2026-06-23 14:05:00.010 INFO  [c.a.a.a.s.ArCardRecordScheduler] [AutoImport] Bắt đầu tự động đọc dữ liệu quẹt thẻ: fromDate=2026-06-21, toDate=2026-06-23
2026-06-23 14:05:00.076 INFO  [c.a.a.a.s.i.ArCardRecordServiceImpl] [importFromDevice] Bắt đầu đọc dữ liệu quẹt thẻ từ máy chủ, fromDate=2026-06-21, toDate=2026-06-23
2026-06-23 14:05:30.088 ERROR [c.a.a.a.s.i.ArCardRecordServiceImpl] [importFromDevice] Lỗi kết nối hoặc xử lý dữ liệu
com.microsoft.sqlserver.jdbc.SQLServerException: The TCP/IP connection to the host 10.43.7.249, port 1433 has failed. Error: "connect timed out. Verify the connection properties. Make sure that an instance of SQL Server is running on the host and accepting TCP/IP connections at the port. Make sure that TCP connections to the port are not blocked by a firewall.".
	at at com.microsoft.sqlserver.jdbc.SQLServerException.makeFromDriverError(SQLServerException.java:231)
2026-06-23 14:05:30.103 ERROR [c.a.a.a.s.ArCardRecordScheduler] [AutoImport] Thất bại: Lỗi kết nối máy chủ quẹt thẻ: The TCP/IP connection to the host 10.43.7.249, port 1433 has failed. Error: "connect timed out. Verify the connection properties. Make sure that an instance of SQL Server is running on the host and accepting TCP/IP connections at the port. Make sure that TCP connections to the port are not blocked by a firewall.".
2026-06-23 15:05:00.012 INFO  [c.a.a.a.s.ArCardRecordScheduler] [AutoImport] Bắt đầu tự động đọc dữ liệu quẹt thẻ: fromDate=2026-06-21, toDate=2026-06-23
2026-06-23 15:05:00.039 INFO  [c.a.a.a.s.i.ArCardRecordServiceImpl] [importFromDevice] Bắt đầu đọc dữ liệu quẹt thẻ từ máy chủ, fromDate=2026-06-21, toDate=2026-06-23
2026-06-23 15:05:30.053 ERROR [c.a.a.a.s.i.ArCardRecordServiceImpl] [importFromDevice] Lỗi kết nối hoặc xử lý dữ liệu
com.microsoft.sqlserver.jdbc.SQLServerException: The TCP/IP connection to the host 10.43.7.249, port 1433 has failed. Error: "connect timed out. Verify the connection properties. Make sure that an instance of SQL Server is running on the host and accepting TCP/IP connections at the port. Make sure that TCP connections to the port are not blocked by a firewall.".
	at at com.microsoft.sqlserver.jdbc.SQLServerException.makeFromDriverError(SQLServerException.java:231)
2026-06-23 15:05:30.071 ERROR [c.a.a.a.s.ArCardRecordScheduler] [AutoImport] Thất bại: Lỗi kết nối máy chủ quẹt thẻ: The TCP/IP connection to the host 10.43.7.249, port 1433 has failed. Error: "connect timed out. Verify the connection properties. Make sure that an instance of SQL Server is running on the host and accepting TCP/IP connections at the port. Make sure that TCP connections to the port are not blocked by a firewall.".
2026-06-23 16:05:00.004 INFO  [c.a.a.a.s.ArCardRecordScheduler] [AutoImport] Bắt đầu tự động đọc dữ liệu quẹt thẻ: fromDate=2026-06-21, toDate=2026-06-23
2026-06-23 16:05:00.025 INFO  [c.a.a.a.s.i.ArCardRecordServiceImpl] [importFromDevice] Bắt đầu đọc dữ liệu quẹt thẻ từ máy chủ, fromDate=2026-06-21, toDate=2026-06-23
2026-06-23 16:05:30.032 ERROR [c.a.a.a.s.i.ArCardRecordServiceImpl] [importFromDevice] Lỗi kết nối hoặc xử lý dữ liệu
com.microsoft.sqlserver.jdbc.SQLServerException: The TCP/IP connection to the host 10.43.7.249, port 1433 has failed. Error: "connect timed out. Verify the connection properties. Make sure that an instance of SQL Server is running on the host and accepting TCP/IP connections at the port. Make sure that TCP connections to the port are not blocked by a firewall.".
	at at com.microsoft.sqlserver.jdbc.SQLServerException.makeFromDriverError(SQLServerException.java:231)
2026-06-23 16:05:30.047 ERROR [c.a.a.a.s.ArCardRecordScheduler] [AutoImport] Thất bại: Lỗi kết nối máy chủ quẹt thẻ: The TCP/IP connection to the host 10.43.7.249, port 1433 has failed. Error: "connect timed out. Verify the connection properties. Make sure that an instance of SQL Server is running on the host and accepting TCP/IP connections at the port. Make sure that TCP connections to the port are not blocked by a firewall.".
2026-06-23 17:05:00.017 INFO  [c.a.a.a.s.ArCardRecordScheduler] [AutoImport] Bắt đầu tự động đọc dữ liệu quẹt thẻ: fromDate=2026-06-21, toDate=2026-06-23
2026-06-23 17:05:00.061 INFO  [c.a.a.a.s.i.ArCardRecordServiceImpl] [importFromDevice] Bắt đầu đọc dữ liệu quẹt thẻ từ máy chủ, fromDate=2026-06-21, toDate=2026-06-23
2026-06-23 17:05:30.081 ERROR [c.a.a.a.s.i.ArCardRecordServiceImpl] [importFromDevice] Lỗi kết nối hoặc xử lý dữ liệu
com.microsoft.sqlserver.jdbc.SQLServerException: The TCP/IP connection to the host 10.43.7.249, port 1433 has failed. Error: "connect timed out. Verify the connection properties. Make sure that an instance of SQL Server is running on the host and accepting TCP/IP connections at the port. Make sure that TCP connections to the port are not blocked by a firewall.".
	at at com.microsoft.sqlserver.jdbc.SQLServerException.makeFromDriverError(SQLServerException.java:231)
2026-06-23 17:05:30.099 ERROR [c.a.a.a.s.ArCardRecordScheduler] [AutoImport] Thất bại: Lỗi kết nối máy chủ quẹt thẻ: The TCP/IP connection to the host 10.43.7.249, port 1433 has failed. Error: "connect timed out. Verify the connection properties. Make sure that an instance of SQL Server is running on the host and accepting TCP/IP connections at the port. Make sure that TCP connections to the port are not blocked by a firewall.".
